Component: ARM Compiler 5.06 update 3 (build 300) Tool: armlink [4d35c9]

==============================================================================

Section Cross References

    main.o(i.GUIThread) refers to gui_core.o(i.GUI_Init) for GUI_Init
    main.o(i.GUIThread) refers to gui_dispstring.o(i.GUI_DispString) for GUI_DispString
    main.o(i.GUIThread) refers to rtx_kernel.o(i.osKernelGetTickCount) for osKernelGetTickCount
    main.o(i.GUIThread) refers to gui_core.o(i.GUI_Clear) for GUI_Clear
    main.o(i.GUIThread) refers to stm32f429i_discovery_gyroscope.o(i.BSP_GYRO_GetXYZ) for BSP_GYRO_GetXYZ
    main.o(i.GUIThread) refers to gui_valf.o(i.GUI_DispFloat) for GUI_DispFloat
    main.o(i.GUIThread) refers to gui_exec.o(i.GUI_Exec) for GUI_Exec
    main.o(i.GUIThread) refers to gui_x_rte.o(i.GUI_X_ExecIdle) for GUI_X_ExecIdle
    main.o(i.GUIThread) refers to rtx_delay.o(i.osDelayUntil) for osDelayUntil
    main.o(i.SystemClock_Config) refers to stm32f4xx_hal_rcc.o(i.HAL_RCC_OscConfig) for HAL_RCC_OscConfig
    main.o(i.SystemClock_Config) refers to stm32f4xx_hal_rcc.o(i.HAL_RCC_ClockConfig) for HAL_RCC_ClockConfig
    main.o(i.main) refers to rtx_kernel.o(i.osKernelInitialize) for osKernelInitialize
    main.o(i.main) refers to stm32f4xx_hal.o(i.HAL_Init) for HAL_Init
    main.o(i.main) refers to main.o(i.SystemClock_Config) for SystemClock_Config
    main.o(i.main) refers to stm32f429i_discovery_gyroscope.o(i.BSP_GYRO_Init) for BSP_GYRO_Init
    main.o(i.main) refers to rtx_thread.o(i.osThreadNew) for osThreadNew
    main.o(i.main) refers to rtx_kernel.o(i.osKernelStart) for osKernelStart
    main.o(i.main) refers to main.o(i.GUIThread) for GUIThread
    stm32f429i_discovery_gyroscope.o(i.BSP_GYRO_DisableIT) refers to stm32f429i_discovery_gyroscope.o(.data) for GyroscopeDrv
    stm32f429i_discovery_gyroscope.o(i.BSP_GYRO_EnableIT) refers to stm32f429i_discovery_gyroscope.o(.data) for GyroscopeDrv
    stm32f429i_discovery_gyroscope.o(i.BSP_GYRO_GetXYZ) refers to stm32f429i_discovery_gyroscope.o(.data) for GyroscopeDrv
    stm32f429i_discovery_gyroscope.o(i.BSP_GYRO_ITConfig) refers to stm32f429i_discovery_gyroscope.o(.data) for GyroscopeDrv
    stm32f429i_discovery_gyroscope.o(i.BSP_GYRO_Init) refers to l3gd20.o(.data) for L3gd20Drv
    stm32f429i_discovery_gyroscope.o(i.BSP_GYRO_Init) refers to stm32f429i_discovery_gyroscope.o(.data) for GyroscopeDrv
    stm32f429i_discovery_gyroscope.o(i.BSP_GYRO_ReadID) refers to stm32f429i_discovery_gyroscope.o(.data) for GyroscopeDrv
    stm32f429i_discovery_gyroscope.o(i.BSP_GYRO_Reset) refers to stm32f429i_discovery_gyroscope.o(.data) for GyroscopeDrv
    l3gd20.o(i.L3GD20_DisableIT) refers to stm32f429i_discovery.o(i.GYRO_IO_Read) for GYRO_IO_Read
    l3gd20.o(i.L3GD20_DisableIT) refers to stm32f429i_discovery.o(i.GYRO_IO_Write) for GYRO_IO_Write
    l3gd20.o(i.L3GD20_EnableIT) refers to stm32f429i_discovery.o(i.GYRO_IO_Read) for GYRO_IO_Read
    l3gd20.o(i.L3GD20_EnableIT) refers to stm32f429i_discovery.o(i.GYRO_IO_Write) for GYRO_IO_Write
    l3gd20.o(i.L3GD20_FilterCmd) refers to stm32f429i_discovery.o(i.GYRO_IO_Read) for GYRO_IO_Read
    l3gd20.o(i.L3GD20_FilterCmd) refers to stm32f429i_discovery.o(i.GYRO_IO_Write) for GYRO_IO_Write
    l3gd20.o(i.L3GD20_FilterConfig) refers to stm32f429i_discovery.o(i.GYRO_IO_Read) for GYRO_IO_Read
    l3gd20.o(i.L3GD20_FilterConfig) refers to stm32f429i_discovery.o(i.GYRO_IO_Write) for GYRO_IO_Write
    l3gd20.o(i.L3GD20_GetDataStatus) refers to stm32f429i_discovery.o(i.GYRO_IO_Read) for GYRO_IO_Read
    l3gd20.o(i.L3GD20_INT1InterruptConfig) refers to stm32f429i_discovery.o(i.GYRO_IO_Read) for GYRO_IO_Read
    l3gd20.o(i.L3GD20_INT1InterruptConfig) refers to stm32f429i_discovery.o(i.GYRO_IO_Write) for GYRO_IO_Write
    l3gd20.o(i.L3GD20_Init) refers to stm32f429i_discovery.o(i.GYRO_IO_Init) for GYRO_IO_Init
    l3gd20.o(i.L3GD20_Init) refers to stm32f429i_discovery.o(i.GYRO_IO_Write) for GYRO_IO_Write
    l3gd20.o(i.L3GD20_ReadID) refers to stm32f429i_discovery.o(i.GYRO_IO_Init) for GYRO_IO_Init
    l3gd20.o(i.L3GD20_ReadID) refers to stm32f429i_discovery.o(i.GYRO_IO_Read) for GYRO_IO_Read
    l3gd20.o(i.L3GD20_ReadXYZAngRate) refers to stm32f429i_discovery.o(i.GYRO_IO_Read) for GYRO_IO_Read
    l3gd20.o(i.L3GD20_RebootCmd) refers to stm32f429i_discovery.o(i.GYRO_IO_Read) for GYRO_IO_Read
    l3gd20.o(i.L3GD20_RebootCmd) refers to stm32f429i_discovery.o(i.GYRO_IO_Write) for GYRO_IO_Write
    l3gd20.o(.data) refers to l3gd20.o(i.L3GD20_Init) for L3GD20_Init
    l3gd20.o(.data) refers to l3gd20.o(i.L3GD20_ReadID) for L3GD20_ReadID
    l3gd20.o(.data) refers to l3gd20.o(i.L3GD20_RebootCmd) for L3GD20_RebootCmd
    l3gd20.o(.data) refers to l3gd20.o(i.L3GD20_INT1InterruptConfig) for L3GD20_INT1InterruptConfig
    l3gd20.o(.data) refers to l3gd20.o(i.L3GD20_EnableIT) for L3GD20_EnableIT
    l3gd20.o(.data) refers to l3gd20.o(i.L3GD20_DisableIT) for L3GD20_DisableIT
[...]
    0x080023fc   0x0000003e   Code   RO         7905    i.GUI_MEMDEV__WriteToActiveOpaque  GUI_CM4F_L.lib(guidev_writetoactiveopaque.o)
    0x0800243a   0x00000002   PAD
    0x0800243c   0x0000002c   Code   RO         6703    i.GUI_MULTIBUF_ConfirmEx  GUI_CM4F_L.lib(gui_multibuf.o)
    0x08002468   0x00000058   Code   RO         7700    i.GUI_MergeRect     GUI_CM4F_L.lib(gui_mergerect.o)
    0x080024c0   0x0000001e   Code   RO         7708    i.GUI_MoveRect      GUI_CM4F_L.lib(gui_moverect.o)
    0x080024de   0x00000002   PAD
    0x080024e0   0x00000034   Code   RO         7720    i.GUI_PollKeyMsg    GUI_CM4F_L.lib(gui_onkey.o)
    0x08002514   0x00000060   Code   RO         7443    i.GUI_ReadRectEx    GUI_CM4F_L.lib(lcd_readrect.o)
    0x08002574   0x00000038   Code   RO         7744    i.GUI_RectsIntersect  GUI_CM4F_L.lib(gui_rectsintersect.o)
    0x080025ac   0x00000010   Code   RO         7752    i.GUI_RestoreContext  GUI_CM4F_L.lib(gui_savecontext.o)
    0x080025bc   0x00000010   Code   RO         7753    i.GUI_SaveContext_W  GUI_CM4F_L.lib(gui_savecontext.o)
    0x080025cc   0x0000001a   Code   RO         7280    i.GUI_SelectLCD     GUI_CM4F_L.lib(gui_selectlcd.o)
    0x080025e6   0x00000002   PAD
    0x080025e8   0x00000038   Code   RO         6733    i.GUI_SelectLayer   GUI_CM4F_L.lib(gui_selectlayer.o)
    0x08002620   0x00000016   Code   RO         7762    i.GUI_SetBkColor    GUI_CM4F_L.lib(gui_setcolor.o)
    0x08002636   0x00000016   Code   RO         7763    i.GUI_SetColor      GUI_CM4F_L.lib(gui_setcolor.o)
    0x0800264c   0x0000000c   Code   RO         6609    i.GUI_SetDefaultFont  GUI_CM4F_L.lib(gui_core.o)
    0x08002658   0x00000018   Code   RO         8209    i.GUI_SetDrawMode   GUI_CM4F_L.lib(gui_setdrawmode.o)
    0x08002670   0x00000020   Code   RO         8217    i.GUI_SetFont       GUI_CM4F_L.lib(gui_setfont.o)
    0x08002690   0x0000000c   Code   RO         6495    i.GUI_SetFuncAlphaBlending  GUI_CM4F_L.lib(gui__alpha.o)
    0x0800269c   0x0000000c   Code   RO         6610    i.GUI_SetFuncGetpPalConvTable  GUI_CM4F_L.lib(gui_core.o)
    0x080026a8   0x0000000c   Code   RO         6496    i.GUI_SetFuncMixColors  GUI_CM4F_L.lib(gui__alpha.o)
    0x080026b4   0x0000000c   Code   RO         6497    i.GUI_SetFuncMixColorsBulk  GUI_CM4F_L.lib(gui__alpha.o)
    0x080026c0   0x0000001c   Code   RO         8225    i.GUI_SetLineStyle  GUI_CM4F_L.lib(gui_setlinestyle.o)
    0x080026dc   0x00000040   Code   RO         7288    i.GUI_SetOrg        GUI_CM4F_L.lib(gui_setorg.o)
    0x0800271c   0x0000001c   Code   RO         8098    i.GUI_SetPenSize    GUI_CM4F_L.lib(gui_pen.o)
    0x08002738   0x00000020   Code   RO         8233    i.GUI_SetTextAlign  GUI_CM4F_L.lib(gui_settextalign.o)
    0x08002758   0x00000020   Code   RO         8241    i.GUI_SetTextMode   GUI_CM4F_L.lib(gui_settextmode.o)
    0x08002778   0x00000010   Code   RO         7785    i.GUI_SignalEvent   GUI_CM4F_L.lib(gui_waitevent.o)
    0x08002788   0x00000010   Code   RO         7722    i.GUI_StoreKey      GUI_CM4F_L.lib(gui_onkey.o)
    0x08002798   0x00000026   Code   RO         8250    i.GUI_TIMER_Delete  GUI_CM4F_L.lib(gui_timer.o)
    0x080027be   0x00000032   Code   RO         8252    i.GUI_TIMER_GetFlag  GUI_CM4F_L.lib(gui_timer.o)
    0x080027f0   0x00000028   Code   RO         8258    i.GUI_TIMER__GetFirstTimer  GUI_CM4F_L.lib(gui_timer.o)
    0x08002818   0x00000036   Code   RO         8260    i.GUI_TIMER__GetNextTimerLin  GUI_CM4F_L.lib(gui_timer.o)
    0x0800284e   0x00000002   PAD
    0x08002850   0x00000010   Code   RO         5985    i.GUI_Tick          gui_x_rte.o
    0x08002860   0x0000002c   Code   RO         7325    i.GUI_UC__GetCharCodeInc  GUI_CM4F_L.lib(gui_uc.o)
    0x0800288c   0x00000028   Code   RO         7327    i.GUI_UC__NumChars2NumBytes  GUI_CM4F_L.lib(gui_uc.o)
    0x080028b4   0x00000028   Code   RO         7893    i.GUI_USAGE_AddRect  GUI_CM4F_L.lib(guidev_usage.o)
    0x080028dc   0x00000074   Code   RO         8416    i.GUI_USAGE_BM_AddHLine  GUI_CM4F_L.lib(guidev_usagebm.o)
    0x08002950   0x0000002c   Code   RO         8417    i.GUI_USAGE_BM_AddPixel  GUI_CM4F_L.lib(guidev_usagebm.o)
    0x0800297c   0x0000000e   Code   RO         8418    i.GUI_USAGE_BM_Clear  GUI_CM4F_L.lib(guidev_usagebm.o)
    0x0800298a   0x00000002   PAD
    0x0800298c   0x0000005c   Code   RO         8419    i.GUI_USAGE_BM_Create  GUI_CM4F_L.lib(guidev_usagebm.o)
    0x080029e8   0x0000009a   Code   RO         8420    i.GUI_USAGE_BM_GetNextDirty  GUI_CM4F_L.lib(guidev_usagebm.o)
    0x08002a82   0x0000002c   Code   RO         7894    i.GUI_USAGE_DecUseCnt  GUI_CM4F_L.lib(guidev_usage.o)
    0x08002aae   0x00000002   PAD
    0x08002ab0   0x00000014   Code   RO         7302    i.GUI_Unlock        GUI_CM4F_L.lib(gui_task.o)
    0x08002ac4   0x0000001c   Code   RO         6086    i.GUI_X_Config      guiconf.o
    0x08002ae0   0x0000000c   Code   RO         5986    i.GUI_X_Delay       gui_x_rte.o
    0x08002aec   0x0000000a   Code   RO         5988    i.GUI_X_ExecIdle    gui_x_rte.o
    0x08002af6   0x00000008   Code   RO         5989    i.GUI_X_GetTaskId   gui_x_rte.o
    0x08002afe   0x00000002   PAD
    0x08002b00   0x0000000c   Code   RO         5990    i.GUI_X_GetTime     gui_x_rte.o
    0x08002b0c   0x00000024   Code   RO         5991    i.GUI_X_Init        gui_x_rte.o
    0x08002b30   0x00000018   Code   RO         5992    i.GUI_X_InitOS      gui_x_rte.o
    0x08002b48   0x00000014   Code   RO         5993    i.GUI_X_Lock        gui_x_rte.o
    0x08002b5c   0x00000010   Code   RO         5996    i.GUI_X_Unlock      gui_x_rte.o
    0x08002b6c   0x00000016   Code   RO         6498    i.GUI__AllocAlphaBuffer  GUI_CM4F_L.lib(gui__alpha.o)
    0x08002b82   0x00000002   PAD
    0x08002b84   0x00000024   Code   RO         8136    i.GUI__AlphaPreserveTrans  GUI_CM4F_L.lib(gui_setalpha.o)
    0x08002ba8   0x00000124   Code   RO         8033    i.GUI__CompactPixelIndices  GUI_CM4F_L.lib(gui__compactpixelindices.o)
    0x08002ccc   0x0000000c   Code   RO         8034    i.GUI__CompactPixelIndicesEx  GUI_CM4F_L.lib(gui__compactpixelindices.o)
    0x08002cd8   0x00000038   Code   RO         6611    i.GUI__Config       GUI_CM4F_L.lib(gui_core.o)
    0x08002d10   0x00000168   Code   RO         8035    i.GUI__ConvertColor2Index  GUI_CM4F_L.lib(gui__compactpixelindices.o)
    0x08002e78   0x000000b0   Code   RO         7231    i.GUI__DispLine     GUI_CM4F_L.lib(gui_charline.o)
    0x08002f28   0x000001d0   Code   RO         6499    i.GUI__DoAlphaBlending  GUI_CM4F_L.lib(gui__alpha.o)
    0x080030f8   0x00000142   Code   RO         7183    i.GUI__ExpandPixelIndicesEx  GUI_CM4F_L.lib(gui__expandpixelindices.o)
    0x0800323a   0x00000002   PAD
    0x0800323c   0x0000009c   Code   RO         6500    i.GUI__GetAlphaBuffer  GUI_CM4F_L.lib(gui__alpha.o)
    0x080032d8   0x00000054   Code   RO         7232    i.GUI__GetLineDistX  GUI_CM4F_L.lib(gui_charline.o)
    0x0800332c   0x00000038   Code   RO         7233    i.GUI__GetLineNumChars  GUI_CM4F_L.lib(gui_charline.o)
    0x08003364   0x0000001c   Code   RO         8086    i.GUI__GetOrg       GUI_CM4F_L.lib(gui_getorg.o)
    0x08003380   0x00000018   Code   RO         7234    i.GUI__GetOverlap   GUI_CM4F_L.lib(gui_charline.o)
    0x08003398   0x0000003a   Code   RO         7625    i.GUI__IntersectRect  GUI_CM4F_L.lib(gui__intersectrect.o)
    0x080033d2   0x00000052   Code   RO         7633    i.GUI__IntersectRects  GUI_CM4F_L.lib(gui__intersectrects.o)
    0x08003424   0x00000010   Code   RO         7643    i.GUI__ManageCache  GUI_CM4F_L.lib(gui__managecache.o)
    0x08003434   0x000000d4   Code   RO         7644    i.GUI__ManageCacheEx  GUI_CM4F_L.lib(gui__managecache.o)
    0x08003508   0x00000066   Code   RO         6501    i.GUI__MixColors    GUI_CM4F_L.lib(gui__alpha.o)
    0x0800356e   0x0000004e   Code   RO         6502    i.GUI__MixColorsBulk  GUI_CM4F_L.lib(gui__alpha.o)
    0x080035bc   0x00000010   Code   RO         6612    i.GUI__RegisterExit  GUI_CM4F_L.lib(gui_core.o)
    0x080035cc   0x0000004c   Code   RO         7192    i.GUI__memset       GUI_CM4F_L.lib(gui__memset.o)
    0x08003618   0x0000003c   Code   RO         7660    i.GUI__memset16     GUI_CM4F_L.lib(gui__memset16.o)
    0x08003654   0x00000094   Code   RO          348    i.GYRO_IO_Init      stm32f429i_discovery.o
    0x080036e8   0x0000004c   Code   RO          349    i.GYRO_IO_Read      stm32f429i_discovery.o
    0x08003734   0x00000044   Code   RO          350    i.GYRO_IO_Write     stm32f429i_discovery.o
    0x08003778   0x000000aa   Code   RO         4179    i.HAL_DMA_Abort     stm32f4xx_hal_dma.o
    0x08003822   0x00000002   PAD
    0x08003824   0x00000180   Code   RO         4520    i.HAL_GPIO_DeInit   stm32f4xx_hal_gpio.o
    0x080039a4   0x0000021c   Code   RO         4523    i.HAL_GPIO_Init     stm32f4xx_hal_gpio.o
    0x08003bc0   0x0000000c   Code   RO         4527    i.HAL_GPIO_WritePin  stm32f4xx_hal_gpio.o
    0x08003bcc   0x0000000c   Code   RO         3904    i.HAL_GetTick       stm32f4xx_hal.o
    0x08003bd8   0x0000003c   Code   RO         3906    i.HAL_Init          stm32f4xx_hal.o
    0x08003c14   0x00000028   Code   RO         3907    i.HAL_InitTick      stm32f4xx_hal.o
    0x08003c3c   0x000000b4   Code   RO         4586    i.HAL_LTDC_ConfigCLUT  stm32f4xx_hal_ltdc.o
    0x08003cf0   0x00000060   Code   RO         4587    i.HAL_LTDC_ConfigColorKeying  stm32f4xx_hal_ltdc.o
    0x08003d50   0x0000005e   Code   RO         4589    i.HAL_LTDC_ConfigLayer  stm32f4xx_hal_ltdc.o
    0x08003dae   0x0000004c   Code   RO         4594    i.HAL_LTDC_DisableColorKeying  stm32f4xx_hal_ltdc.o
    0x08003dfa   0x0000004c   Code   RO         4597    i.HAL_LTDC_EnableCLUT  stm32f4xx_hal_ltdc.o
    0x08003e46   0x0000004c   Code   RO         4599    i.HAL_LTDC_EnableColorKeying  stm32f4xx_hal_ltdc.o
    0x08003e92   0x00000002   Code   RO         4602    i.HAL_LTDC_ErrorCallback  stm32f4xx_hal_ltdc.o
    0x08003e94   0x0000010c   Code   RO         4605    i.HAL_LTDC_IRQHandler  stm32f4xx_hal_ltdc.o
    0x08003fa0   0x00000128   Code   RO         4606    i.HAL_LTDC_Init     stm32f4xx_hal_ltdc.o
    0x080040c8   0x00000088   Code   RO         6103    i.HAL_LTDC_LineEventCallback  lcdconf.o
    0x08004150   0x00000002   Code   RO         4609    i.HAL_LTDC_MspInit  stm32f4xx_hal_ltdc.o
    0x08004152   0x00000002   PAD
    0x08004154   0x00000048   Code   RO         4610    i.HAL_LTDC_ProgramLineEvent  stm32f4xx_hal_ltdc.o
    0x0800419c   0x00000002   Code   RO         4612    i.HAL_LTDC_ReloadEventCallback  stm32f4xx_hal_ltdc.o
    0x0800419e   0x0000005c   Code   RO         4613    i.HAL_LTDC_SetAddress  stm32f4xx_hal_ltdc.o
    0x080041fa   0x0000005c   Code   RO         4615    i.HAL_LTDC_SetAlpha  stm32f4xx_hal_ltdc.o
    0x08004256   0x0000006c   Code   RO         4621    i.HAL_LTDC_SetWindowPosition  stm32f4xx_hal_ltdc.o
    0x080042c2   0x00000074   Code   RO         4623    i.HAL_LTDC_SetWindowSize  stm32f4xx_hal_ltdc.o
    0x08004336   0x00000002   Code   RO         3909    i.HAL_MspInit       stm32f4xx_hal.o
    0x08004338   0x00000044   Code   RO         4050    i.HAL_NVIC_DisableIRQ  stm32f4xx_hal_cortex.o
    0x0800437c   0x00000020   Code   RO         4051    i.HAL_NVIC_EnableIRQ  stm32f4xx_hal_cortex.o
    0x0800439c   0x0000007c   Code   RO         4057    i.HAL_NVIC_SetPriority  stm32f4xx_hal_cortex.o
    0x08004418   0x00000028   Code   RO         4058    i.HAL_NVIC_SetPriorityGrouping  stm32f4xx_hal_cortex.o
    0x08004440   0x00000370   Code   RO         5141    i.HAL_RCCEx_PeriphCLKConfig  stm32f4xx_hal_rcc_ex.o
    0x080047b0   0x000001d0   Code   RO         5036    i.HAL_RCC_ClockConfig  stm32f4xx_hal_rcc.o
    0x08004980   0x0000000c   Code   RO         5041    i.HAL_RCC_GetHCLKFreq  stm32f4xx_hal_rcc.o
    0x0800498c   0x0000002c   Code   RO         5044    i.HAL_RCC_GetPCLK2Freq  stm32f4xx_hal_rcc.o
    0x080049b8   0x000000b4   Code   RO         5045    i.HAL_RCC_GetSysClockFreq  stm32f4xx_hal_rcc.o
    0x08004a6c   0x0000044c   Code   RO         5048    i.HAL_RCC_OscConfig  stm32f4xx_hal_rcc.o
    0x08004eb8   0x00000036   Code   RO         5179    i.HAL_SPI_DeInit    stm32f4xx_hal_spi.o
    0x08004eee   0x00000008   Code   RO         5182    i.HAL_SPI_GetState  stm32f4xx_hal_spi.o
    0x08004ef6   0x000000a0   Code   RO         5184    i.HAL_SPI_Init      stm32f4xx_hal_spi.o
    0x08004f96   0x00000002   Code   RO         5185    i.HAL_SPI_MspDeInit  stm32f4xx_hal_spi.o
    0x08004f98   0x00000002   Code   RO         5186    i.HAL_SPI_MspInit   stm32f4xx_hal_spi.o
    0x08004f9a   0x000002cc   Code   RO         5193    i.HAL_SPI_TransmitReceive  stm32f4xx_hal_spi.o
    0x08005266   0x00000034   Code   RO         4062    i.HAL_SYSTICK_Config  stm32f4xx_hal_cortex.o
    0x0800529a   0x00000042   Code   RO          267    i.L3GD20_DisableIT  l3gd20.o
    0x080052dc   0x0000004a   Code   RO          268    i.L3GD20_EnableIT   l3gd20.o
    0x08005326   0x0000002c   Code   RO          269    i.L3GD20_FilterCmd  l3gd20.o
    0x08005352   0x0000002c   Code   RO          270    i.L3GD20_FilterConfig  l3gd20.o
    0x0800537e   0x0000005e   Code   RO          272    i.L3GD20_INT1InterruptConfig  l3gd20.o
    0x080053dc   0x0000002a   Code   RO          273    i.L3GD20_Init       l3gd20.o
    0x08005406   0x00000016   Code   RO          274    i.L3GD20_ReadID     l3gd20.o
    0x0800541c   0x000000f8   Code   RO          275    i.L3GD20_ReadXYZAngRate  l3gd20.o
    0x08005514   0x00000022   Code   RO          276    i.L3GD20_RebootCmd  l3gd20.o
    0x08005536   0x00000002   PAD
    0x08005538   0x00000010   Code   RO         8703    i.LCD_AA_SetAndMask  GUI_CM4F_L.lib(lcd_aa.o)
    0x08005548   0x0000001c   Code   RO          561    i.LCD_CSX           lcd_x.o
    0x08005564   0x0000001c   Code   RO         6826    i.LCD_Color2Index   GUI_CM4F_L.lib(lcd.o)
    0x08005580   0x00000056   Code   RO         6406    i.LCD_Color2Index_8666  GUI_CM4F_L.lib(guicc_8666.o)
    0x080055d6   0x00000002   PAD
    0x080055d8   0x00000204   Code   RO         6827    i.LCD_DrawBitmap    GUI_CM4F_L.lib(lcd.o)
    0x080057dc   0x00000058   Code   RO         6828    i.LCD_DrawHLine     GUI_CM4F_L.lib(lcd.o)
    0x08005834   0x00000068   Code   RO         6829    i.LCD_DrawPixel     GUI_CM4F_L.lib(lcd.o)
    0x0800589c   0x00000058   Code   RO         6831    i.LCD_FillRect      GUI_CM4F_L.lib(lcd.o)
    0x080058f4   0x00000006   Code   RO         6895    i.LCD_GetBitsPerPixelEx  GUI_CM4F_L.lib(lcd_getex.o)
    0x080058fa   0x00000002   PAD
    0x080058fc   0x00000018   Code   RO         6897    i.LCD_GetDevFunc    GUI_CM4F_L.lib(lcd_getex.o)
    0x08005914   0x00000006   Code   RO         6899    i.LCD_GetMirrorXEx  GUI_CM4F_L.lib(lcd_getex.o)
    0x0800591a   0x00000006   Code   RO         6901    i.LCD_GetMirrorYEx  GUI_CM4F_L.lib(lcd_getex.o)
    0x08005920   0x00000010   Code   RO         6902    i.LCD_GetNumColors  GUI_CM4F_L.lib(lcd_getex.o)
    0x08005930   0x00000006   Code   RO         6903    i.LCD_GetNumColorsEx  GUI_CM4F_L.lib(lcd_getex.o)
    0x08005936   0x0000001a   Code   RO         7427    i.LCD_GetNumLayers  GUI_CM4F_L.lib(lcd_getnumdisplays.o)
    0x08005950   0x00000010   Code   RO         6904    i.LCD_GetPalette    GUI_CM4F_L.lib(lcd_getex.o)
    0x08005960   0x00000018   Code   RO         6905    i.LCD_GetPaletteEx  GUI_CM4F_L.lib(lcd_getex.o)
    0x08005978   0x0000002c   Code   RO         6983    i.LCD_GetPosEx      GUI_CM4F_L.lib(lcd_set.o)
    0x080059a4   0x00000006   Code   RO         6907    i.LCD_GetSwapXYEx   GUI_CM4F_L.lib(lcd_getex.o)
    0x080059aa   0x00000006   Code   RO         6909    i.LCD_GetVXSizeEx   GUI_CM4F_L.lib(lcd_getex.o)
    0x080059b0   0x00000006   Code   RO         6910    i.LCD_GetVXSizeMax  GUI_CM4F_L.lib(lcd_getex.o)
    0x080059b6   0x00000006   Code   RO         6912    i.LCD_GetVYSizeEx   GUI_CM4F_L.lib(lcd_getex.o)
    0x080059bc   0x00000010   Code   RO         6916    i.LCD_GetXSize      GUI_CM4F_L.lib(lcd_getex.o)
    0x080059cc   0x0000000c   Code   RO         6917    i.LCD_GetXSizeDisplay  GUI_CM4F_L.lib(lcd_getex.o)
    0x080059d8   0x00000006   Code   RO         6918    i.LCD_GetXSizeEx    GUI_CM4F_L.lib(lcd_getex.o)
    0x080059de   0x00000006   Code   RO         6919    i.LCD_GetXSizeMax   GUI_CM4F_L.lib(lcd_getex.o)
    0x080059e4   0x00000010   Code   RO         6922    i.LCD_GetYSize      GUI_CM4F_L.lib(lcd_getex.o)
    0x080059f4   0x0000000c   Code   RO         6923    i.LCD_GetYSizeDisplay  GUI_CM4F_L.lib(lcd_getex.o)
    0x08005a00   0x00000006   Code   RO         6924    i.LCD_GetYSizeEx    GUI_CM4F_L.lib(lcd_getex.o)
    0x08005a06   0x00000006   Code   RO         6925    i.LCD_GetYSizeMax   GUI_CM4F_L.lib(lcd_getex.o)
    0x08005a0c   0x00000004   Code   RO         6870    i.LCD_GetpPalConvTable  GUI_CM4F_L.lib(lcd_color.o)
    0x08005a10   0x00000004   Code   RO         6871    i.LCD_GetpPalConvTableBM  GUI_CM4F_L.lib(lcd_color.o)
    0x08005a14   0x00000048   Code   RO         6872    i.LCD_GetpPalConvTableUncached  GUI_CM4F_L.lib(lcd_color.o)
    0x08005a5c   0x0000001c   Code   RO         6832    i.LCD_Index2Color   GUI_CM4F_L.lib(lcd.o)
    0x08005a78   0x00000064   Code   RO         6407    i.LCD_Index2Color_8666  GUI_CM4F_L.lib(guicc_8666.o)
    0x08005adc   0x00000002   Code   RO         7395    i.LCD_Index2Color_888  GUI_CM4F_L.lib(guicc_888_index2color.o)
    0x08005ade   0x00000002   Code   RO         7403    i.LCD_Index2Color_8888  GUI_CM4F_L.lib(guicc_8888_index2color.o)
    0x08005ae0   0x0000002c   Code   RO         6789    i.LCD_Index2Color_M565  GUI_CM4F_L.lib(guicc_m565.o)
    0x08005b0c   0x00000014   Code   RO         7419    i.LCD_Index2Color_M888  GUI_CM4F_L.lib(guicc_m888_index2color.o)
    0x08005b20   0x0000001e   Code   RO         7411    i.LCD_Index2Color_M8888I  GUI_CM4F_L.lib(guicc_m8888i_index2color.o)
    0x08005b3e   0x0000008a   Code   RO         6833    i.LCD_Init          GUI_CM4F_L.lib(lcd.o)
    0x08005bc8   0x00000034   Code   RO         6873    i.LCD_InitColors    GUI_CM4F_L.lib(lcd_color.o)
    0x08005bfc   0x0000007c   Code   RO         6874    i.LCD_InitLUT       GUI_CM4F_L.lib(lcd_color.o)
    0x08005c78   0x00000198   Code   RO         7445    i.LCD_ReadRectEx    GUI_CM4F_L.lib(lcd_readrect.o)
    0x08005e10   0x00000040   Code   RO         7801    i.LCD_SelectLCD     GUI_CM4F_L.lib(lcd_selectlcd.o)
    0x08005e50   0x0000000c   Code   RO         6834    i.LCD_SetBkColor    GUI_CM4F_L.lib(lcd.o)
    0x08005e5c   0x00000018   Code   RO         6835    i.LCD_SetBkColorIndex  GUI_CM4F_L.lib(lcd.o)
    0x08005e74   0x00000030   Code   RO         7809    i.LCD_SetClipRectEx  GUI_CM4F_L.lib(lcd_setcliprectex.o)
    0x08005ea4   0x0000001c   Code   RO         6836    i.LCD_SetClipRectMax  GUI_CM4F_L.lib(lcd.o)
    0x08005ec0   0x0000000c   Code   RO         6837    i.LCD_SetColor      GUI_CM4F_L.lib(lcd.o)
    0x08005ecc   0x00000018   Code   RO         6838    i.LCD_SetColorIndex  GUI_CM4F_L.lib(lcd.o)
    0x08005ee4   0x0000002c   Code   RO         6994    i.LCD_SetDevFunc    GUI_CM4F_L.lib(lcd_set.o)
    0x08005f10   0x0000000c   Code   RO         6928    i.LCD_SetDisplaySize  GUI_CM4F_L.lib(lcd_getex.o)
    0x08005f1c   0x0000000c   Code   RO         6839    i.LCD_SetDrawMode   GUI_CM4F_L.lib(lcd.o)
    0x08005f28   0x0000002c   Code   RO         6996    i.LCD_SetLUTEntryEx  GUI_CM4F_L.lib(lcd_set.o)
    0x08005f54   0x0000002c   Code   RO         7000    i.LCD_SetSizeEx     GUI_CM4F_L.lib(lcd_set.o)
    0x08005f80   0x00000028   Code   RO         7002    i.LCD_SetVRAMAddrEx  GUI_CM4F_L.lib(lcd_set.o)
    0x08005fa8   0x0000002c   Code   RO         7004    i.LCD_SetVSizeEx    GUI_CM4F_L.lib(lcd_set.o)
    0x08005fd4   0x00000024   Code   RO         7817    i.LCD_UpdateColorIndices  GUI_CM4F_L.lib(lcd_updatecolorindices.o)
    0x08005ff8   0x00000020   Code   RO          563    i.LCD_WRX           lcd_x.o
    0x08006018   0x00000028   Code   RO          564    i.LCD_WriteM        lcd_x.o
    0x08006040   0x00000154   Code   RO         6104    i.LCD_X_Config      lcdconf.o
    0x08006194   0x00000100   Code   RO         6105    i.LCD_X_DisplayDriver  lcdconf.o
    0x08006294   0x0000019c   Code   RO          565    i.LCD_X_Init        lcd_x.o
    0x08006430   0x0000001e   Code   RO          569    i.LCD_X_Write0_8    lcd_x.o
    0x0800644e   0x0000001e   Code   RO          570    i.LCD_X_Write1_8    lcd_x.o
    0x0800646c   0x000001b4   Code   RO         6840    i.LCD__DrawBitmap_1bpp  GUI_CM4F_L.lib(lcd.o)
    0x08006620   0x0000005c   Code   RO         6929    i.LCD__GetBPP       GUI_CM4F_L.lib(lcd_getex.o)
    0x0800667c   0x00000032   Code   RO         6930    i.LCD__GetBPPDevice  GUI_CM4F_L.lib(lcd_getex.o)
    0x080066ae   0x00000002   PAD
    0x080066b0   0x00000010   Code   RO         6106    i.LTDC_IRQHandler   lcdconf.o
    0x080066c0   0x00000212   Code   RO         4625    i.LTDC_SetConfig    stm32f4xx_hal_ltdc.o
    0x080068d2   0x00000036   Code   RO         2566    i.MessageQueueGet   rtx_msgqueue.o
    0x08006908   0x0000004c   Code   RO         2567    i.MessageQueuePut   rtx_msgqueue.o
    0x08006954   0x00000022   Code   RO         2568    i.MessageQueueRemove  rtx_msgqueue.o
    0x08006976   0x0000000a   Code   RO         3623    i.OS_Tick_AcknowledgeIRQ  os_systick.o
    0x08006980   0x00000030   Code   RO         3625    i.OS_Tick_Enable    os_systick.o
    0x080069b0   0x00000006   Code   RO         3628    i.OS_Tick_GetIRQn   os_systick.o
    0x080069b6   0x00000002   PAD
    0x080069b8   0x00000070   Code   RO         3631    i.OS_Tick_Setup     os_systick.o
    0x08006a28   0x00000018   Code   RO         3732    i.SPI5_Control      spi_stm32f4xx.o
    0x08006a40   0x00000010   Code   RO         3733    i.SPI5_GetDataCount  spi_stm32f4xx.o
    0x08006a50   0x00000010   Code   RO         3734    i.SPI5_GetStatus    spi_stm32f4xx.o
    0x08006a60   0x00000010   Code   RO         3735    i.SPI5_IRQHandler   spi_stm32f4xx.o
    0x08006a70   0x00000014   Code   RO         3736    i.SPI5_Initialize   spi_stm32f4xx.o
    0x08006a84   0x00000014   Code   RO         3737    i.SPI5_PowerControl  spi_stm32f4xx.o
    0x08006a98   0x00000018   Code   RO         3738    i.SPI5_Receive      spi_stm32f4xx.o
    0x08006ab0   0x00000018   Code   RO         3739    i.SPI5_Send         spi_stm32f4xx.o
    0x08006ac8   0x0000001c   Code   RO         3740    i.SPI5_Transfer     spi_stm32f4xx.o
    0x08006ae4   0x00000010   Code   RO         3741    i.SPI5_Uninitialize  spi_stm32f4xx.o
    0x08006af4   0x0000000c   Code   RO         3742    i.SPIX_GetCapabilities  spi_stm32f4xx.o
    0x08006b00   0x00000010   Code   RO         3743    i.SPIX_GetVersion   spi_stm32f4xx.o
    0x08006b10   0x00000028   Code   RO         5208    i.SPI_CheckFlag_BSY  stm32f4xx_hal_spi.o
    0x08006b38   0x0000045c   Code   RO         3744    i.SPI_Control       spi_stm32f4xx.o
    0x08006f94   0x00000008   Code   RO         3745    i.SPI_GetDataCount  spi_stm32f4xx.o
    0x08006f9c   0x0000005a   Code   RO         3746    i.SPI_GetStatus     spi_stm32f4xx.o
    0x08006ff6   0x0000020c   Code   RO         3747    i.SPI_IRQHandler    spi_stm32f4xx.o
    0x08007202   0x000000c8   Code   RO         3748    i.SPI_Initialize    spi_stm32f4xx.o
    0x080072ca   0x00000002   PAD
    0x080072cc   0x00000124   Code   RO         3749    i.SPI_PeripheralReset  spi_stm32f4xx.o
    0x080073f0   0x00000274   Code   RO         3750    i.SPI_PowerControl  spi_stm32f4xx.o
    0x08007664   0x00000094   Code   RO         3751    i.SPI_Receive       spi_stm32f4xx.o
    0x080076f8   0x00000094   Code   RO         3752    i.SPI_Send          spi_stm32f4xx.o
    0x0800778c   0x00000070   Code   RO         3753    i.SPI_Transfer      spi_stm32f4xx.o
    0x080077fc   0x00000054   Code   RO         3754    i.SPI_Uninitialize  spi_stm32f4xx.o
    0x08007850   0x000000aa   Code   RO         5226    i.SPI_WaitFlagStateUntilTimeout  stm32f4xx_hal_spi.o
    0x080078fa   0x00000002   PAD
    0x080078fc   0x00000014   Code   RO          371    i.SPIx_Error        stm32f429i_discovery.o
    0x08007910   0x00000054   Code   RO          372    i.SPIx_Init         stm32f429i_discovery.o
    0x08007964   0x00000074   Code   RO          373    i.SPIx_MspInit      stm32f429i_discovery.o
    0x080079d8   0x00000030   Code   RO          376    i.SPIx_WriteRead    stm32f429i_discovery.o
    0x08007a08   0x00000098   Code   RO            5    i.SystemClock_Config  main.o
    0x08007aa0   0x00000068   Code   RO         5483    i.SystemInit        system_stm32f4xx.o
    0x08007b08   0x00000244   Code   RO         5484    i.SystemInit_ExtMemCtl  system_stm32f4xx.o
    0x08007d4c   0x00000056   Code   RO         3053    i.ThreadFlagsCheck  rtx_thread.o
    0x08007da2   0x00000002   PAD
    0x08007da4   0x00000040   Code   RO         3488    i.TimerInsert       rtx_timer.o
    0x08007de4   0x00000030   Code   RO         3489    i.TimerRemove       rtx_timer.o
    0x08007e14   0x00000018   Code   RO         3490    i.TimerUnlink       rtx_timer.o
    0x08007e2c   0x00000010   Code   RO         7497    i.WM_Activate       GUI_CM4F_L.lib(wm.o)
    0x08007e3c   0x00000088   Code   RO         7931    i.WM_BringToBottom  GUI_CM4F_L.lib(wm_bringtobottom.o)
    0x08007ec4   0x00000150   Code   RO         7499    i.WM_CreateWindowAsChild  GUI_CM4F_L.lib(wm.o)
    0x08008014   0x00000020   Code   RO         7500    i.WM_Deactivate     GUI_CM4F_L.lib(wm.o)
    0x08008034   0x00000046   Code   RO         7501    i.WM_DefaultProc    GUI_CM4F_L.lib(wm.o)
    0x0800807a   0x0000002a   Code   RO         7994    i.WM_DeleteTimer    GUI_CM4F_L.lib(wm_timer.o)
    0x080080a4   0x000000f0   Code   RO         7502    i.WM_DeleteWindow   GUI_CM4F_L.lib(wm.o)
    0x08008194   0x00000090   Code   RO         7503    i.WM_Exec           GUI_CM4F_L.lib(wm.o)
    0x08008224   0x00000018   Code   RO         7617    i.WM_GetDesktopWindow  GUI_CM4F_L.lib(wm_getdesktopwindow.o)
    0x0800823c   0x0000001a   Code   RO         7961    i.WM_GetFirstChild  GUI_CM4F_L.lib(wm_getfirstchild.o)
    0x08008256   0x0000001a   Code   RO         8505    i.WM_GetParent      GUI_CM4F_L.lib(wm_getparent.o)
    0x08008270   0x00000020   Code   RO         8493    i.WM_GetWindowOrgX  GUI_CM4F_L.lib(wm_getorg.o)
    0x08008290   0x000000d4   Code   RO         7506    i.WM_Init           GUI_CM4F_L.lib(wm.o)
    0x08008364   0x00000080   Code   RO         7507    i.WM_InvalidateRect  GUI_CM4F_L.lib(wm.o)
    0x080083e4   0x00000006   Code   RO         7508    i.WM_InvalidateWindow  GUI_CM4F_L.lib(wm.o)
    0x080083ea   0x0000005e   Code   RO         7509    i.WM_InvalidateWindowAndDescsEx  GUI_CM4F_L.lib(wm.o)
    0x08008448   0x0000001e   Code   RO         8808    i.WM_MoveWindow     GUI_CM4F_L.lib(wm_move.o)
    0x08008466   0x00000010   Code   RO         7969    i.WM_NotifyParent   GUI_CM4F_L.lib(wm_notifyparent.o)
    0x08008476   0x00000002   PAD
    0x08008478   0x00000040   Code   RO         8531    i.WM_OnKey          GUI_CM4F_L.lib(wm_onkey.o)
    0x080084b8   0x000000f4   Code   RO         8748    i.WM_ResizeWindow   GUI_CM4F_L.lib(wm_resizewindow.o)
    0x080085ac   0x00000044   Code   RO         7510    i.WM_SelectWindow   GUI_CM4F_L.lib(wm.o)
    0x080085f0   0x0000001a   Code   RO         7977    i.WM_SendMessageNoPara  GUI_CM4F_L.lib(wm_sendmessagenopara.o)
    0x0800860a   0x00000026   Code   RO         7985    i.WM_SendToParent   GUI_CM4F_L.lib(wm_sendtoparent.o)
    0x08008630   0x00000014   Code   RO         7512    i.WM_SetDefault     GUI_CM4F_L.lib(wm.o)
    0x08008644   0x00000048   Code   RO         8578    i.WM_SetSize        GUI_CM4F_L.lib(wm_setsize.o)
    0x0800868c   0x00000048   Code   RO         7513    i.WM__ActivateClipRect  GUI_CM4F_L.lib(wm.o)
    0x080086d4   0x00000010   Code   RO         7939    i.WM__AddCriticalHandle  GUI_CM4F_L.lib(wm_criticalhandle.o)
    0x080086e4   0x00000010   Code   RO         7514    i.WM__Client2Screen  GUI_CM4F_L.lib(wm.o)
    0x080086f4   0x0000004e   Code   RO         7515    i.WM__ClipAtParentBorders  GUI_CM4F_L.lib(wm.o)
    0x08008742   0x00000052   Code   RO         7997    i.WM__DeleteAssocTimer  GUI_CM4F_L.lib(wm_timer.o)
    0x08008794   0x00000028   Code   RO         7517    i.WM__DetachWindow  GUI_CM4F_L.lib(wm.o)
    0x080087bc   0x00000020   Code   RO         7951    i.WM__GetClientRectEx  GUI_CM4F_L.lib(wm_getclientrect.o)
    0x080087dc   0x00000018   Code   RO         7518    i.WM__GetClientRectWin  GUI_CM4F_L.lib(wm.o)
    0x080087f4   0x00000012   Code   RO         8732    i.WM__GetFirstSibling  GUI_CM4F_L.lib(wm__getfirstsibling.o)
    0x08008806   0x00000002   PAD
    0x08008808   0x00000040   Code   RO         7519    i.WM__GetNextIVR    GUI_CM4F_L.lib(wm.o)
    0x08008848   0x00000024   Code   RO         8449    i.WM__GetPrevSibling  GUI_CM4F_L.lib(wm__getprevsibling.o)
    0x0800886c   0x00000018   Code   RO         7520    i.WM__GetTopLevelLayer  GUI_CM4F_L.lib(wm.o)
    0x08008884   0x000000f0   Code   RO         7521    i.WM__InitIVRSearch  GUI_CM4F_L.lib(wm.o)
    0x08008974   0x000000a4   Code   RO         7522    i.WM__InsertWindowIntoList  GUI_CM4F_L.lib(wm.o)
    0x08008a18   0x00000006   Code   RO         7523    i.WM__Invalidate1Abs  GUI_CM4F_L.lib(wm.o)
    0x08008a1e   0x00000002   PAD
    0x08008a20   0x00000054   Code   RO         7524    i.WM__InvalidateDrawAndDescs  GUI_CM4F_L.lib(wm.o)
    0x08008a74   0x0000002a   Code   RO         7525    i.WM__InvalidateParent  GUI_CM4F_L.lib(wm.o)
    0x08008a9e   0x00000076   Code   RO         7526    i.WM__InvalidateRect  GUI_CM4F_L.lib(wm.o)
    0x08008b14   0x00000006   Code   RO         7527    i.WM__InvalidateRectEx  GUI_CM4F_L.lib(wm.o)
    0x08008b1a   0x00000002   PAD
    0x08008b1c   0x00000024   Code   RO         7528    i.WM__IsWindow      GUI_CM4F_L.lib(wm.o)
    0x08008b40   0x0000009a   Code   RO         8810    i.WM__MoveWindow    GUI_CM4F_L.lib(wm_move.o)
    0x08008bda   0x00000002   PAD
    0x08008bdc   0x000000a0   Code   RO         7529    i.WM__Paint         GUI_CM4F_L.lib(wm.o)
    0x08008c7c   0x0000008c   Code   RO         7530    i.WM__Paint1        GUI_CM4F_L.lib(wm.o)
    0x08008d08   0x00000078   Code   RO         7531    i.WM__PaintWinAndOverlays  GUI_CM4F_L.lib(wm.o)
    0x08008d80   0x00000020   Code   RO         7532    i.WM__RectIsNZ      GUI_CM4F_L.lib(wm.o)
    0x08008da0   0x00000040   Code   RO         7533    i.WM__RemoveWindowFromList  GUI_CM4F_L.lib(wm.o)
    0x08008de0   0x00000014   Code   RO         7534    i.WM__SelectTopLevelLayer  GUI_CM4F_L.lib(wm.o)
    0x08008df4   0x0000003c   Code   RO         7922    i.WM__SendMessage   GUI_CM4F_L.lib(wm__sendmessage.o)
    0x08008e30   0x00000026   Code   RO         8483    i.WM__SendMessageNoPara  GUI_CM4F_L.lib(wm__sendmessagenopara.o)
    0x08008e56   0x0000000e   Code   RO         7535    i.WM__SendMsgNoData  GUI_CM4F_L.lib(wm.o)
    0x08008e64   0x000000dc   Code   RO         8789    i.WM__UpdateChildPositions  GUI_CM4F_L.lib(wm__updatechildpositions.o)
    0x08008f40   0x00000090   Code   RO         6547    i._AddFreeMemory    GUI_CM4F_L.lib(gui_alloc.o)
    0x08008fd0   0x000000b8   Code   RO         6548    i._Alloc            GUI_CM4F_L.lib(gui_alloc.o)
    0x08009088   0x00000004   Code   RO         7342    i._CalcSizeOfChar   GUI_CM4F_L.lib(gui_uc_encodenone.o)
    0x0800908c   0x0000004c   Code   RO         6790    i._Color2IndexBulk  GUI_CM4F_L.lib(guicc_m565.o)
    0x080090d8   0x00000034   Code   RO         6809    i._Color2IndexBulk  GUI_CM4F_L.lib(guicc_m888.o)
    0x0800910c   0x0000000e   Code   RO         8292    i._Color2IndexBulk  GUI_CM4F_L.lib(guicc_8888.o)
    0x0800911a   0x00000002   PAD
    0x0800911c   0x00000044   Code   RO         6389    i._Color2IndexBulk_1616I  GUI_CM4F_L.lib(guicc_1616i.o)
    0x08009160   0x00000038   Code   RO         6420    i._Color2IndexBulk_88666I  GUI_CM4F_L.lib(guicc_88666i.o)
    0x08009198   0x00000054   Code   RO         6438    i._Color2IndexBulk_M1555I  GUI_CM4F_L.lib(guicc_m1555i.o)
    0x080091ec   0x0000001c   Code   RO         6107    i._Color2IndexBulk_M1555I_DMA2D  lcdconf.o
    0x08009208   0x00000060   Code   RO         6458    i._Color2IndexBulk_M4444I  GUI_CM4F_L.lib(guicc_m4444i.o)
    0x08009268   0x0000001c   Code   RO         6108    i._Color2IndexBulk_M4444I_DMA2D  lcdconf.o
    0x08009284   0x00000044   Code   RO         6478    i._Color2IndexBulk_M8888I  GUI_CM4F_L.lib(guicc_m8888i.o)
    0x080092c8   0x0000001c   Code   RO         6109    i._Color2IndexBulk_M8888I_DMA2D  lcdconf.o
    0x080092e4   0x0000001c   Code   RO         6110    i._Color2IndexBulk_M888_DMA2D  lcdconf.o
    0x08009300   0x00000054   Code   RO         7380    i._Color2Index_0    GUI_CM4F_L.lib(guicc_0.o)
    0x08009354   0x00000072   Code   RO         7127    i._Color2Index_16   GUI_CM4F_L.lib(guicc_16.o)
    0x080093c6   0x00000002   PAD
    0x080093c8   0x00000028   Code   RO         6390    i._Color2Index_1616I  GUI_CM4F_L.lib(guicc_1616i.o)
    0x080093f0   0x00000020   Code   RO         6421    i._Color2Index_88666I  GUI_CM4F_L.lib(guicc_88666i.o)
    0x08009410   0x00000002   Code   RO         8293    i._Color2Index_8888  GUI_CM4F_L.lib(guicc_8888.o)
    0x08009412   0x00000002   PAD
    0x08009414   0x00000030   Code   RO         6439    i._Color2Index_M1555I  GUI_CM4F_L.lib(guicc_m1555i.o)
    0x08009444   0x0000003a   Code   RO         6459    i._Color2Index_M4444I  GUI_CM4F_L.lib(guicc_m4444i.o)
    0x0800947e   0x00000002   PAD
    0x08009480   0x0000002c   Code   RO         6791    i._Color2Index_M565  GUI_CM4F_L.lib(guicc_m565.o)
    0x080094ac   0x00000014   Code   RO         6810    i._Color2Index_M888  GUI_CM4F_L.lib(guicc_m888.o)
    0x080094c0   0x0000001e   Code   RO         6479    i._Color2Index_M8888I  GUI_CM4F_L.lib(guicc_m8888i.o)
    0x080094de   0x0000003e   Code   RO         7906    i._Convert16        GUI_CM4F_L.lib(guidev_writetoactiveopaque.o)
    0x0800951c   0x0000003e   Code   RO         7907    i._Convert8         GUI_CM4F_L.lib(guidev_writetoactiveopaque.o)
    0x0800955a   0x00000050   Code   RO         7038    i._CopyBuffer       GUI_CM4F_L.lib(guidrv_lin_16.o)
    0x080095aa   0x00000002   PAD
    0x080095ac   0x00000148   Code   RO         7873    i._CreateStaticDevice  GUI_CM4F_L.lib(guidev_staticdevices.o)
    0x080096f4   0x00000048   Code   RO         6111    i._DMA_AlphaBlending  lcdconf.o
    0x0800973c   0x00000040   Code   RO         6112    i._DMA_AlphaBlendingBulk  lcdconf.o
    0x0800977c   0x00000030   Code   RO         6113    i._DMA_Color2IndexBulk  lcdconf.o
    0x080097ac   0x00000040   Code   RO         6114    i._DMA_ConvertColor  lcdconf.o
    0x080097ec   0x0000004c   Code   RO         6115    i._DMA_Copy         lcdconf.o
    0x08009838   0x00000044   Code   RO         6116    i._DMA_DrawBitmapL8  lcdconf.o
    0x0800987c   0x00000024   Code   RO         6117    i._DMA_ExecOperation  lcdconf.o
    0x080098a0   0x00000048   Code   RO         6118    i._DMA_Fill         lcdconf.o
    0x080098e8   0x00000030   Code   RO         6119    i._DMA_Index2ColorBulk  lcdconf.o
    0x08009918   0x00000024   Code   RO         6120    i._DMA_LoadLUT      lcdconf.o
    0x0800993c   0x0000007c   Code   RO         6121    i._DMA_MixColors    lcdconf.o
    0x080099b8   0x00000054   Code   RO         6122    i._DMA_MixColorsBulk  lcdconf.o
    0x08009a0c   0x00000012   Code   RO         7536    i._DeleteAllChildren  GUI_CM4F_L.lib(wm.o)
    0x08009a1e   0x00000002   PAD
    0x08009a20   0x00000020   Code   RO         7537    i._DesktopHandle2Index  GUI_CM4F_L.lib(wm.o)
    0x08009a40   0x00000040   Code   RO         6769    i._DispFloatFix     GUI_CM4F_L.lib(gui_valf.o)
    0x08009a80   0x00000074   Code   RO         7235    i._DispLine         GUI_CM4F_L.lib(gui_charline.o)
    0x08009af4   0x000000f4   Code   RO         7039    i._DrawBitLine1BPP  GUI_CM4F_L.lib(guidrv_lin_16.o)
    0x08009be8   0x00000148   Code   RO         7458    i._DrawBitLine1BPP  GUI_CM4F_L.lib(guidev_16.o)
    0x08009d30   0x0000011c   Code   RO         8307    i._DrawBitLine1BPP  GUI_CM4F_L.lib(guidev_32.o)
    0x08009e4c   0x00000114   Code   RO         7040    i._DrawBitLine2BPP  GUI_CM4F_L.lib(guidrv_lin_16.o)
    0x08009f60   0x000000e0   Code   RO         7459    i._DrawBitLine2BPP  GUI_CM4F_L.lib(guidev_16.o)
    0x0800a040   0x000000e0   Code   RO         8308    i._DrawBitLine2BPP  GUI_CM4F_L.lib(guidev_32.o)
    0x0800a120   0x000000a0   Code   RO         8309    i._DrawBitLine32BPP_DDB  GUI_CM4F_L.lib(guidev_32.o)
    0x0800a1c0   0x00000114   Code   RO         7041    i._DrawBitLine4BPP  GUI_CM4F_L.lib(guidrv_lin_16.o)
    0x0800a2d4   0x00000160   Code   RO         7460    i._DrawBitLine4BPP  GUI_CM4F_L.lib(guidev_16.o)
    0x0800a434   0x00000158   Code   RO         8310    i._DrawBitLine4BPP  GUI_CM4F_L.lib(guidev_32.o)
    0x0800a58c   0x000000fc   Code   RO         7042    i._DrawBitLine8BPP  GUI_CM4F_L.lib(guidrv_lin_16.o)
    0x0800a688   0x00000188   Code   RO         7043    i._DrawBitmap       GUI_CM4F_L.lib(guidrv_lin_16.o)
    0x0800a810   0x000002a0   Code   RO         7461    i._DrawBitmap       GUI_CM4F_L.lib(guidev_16.o)
    0x0800aab0   0x000002a4   Code   RO         8311    i._DrawBitmap       GUI_CM4F_L.lib(guidev_32.o)
    0x0800ad54   0x0000000a   Code   RO         7044    i._DrawHLine        GUI_CM4F_L.lib(guidrv_lin_16.o)
    0x0800ad5e   0x0000000a   Code   RO         7462    i._DrawHLine        GUI_CM4F_L.lib(guidev_16.o)
    0x0800ad68   0x0000000a   Code   RO         8312    i._DrawHLine        GUI_CM4F_L.lib(guidev_32.o)
    0x0800ad72   0x00000002   PAD
    0x0800ad74   0x0000005c   Code   RO         7538    i._DrawNext         GUI_CM4F_L.lib(wm.o)
    0x0800add0   0x0000000c   Code   RO         7045    i._DrawVLine        GUI_CM4F_L.lib(guidrv_lin_16.o)
    0x0800addc   0x000000b8   Code   RO         7463    i._DrawVLine        GUI_CM4F_L.lib(guidev_16.o)
    0x0800ae94   0x000000ac   Code   RO         8313    i._DrawVLine        GUI_CM4F_L.lib(guidev_32.o)
    0x0800af40   0x00000006   Code   RO         7343    i._Encode           GUI_CM4F_L.lib(gui_uc_encodenone.o)
    0x0800af46   0x00000002   PAD
    0x0800af48   0x00000098   Code   RO         6549    i._EnlargeBlocks    GUI_CM4F_L.lib(gui_alloc.o)
    0x0800afe0   0x00000078   Code   RO         7539    i._Exec1Input       GUI_CM4F_L.lib(wm.o)
    0x0800b058   0x00000028   Code   RO         7046    i._FillRect         GUI_CM4F_L.lib(guidrv_lin_16.o)
    0x0800b080   0x000000ac   Code   RO         7464    i._FillRect         GUI_CM4F_L.lib(guidev_16.o)
    0x0800b12c   0x000000a4   Code   RO         8314    i._FillRect         GUI_CM4F_L.lib(guidev_32.o)
    0x0800b1d0   0x0000014c   Code   RO         7047    i._FillRectOpt16    GUI_CM4F_L.lib(guidrv_lin_16.o)
    0x0800b31c   0x00000148   Code   RO         7540    i._FindNext_IVR     GUI_CM4F_L.lib(wm.o)
    0x0800b464   0x0000007c   Code   RO         7541    i._Findx0           GUI_CM4F_L.lib(wm.o)
    0x0800b4e0   0x00000072   Code   RO         7542    i._Findx1           GUI_CM4F_L.lib(wm.o)
    0x0800b552   0x000000a6   Code   RO         7543    i._Findy1           GUI_CM4F_L.lib(wm.o)
    0x0800b5f8   0x00000004   Code   RO         8421    i._GUI_USAGE_BM_Delete  GUI_CM4F_L.lib(guidev_usagebm.o)
    0x0800b5fc   0x00000028   Code   RO         6123    i._GetBufferSize    lcdconf.o
    0x0800b624   0x00000004   Code   RO         7344    i._GetCharCode      GUI_CM4F_L.lib(gui_uc_encodenone.o)
    0x0800b628   0x00000004   Code   RO         7345    i._GetCharSize      GUI_CM4F_L.lib(gui_uc_encodenone.o)
    0x0800b62c   0x00000010   Code   RO         7048    i._GetDevData       GUI_CM4F_L.lib(guidrv_lin_16.o)
    0x0800b63c   0x00000010   Code   RO         7465    i._GetDevData       GUI_CM4F_L.lib(guidev_16.o)
    0x0800b64c   0x00000010   Code   RO         8315    i._GetDevData       GUI_CM4F_L.lib(guidev_32.o)
    0x0800b65c   0x000000dc   Code   RO         7049    i._GetDevFunc       GUI_CM4F_L.lib(guidrv_lin_16.o)
    0x0800b738   0x00000010   Code   RO         7466    i._GetDevFunc       GUI_CM4F_L.lib(guidev_16.o)
    0x0800b748   0x00000010   Code   RO         8316    i._GetDevFunc       GUI_CM4F_L.lib(guidev_32.o)
    0x0800b758   0x0000001e   Code   RO         6931    i._GetDevProp       GUI_CM4F_L.lib(lcd_getex.o)
    0x0800b776   0x0000003c   Code   RO         7050    i._GetDevProp       GUI_CM4F_L.lib(guidrv_lin_16.o)
    0x0800b7b2   0x00000010   Code   RO         7467    i._GetDevProp       GUI_CM4F_L.lib(guidev_16.o)
    0x0800b7c2   0x0000000c   Code   RO         8317    i._GetDevProp       GUI_CM4F_L.lib(guidev_32.o)
    0x0800b7ce   0x00000052   Code   RO         7381    i._GetIndexMask_0   GUI_CM4F_L.lib(guicc_0.o)
    0x0800b820   0x00000004   Code   RO         7128    i._GetIndexMask_16  GUI_CM4F_L.lib(guicc_16.o)
    0x0800b824   0x00000004   Code   RO         6391    i._GetIndexMask_1616I  GUI_CM4F_L.lib(guicc_1616i.o)
    0x0800b828   0x00000004   Code   RO         6408    i._GetIndexMask_8666  GUI_CM4F_L.lib(guicc_8666.o)
    0x0800b82c   0x00000006   Code   RO         6422    i._GetIndexMask_88666I  GUI_CM4F_L.lib(guicc_88666i.o)
    0x0800b832   0x00000006   Code   RO         8294    i._GetIndexMask_8888  GUI_CM4F_L.lib(guicc_8888.o)
    0x0800b838   0x00000006   Code   RO         6440    i._GetIndexMask_M1555I  GUI_CM4F_L.lib(guicc_m1555i.o)
    0x0800b83e   0x00000006   Code   RO         6460    i._GetIndexMask_M4444I  GUI_CM4F_L.lib(guicc_m4444i.o)
    0x0800b844   0x00000006   Code   RO         6792    i._GetIndexMask_M565  GUI_CM4F_L.lib(guicc_m565.o)
    0x0800b84a   0x00000006   Code   RO         6811    i._GetIndexMask_M888  GUI_CM4F_L.lib(guicc_m888.o)
    0x0800b850   0x00000006   Code   RO         6480    i._GetIndexMask_M8888I  GUI_CM4F_L.lib(guicc_m8888i.o)
    0x0800b856   0x0000001e   Code   RO         6932    i._GetMaxValue      GUI_CM4F_L.lib(lcd_getex.o)
    0x0800b874   0x0000001c   Code   RO         6550    i._GetMinIndex      GUI_CM4F_L.lib(gui_alloc.o)
    0x0800b890   0x00000010   Code   RO         7051    i._GetPixelIndex    GUI_CM4F_L.lib(guidrv_lin_16.o)
    0x0800b8a0   0x0000000e   Code   RO         7468    i._GetPixelIndex    GUI_CM4F_L.lib(guidev_16.o)
    0x0800b8ae   0x0000000e   Code   RO         8318    i._GetPixelIndex    GUI_CM4F_L.lib(guidev_32.o)
    0x0800b8bc   0x00000088   Code   RO         6124    i._GetPixelformat   lcdconf.o
    0x0800b944   0x0000001c   Code   RO         7052    i._GetPos           GUI_CM4F_L.lib(guidrv_lin_16.o)
    0x0800b960   0x00000016   Code   RO         7053    i._GetRect          GUI_CM4F_L.lib(guidrv_lin_16.o)
    0x0800b976   0x00000030   Code   RO         7469    i._GetRect          GUI_CM4F_L.lib(guidev_16.o)
    0x0800b9a6   0x00000030   Code   RO         8319    i._GetRect          GUI_CM4F_L.lib(guidev_32.o)
    0x0800b9d6   0x00000002   PAD
    0x0800b9d8   0x0000003c   Code   RO         7303    i._GetTaskNo        GUI_CM4F_L.lib(gui_task.o)
    0x0800ba14   0x00000010   Code   RO         7267    i._GotoX            GUI_CM4F_L.lib(gui_goto.o)
    0x0800ba24   0x00000010   Code   RO         7268    i._GotoY            GUI_CM4F_L.lib(gui_goto.o)
    0x0800ba34   0x0000001c   Code   RO         7724    i._IncPointer       GUI_CM4F_L.lib(gui_onkey.o)
    0x0800ba50   0x00000006   Code   RO         7725    i._IncReadPointer   GUI_CM4F_L.lib(gui_onkey.o)
    0x0800ba56   0x00000002   PAD
    0x0800ba58   0x00000058   Code   RO         6793    i._Index2ColorBulk  GUI_CM4F_L.lib(guicc_m565.o)
    0x0800bab0   0x00000034   Code   RO         6812    i._Index2ColorBulk  GUI_CM4F_L.lib(guicc_m888.o)
    0x0800bae4   0x0000000e   Code   RO         8295    i._Index2ColorBulk  GUI_CM4F_L.lib(guicc_8888.o)
    0x0800baf2   0x00000002   PAD
    0x0800baf4   0x0000004c   Code   RO         6392    i._Index2ColorBulk_1616I  GUI_CM4F_L.lib(guicc_1616i.o)
    0x0800bb40   0x00000044   Code   RO         6423    i._Index2ColorBulk_88666I  GUI_CM4F_L.lib(guicc_88666i.o)
    0x0800bb84   0x0000005c   Code   RO         6441    i._Index2ColorBulk_M1555I  GUI_CM4F_L.lib(guicc_m1555i.o)
    0x0800bbe0   0x0000001c   Code   RO         6125    i._Index2ColorBulk_M1555I_DMA2D  lcdconf.o
    0x0800bbfc   0x0000005c   Code   RO         6461    i._Index2ColorBulk_M4444I  GUI_CM4F_L.lib(guicc_m4444i.o)
    0x0800bc58   0x0000001c   Code   RO         6126    i._Index2ColorBulk_M4444I_DMA2D  lcdconf.o
    0x0800bc74   0x00000044   Code   RO         6481    i._Index2ColorBulk_M8888I  GUI_CM4F_L.lib(guicc_m8888i.o)
    0x0800bcb8   0x0000001c   Code   RO         6127    i._Index2ColorBulk_M8888I_DMA2D  lcdconf.o
    0x0800bcd4   0x0000001c   Code   RO         6128    i._Index2ColorBulk_M888_DMA2D  lcdconf.o
    0x0800bcf0   0x00000020   Code   RO         7382    i._Index2Color_0    GUI_CM4F_L.lib(guicc_0.o)
    0x0800bd10   0x00000036   Code   RO         7129    i._Index2Color_16   GUI_CM4F_L.lib(guicc_16.o)
    0x0800bd46   0x00000002   PAD
    0x0800bd48   0x00000028   Code   RO         6393    i._Index2Color_1616I  GUI_CM4F_L.lib(guicc_1616i.o)
    0x0800bd70   0x00000020   Code   RO         6424    i._Index2Color_88666I  GUI_CM4F_L.lib(guicc_88666i.o)
    0x0800bd90   0x00000030   Code   RO         6442    i._Index2Color_M1555I  GUI_CM4F_L.lib(guicc_m1555i.o)
    0x0800bdc0   0x00000030   Code   RO         6462    i._Index2Color_M4444I  GUI_CM4F_L.lib(guicc_m4444i.o)
    0x0800bdf0   0x00000018   Code   RO         7054    i._Init             GUI_CM4F_L.lib(guidrv_lin_16.o)
    0x0800be08   0x00000074   Code   RO         6613    i._InitContext      GUI_CM4F_L.lib(gui_core.o)
    0x0800be7c   0x0000028c   Code   RO         6129    i._InitIL9341       lcdconf.o
    0x0800c108   0x000000a8   Code   RO         6551    i._InitOnce         GUI_CM4F_L.lib(gui_alloc.o)
    0x0800c1b0   0x00000024   Code   RO         7055    i._InitOnce         GUI_CM4F_L.lib(guidrv_lin_16.o)
    0x0800c1d4   0x00000080   Code   RO         7544    i._Invalidate1Abs   GUI_CM4F_L.lib(wm.o)
    0x0800c254   0x00000014   Code   RO         6130    i._InvertAlpha      lcdconf.o
    0x0800c268   0x0000002c   Code   RO         6131    i._InvertAlpha_SwapRB  lcdconf.o
    0x0800c294   0x00000060   Code   RO         6132    i._LCD_CopyBuffer   lcdconf.o
    0x0800c2f4   0x0000009c   Code   RO         6133    i._LCD_CopyRect     lcdconf.o
    0x0800c390   0x00000020   Code   RO         6134    i._LCD_DisplayOff   lcdconf.o
    0x0800c3b0   0x00000020   Code   RO         6135    i._LCD_DisplayOn    lcdconf.o
    0x0800c3d0   0x00000084   Code   RO         6136    i._LCD_DrawBitmap16bpp  lcdconf.o
    0x0800c454   0x00000084   Code   RO         6137    i._LCD_DrawBitmap8bpp  lcdconf.o
    0x0800c4d8   0x000000a8   Code   RO         6138    i._LCD_FillRect     lcdconf.o
    0x0800c580   0x0000006c   Code   RO         6139    i._LCD_GetpPalConvTable  lcdconf.o
    0x0800c5ec   0x000001d8   Code   RO         6140    i._LCD_InitController  lcdconf.o
    0x0800c7c4   0x00000078   Code   RO         6141    i._LCD_MixColorsBulk  lcdconf.o
    0x0800c83c   0x0000002c   Code   RO         6142    i._LCD_SetChroma    lcdconf.o
    0x0800c868   0x00000020   Code   RO         6143    i._LCD_SetChromaMode  lcdconf.o
    0x0800c888   0x00000034   Code   RO         6144    i._LCD_SetLUTEntry  lcdconf.o
    0x0800c8bc   0x00000018   Code   RO         6145    i._LCD_SetLayerAlpha  lcdconf.o
    0x0800c8d4   0x0000001c   Code   RO         6146    i._LCD_SetLayerPos  lcdconf.o
    0x0800c8f0   0x0000001c   Code   RO         6147    i._LCD_SetLayerSize  lcdconf.o
    0x0800c90c   0x00000044   Code   RO         6148    i._LCD_SetOrg       lcdconf.o
    0x0800c950   0x0000004c   Code   RO         6149    i._LCD_SetVis       lcdconf.o
    0x0800c99c   0x00000002   Code   RO         7236    i._Log2VisBuffered  GUI_CM4F_L.lib(gui_charline.o)
    0x0800c99e   0x00000008   Code   RO         7853    i._Min              GUI_CM4F_L.lib(guidev_banding.o)
    0x0800c9a6   0x0000006e   Code   RO         8811    i._MoveDescendents  GUI_CM4F_L.lib(wm_move.o)
    0x0800ca14   0x0000000a   Code   RO         7056    i._Off              GUI_CM4F_L.lib(guidrv_lin_16.o)
    0x0800ca1e   0x0000000a   Code   RO         7057    i._On               GUI_CM4F_L.lib(guidrv_lin_16.o)
    0x0800ca28   0x00000028   Code   RO         6504    i._OnExit           GUI_CM4F_L.lib(gui__alpha.o)
    0x0800ca50   0x00000034   Code   RO         6552    i._OnExit           GUI_CM4F_L.lib(gui_alloc.o)
    0x0800ca84   0x0000002c   Code   RO         6614    i._OnExit           GUI_CM4F_L.lib(gui_core.o)
    0x0800cab0   0x00000014   Code   RO         6876    i._OnExit           GUI_CM4F_L.lib(lcd_color.o)
    0x0800cac4   0x00000014   Code   RO         7304    i._OnExit           GUI_CM4F_L.lib(gui_task.o)
    0x0800cad8   0x00000034   Code   RO         7545    i._OnExit           GUI_CM4F_L.lib(wm.o)
    0x0800cb0c   0x00000024   Code   RO         7546    i._Paint1           GUI_CM4F_L.lib(wm.o)
    0x0800cb30   0x0000008c   Code   RO         7547    i._Paint1Trans      GUI_CM4F_L.lib(wm.o)
    0x0800cbbc   0x0000009a   Code   RO         7548    i._PaintTransChildren  GUI_CM4F_L.lib(wm.o)
    0x0800cc56   0x00000002   PAD
    0x0800cc58   0x00000040   Code   RO         6553    i._PopFreeBlock     GUI_CM4F_L.lib(gui_alloc.o)
    0x0800cc98   0x00000028   Code   RO         6554    i._PushFreeBlock    GUI_CM4F_L.lib(gui_alloc.o)
    0x0800ccc0   0x00000030   Code   RO         7058    i._ReadRect         GUI_CM4F_L.lib(guidrv_lin_16.o)
    0x0800ccf0   0x00000034   Code   RO         6555    i._RemoveFreeBlock  GUI_CM4F_L.lib(gui_alloc.o)
    0x0800cd24   0x0000005c   Code   RO         8265    i._RemoveFromLinList  GUI_CM4F_L.lib(gui_timer.o)
    0x0800cd80   0x000000a0   Code   RO         6556    i._RemoveHoles      GUI_CM4F_L.lib(gui_alloc.o)
    0x0800ce20   0x00000048   Code   RO         6772    i._RoundHalfUp      GUI_CM4F_L.lib(gui_valf.o)
    0x0800ce68   0x00000026   Code   RO         7059    i._SetAlpha         GUI_CM4F_L.lib(guidrv_lin_16.o)
    0x0800ce8e   0x00000010   Code   RO         7060    i._SetAlphaMode     GUI_CM4F_L.lib(guidrv_lin_16.o)
    0x0800ce9e   0x00000002   PAD
    0x0800cea0   0x00000020   Code   RO         6841    i._SetBkColor       GUI_CM4F_L.lib(lcd.o)
    0x0800cec0   0x00000012   Code   RO         7061    i._SetChroma        GUI_CM4F_L.lib(guidrv_lin_16.o)
    0x0800ced2   0x00000010   Code   RO         7062    i._SetChromaMode    GUI_CM4F_L.lib(guidrv_lin_16.o)
    0x0800cee2   0x00000002   PAD
    0x0800cee4   0x0000004c   Code   RO         7549    i._SetClipRectUserIntersect  GUI_CM4F_L.lib(wm.o)
    0x0800cf30   0x00000020   Code   RO         6842    i._SetColor         GUI_CM4F_L.lib(lcd.o)
    0x0800cf50   0x00000044   Code   RO         7063    i._SetDevFunc       GUI_CM4F_L.lib(guidrv_lin_16.o)
    0x0800cf94   0x0000002c   Code   RO         6843    i._SetDrawMode      GUI_CM4F_L.lib(lcd.o)
    0x0800cfc0   0x000000a4   Code   RO         7064    i._SetOrg           GUI_CM4F_L.lib(guidrv_lin_16.o)
    0x0800d064   0x0000000e   Code   RO         7470    i._SetOrg           GUI_CM4F_L.lib(guidev_16.o)
    0x0800d072   0x00000008   Code   RO         8320    i._SetOrg           GUI_CM4F_L.lib(guidev_32.o)
    0x0800d07a   0x00000012   Code   RO         7065    i._SetPixelIndex    GUI_CM4F_L.lib(guidrv_lin_16.o)
    0x0800d08c   0x00000048   Code   RO         7471    i._SetPixelIndex    GUI_CM4F_L.lib(guidev_16.o)
    0x0800d0d4   0x00000048   Code   RO         8321    i._SetPixelIndex    GUI_CM4F_L.lib(guidev_32.o)
    0x0800d11c   0x000000ea   Code   RO         7066    i._SetPos           GUI_CM4F_L.lib(guidrv_lin_16.o)
    0x0800d206   0x00000044   Code   RO         7067    i._SetSize          GUI_CM4F_L.lib(guidrv_lin_16.o)
    0x0800d24a   0x00000028   Code   RO         7068    i._SetVRAMAddr      GUI_CM4F_L.lib(guidrv_lin_16.o)
    0x0800d272   0x0000002a   Code   RO         7069    i._SetVSize         GUI_CM4F_L.lib(guidrv_lin_16.o)
    0x0800d29c   0x00000026   Code   RO         7070    i._SetVis           GUI_CM4F_L.lib(guidrv_lin_16.o)
    0x0800d2c2   0x00000024   Code   RO         7071    i._ShowBuffer       GUI_CM4F_L.lib(guidrv_lin_16.o)
    0x0800d2e6   0x00000002   PAD
    0x0800d2e8   0x000000ea   Code   RO         6557    i._TestRAM          GUI_CM4F_L.lib(gui_alloc.o)
    0x0800d3d2   0x00000002   PAD
    0x0800d3d4   0x00000050   Code   RO         8266    i._Unlink           GUI_CM4F_L.lib(gui_timer.o)
    0x0800d424   0x0000000e   Code   RO         6558    i._WriteTagData     GUI_CM4F_L.lib(gui_alloc.o)
    0x0800d432   0x00000002   PAD
    0x0800d434   0x00000340   Code   RO         7908    i._WriteToActiveOpaque_8  GUI_CM4F_L.lib(guidev_writetoactiveopaque.o)
    0x0800d774   0x00000344   Code   RO         7909    i._WriteToActiveOpaque_HT  GUI_CM4F_L.lib(guidev_writetoactiveopaque.o)
    0x0800dab8   0x0000003c   Code   RO         7472    i._XY2PTR           GUI_CM4F_L.lib(guidev_16.o)
    0x0800daf4   0x0000003c   Code   RO         8322    i._XY2PTR           GUI_CM4F_L.lib(guidev_32.o)
    0x0800db30   0x00000028   Code   RO         7072    i._XorPixel         GUI_CM4F_L.lib(guidrv_lin_16.o)
    0x0800db58   0x00000054   Code   RO         7473    i._XorPixel         GUI_CM4F_L.lib(guidev_16.o)
    0x0800dbac   0x00000058   Code   RO         8323    i._XorPixel         GUI_CM4F_L.lib(guidev_32.o)
    0x0800dc04   0x00000010   Code   RO         4064    i.__NVIC_GetPriorityGrouping  stm32f4xx_hal_cortex.o
    0x0800dc14   0x00000028   Code   RO         4065    i.__NVIC_SetPriority  stm32f4xx_hal_cortex.o
    0x0800dc3c   0x00000006   Code   RO         2051    i.__get_BASEPRI     rtx_kernel.o
    0x0800dc42   0x00000006   Code   RO         2569    i.__get_BASEPRI     rtx_msgqueue.o
    0x0800dc48   0x00000006   Code   RO         2757    i.__get_BASEPRI     rtx_mutex.o
    0x0800dc4e   0x00000006   Code   RO         3056    i.__get_BASEPRI     rtx_thread.o
    0x0800dc54   0x00000006   Code   RO         3491    i.__get_BASEPRI     rtx_timer.o
    0x0800dc5a   0x00000006   Code   RO         2052    i.__get_CONTROL     rtx_kernel.o
    0x0800dc60   0x00000006   Code   RO         2053    i.__get_IPSR        rtx_kernel.o
    0x0800dc66   0x00000006   Code   RO         2570    i.__get_IPSR        rtx_msgqueue.o
    0x0800dc6c   0x00000006   Code   RO         2758    i.__get_IPSR        rtx_mutex.o
    0x0800dc72   0x00000006   Code   RO         3057    i.__get_IPSR        rtx_thread.o
    0x0800dc78   0x00000006   Code   RO         3492    i.__get_IPSR        rtx_timer.o
    0x0800dc7e   0x00000006   Code   RO         2054    i.__get_PRIMASK     rtx_kernel.o
    0x0800dc84   0x00000006   Code   RO         2571    i.__get_PRIMASK     rtx_msgqueue.o
    0x0800dc8a   0x00000006   Code   RO         2759    i.__get_PRIMASK     rtx_mutex.o
    0x0800dc90   0x00000006   Code   RO         3058    i.__get_PRIMASK     rtx_thread.o
    0x0800dc96   0x00000006   Code   RO         3493    i.__get_PRIMASK     rtx_timer.o
    0x0800dc9c   0x00000004   PAD
    0x0800dca0   0x00000118   Code   RO         8845    i.__hardfp_ceil     m_wm.l(ceil.o)
    0x0800ddb8   0x00000118   Code   RO         8851    i.__hardfp_floor    m_wm.l(floor.o)
    0x0800ded0   0x00000050   Code   RO         7550    i._cbBackWin        GUI_CM4F_L.lib(wm.o)
    0x0800df20   0x00000044   Code   RO         7551    i._cbPaintMemDev    GUI_CM4F_L.lib(wm.o)
    0x0800df64   0x00000016   Code   RO         2278    i._mutex_acquire    rtx_lib.o
    0x0800df7a   0x0000000c   Code   RO         2279    i._mutex_free       rtx_lib.o
    0x0800df86   0x00000020   Code   RO         2280    i._mutex_initialize  rtx_lib.o
    0x0800dfa6   0x00000012   Code   RO         2281    i._mutex_release    rtx_lib.o
    0x0800dfb8   0x00000008   Code   RO         2282    i._platform_post_stackheap_init  rtx_lib.o
    0x0800dfc0   0x00000090   Code   RO         2572    i.isrRtxMessageQueueGet  rtx_msgqueue.o
    0x0800e050   0x0000009e   Code   RO         2573    i.isrRtxMessageQueuePut  rtx_msgqueue.o
    0x0800e0ee   0x00000002   PAD
    0x0800e0f0   0x00000030   Code   RO         2997    i.isr_queue_get     rtx_system.o
    0x0800e120   0x0000003c   Code   RO         2998    i.isr_queue_put     rtx_system.o
    0x0800e15c   0x00000028   Code   RO            6    i.main              main.o
    0x0800e184   0x00000044   Code   RO          805    i.osDelay           rtx_delay.o
    0x0800e1c8   0x00000044   Code   RO          806    i.osDelayUntil      rtx_delay.o
    0x0800e20c   0x00000044   Code   RO         2056    i.osKernelGetState  rtx_kernel.o
    0x0800e250   0x0000002c   Code   RO         2059    i.osKernelGetTickCount  rtx_kernel.o
    0x0800e27c   0x00000064   Code   RO         2061    i.osKernelInitialize  rtx_kernel.o
    0x0800e2e0   0x00000064   Code   RO         2065    i.osKernelStart     rtx_kernel.o
    0x0800e344   0x00000054   Code   RO         2575    i.osMessageQueueGet  rtx_msgqueue.o
    0x0800e398   0x00000080   Code   RO         2581    i.osMessageQueueNew  rtx_msgqueue.o
    0x0800e418   0x00000054   Code   RO         2582    i.osMessageQueuePut  rtx_msgqueue.o
    0x0800e46c   0x00000044   Code   RO         2760    i.osMutexAcquire    rtx_mutex.o
    0x0800e4b0   0x00000012   Code   RO          660    i.osMutexCreate     cmsis_os1.o
    0x0800e4c2   0x00000002   PAD
    0x0800e4c4   0x00000040   Code   RO         2761    i.osMutexDelete     rtx_mutex.o
    0x0800e504   0x0000006c   Code   RO         2764    i.osMutexNew        rtx_mutex.o
    0x0800e570   0x00000040   Code   RO         2765    i.osMutexRelease    rtx_mutex.o
    0x0800e5b0   0x00000020   Code   RO         3701    i.osRtxErrorNotify  rtx_config.o
    0x0800e5d0   0x00000004   Code   RO         3702    i.osRtxIdleThread   rtx_config.o
    0x0800e5d4   0x0000000c   Code   RO         3059    i.osRtxKernelGetState  rtx_thread.o
    0x0800e5e0   0x000000a2   Code   RO         2352    i.osRtxMemoryAlloc  rtx_memory.o
    0x0800e682   0x00000066   Code   RO         2353    i.osRtxMemoryFree   rtx_memory.o
    0x0800e6e8   0x00000052   Code   RO         2354    i.osRtxMemoryInit   rtx_memory.o
    0x0800e73a   0x0000003a   Code   RO         2405    i.osRtxMemoryPoolAlloc  rtx_mempool.o
    0x0800e774   0x0000004e   Code   RO         2406    i.osRtxMemoryPoolFree  rtx_mempool.o
    0x0800e7c2   0x00000050   Code   RO         2407    i.osRtxMemoryPoolInit  rtx_mempool.o
    0x0800e812   0x00000112   Code   RO         2584    i.osRtxMessageQueuePostProcess  rtx_msgqueue.o
    0x0800e924   0x00000054   Code   RO         2766    i.osRtxMutexOwnerRelease  rtx_mutex.o
    0x0800e978   0x00000064   Code   RO         2999    i.osRtxPendSV_Handler  rtx_system.o
    0x0800e9dc   0x0000003c   Code   RO         3000    i.osRtxPostProcess  rtx_system.o
    0x0800ea18   0x00000030   Code   RO         3060    i.osRtxThreadBlock  rtx_thread.o
    0x0800ea48   0x00000068   Code   RO         3061    i.osRtxThreadDelayInsert  rtx_thread.o
    0x0800eab0   0x00000078   Code   RO         3062    i.osRtxThreadDelayRemove  rtx_thread.o
    0x0800eb28   0x000000dc   Code   RO         3063    i.osRtxThreadDelayTick  rtx_thread.o
    0x0800ec04   0x0000006c   Code   RO         3064    i.osRtxThreadDispatch  rtx_thread.o
    0x0800ec70   0x00000060   Code   RO         3065    i.osRtxThreadFree   rtx_thread.o
    0x0800ecd0   0x0000000c   Code   RO         3066    i.osRtxThreadGetRunning  rtx_thread.o
    0x0800ecdc   0x00000018   Code   RO         3067    i.osRtxThreadListGet  rtx_thread.o
    0x0800ecf4   0x0000002e   Code   RO         3068    i.osRtxThreadListPut  rtx_thread.o
    0x0800ed22   0x0000001a   Code   RO         3069    i.osRtxThreadListRemove  rtx_thread.o
    0x0800ed3c   0x0000000e   Code   RO         3070    i.osRtxThreadListRoot  rtx_thread.o
    0x0800ed4a   0x00000028   Code   RO         3071    i.osRtxThreadListSort  rtx_thread.o
    0x0800ed72   0x00000040   Code   RO         3073    i.osRtxThreadPostProcess  rtx_thread.o
    0x0800edb2   0x00000002   PAD
    0x0800edb4   0x00000018   Code   RO         3074    i.osRtxThreadReadyPut  rtx_thread.o
    0x0800edcc   0x00000018   Code   RO         3075    i.osRtxThreadRegPtr  rtx_thread.o
    0x0800ede4   0x0000000c   Code   RO         3076    i.osRtxThreadSetRunning  rtx_thread.o
    0x0800edf0   0x0000002c   Code   RO         3077    i.osRtxThreadStackCheck  rtx_thread.o
    0x0800ee1c   0x0000001c   Code   RO         3078    i.osRtxThreadSwitch  rtx_thread.o
    0x0800ee38   0x00000058   Code   RO         3079    i.osRtxThreadWaitEnter  rtx_thread.o
    0x0800ee90   0x00000036   Code   RO         3080    i.osRtxThreadWaitExit  rtx_thread.o
    0x0800eec6   0x00000002   PAD
    0x0800eec8   0x00000098   Code   RO         3001    i.osRtxTick_Handler  rtx_system.o
    0x0800ef60   0x00000058   Code   RO         3494    i.osRtxTimerThread  rtx_timer.o
    0x0800efb8   0x0000005c   Code   RO         3495    i.osRtxTimerTick    rtx_timer.o
    0x0800f014   0x00000020   Code   RO         3083    i.osThreadExit      rtx_thread.o
    0x0800f034   0x00000030   Code   RO         3089    i.osThreadGetId     rtx_thread.o
    0x0800f064   0x00000080   Code   RO         3096    i.osThreadNew       rtx_thread.o
    0x0800f0e4   0x0000001c   Code   RO          671    i.osTimerCreate     cmsis_os1.o
    0x0800f100   0x00000088   Code   RO         3499    i.osTimerNew        rtx_timer.o
    0x0800f188   0x00000044   Code   RO         3500    i.osTimerStart      rtx_timer.o
    0x0800f1cc   0x00000024   Code   RO         2283    i.os_kernel_is_active  rtx_lib.o
    0x0800f1f0   0x00000016   Code   RO          807    i.svcRtxDelay       rtx_delay.o
    0x0800f206   0x00000002   PAD
    0x0800f208   0x00000034   Code   RO          808    i.svcRtxDelayUntil  rtx_delay.o
    0x0800f23c   0x00000014   Code   RO         2069    i.svcRtxKernelGetState  rtx_kernel.o
    0x0800f250   0x00000014   Code   RO         2072    i.svcRtxKernelGetTickCount  rtx_kernel.o
    0x0800f264   0x000002a0   Code   RO         2074    i.svcRtxKernelInitialize  rtx_kernel.o
    0x0800f504   0x000000f8   Code   RO         2078    i.svcRtxKernelStart  rtx_kernel.o
    0x0800f5fc   0x00000130   Code   RO         2586    i.svcRtxMessageQueueGet  rtx_msgqueue.o
    0x0800f72c   0x000001a0   Code   RO         2592    i.svcRtxMessageQueueNew  rtx_msgqueue.o
    0x0800f8cc   0x00000118   Code   RO         2593    i.svcRtxMessageQueuePut  rtx_msgqueue.o
    0x0800f9e4   0x00000108   Code   RO         2767    i.svcRtxMutexAcquire  rtx_mutex.o
    0x0800faec   0x000000f4   Code   RO         2768    i.svcRtxMutexDelete  rtx_mutex.o
    0x0800fbe0   0x000000b0   Code   RO         2771    i.svcRtxMutexNew    rtx_mutex.o
    0x0800fc90   0x00000114   Code   RO         2772    i.svcRtxMutexRelease  rtx_mutex.o
    0x0800fda4   0x00000094   Code   RO         3104    i.svcRtxThreadExit  rtx_thread.o
    0x0800fe38   0x00000012   Code   RO         3110    i.svcRtxThreadGetId  rtx_thread.o
    0x0800fe4a   0x00000002   PAD
    0x0800fe4c   0x0000026c   Code   RO         3117    i.svcRtxThreadNew   rtx_thread.o
    0x080100b8   0x000000d4   Code   RO         3505    i.svcRtxTimerNew    rtx_timer.o
    0x0801018c   0x00000080   Code   RO         3506    i.svcRtxTimerStart  rtx_timer.o
    0x0801020c   0x00000062   Code   RO         8841    x$fpl$d2f           fz_wm.l(d2f.o)
    0x0801026e   0x00000002   PAD
    0x08010270   0x00000150   Code   RO         8860    x$fpl$dadd          fz_wm.l(daddsub_clz.o)
    0x080103c0   0x00000018   Code   RO         8902    x$fpl$dcmpinf       fz_wm.l(dcmpi.o)
    0x080103d8   0x00000078   Code   RO         8892    x$fpl$dleqf         fz_wm.l(dleqf.o)
    0x08010450   0x0000009c   Code   RO         8866    x$fpl$dnaninf       fz_wm.l(dnaninf.o)
    0x080104ec   0x0000000c   Code   RO         8868    x$fpl$dretinf       fz_wm.l(dretinf.o)
    0x080104f8   0x0000006c   Code   RO         8870    x$fpl$drleqf        fz_wm.l(drleqf.o)
    0x08010564   0x00000016   Code   RO         8861    x$fpl$drsb          fz_wm.l(daddsub_clz.o)
    0x0801057a   0x00000002   PAD
    0x0801057c   0x000001d4   Code   RO         8862    x$fpl$dsub          fz_wm.l(daddsub_clz.o)
    0x08010750   0x00000056   Code   RO         8843    x$fpl$f2d           fz_wm.l(f2d.o)
    0x080107a6   0x0000008c   Code   RO         8872    x$fpl$fnaninf       fz_wm.l(fnaninf.o)
    0x08010832   0x0000000a   Code   RO         8963    x$fpl$fpinit        fz_wm.l(fpinit.o)
    0x0801083c   0x0000000a   Code   RO         8874    x$fpl$fretinf       fz_wm.l(fretinf.o)
    0x08010846   0x00000000   Code   RO         8876    x$fpl$usenofp       fz_wm.l(usenofp.o)
    0x08010846   0x00000002   PAD
    0x08010848   0x00000001   Data   RO          796    .constdata          irq_cm4f.o
    0x08010849   0x00000003   PAD
    0x0801084c   0x00000064   Data   RO         2289    .constdata          rtx_lib.o
    0x080108b0   0x00000090   Data   RO         3756    .constdata          spi_stm32f4xx.o
    0x08010940   0x00000010   Data   RO         5049    .constdata          stm32f4xx_hal_rcc.o
    0x08010950   0x00000024   Data   RO         6002    .constdata          gui_x_rte.o
    0x08010974   0x00000008   Data   RO         6152    .constdata          lcdconf.o
    0x0801097c   0x00000018   Data   RO         6394    .constdata          GUI_CM4F_L.lib(guicc_1616i.o)
    0x08010994   0x00000018   Data   RO         6409    .constdata          GUI_CM4F_L.lib(guicc_8666.o)
    0x080109ac   0x00000018   Data   RO         6425    .constdata          GUI_CM4F_L.lib(guicc_88666i.o)
    0x080109c4   0x00000018   Data   RO         6443    .constdata          GUI_CM4F_L.lib(guicc_m1555i.o)
    0x080109dc   0x00000018   Data   RO         6463    .constdata          GUI_CM4F_L.lib(guicc_m4444i.o)
    0x080109f4   0x00000018   Data   RO         6482    .constdata          GUI_CM4F_L.lib(guicc_m8888i.o)
    0x08010a0c   0x00000008   Data   RO         6616    .constdata          GUI_CM4F_L.lib(gui_core.o)
    0x08010a14   0x00000018   Data   RO         6794    .constdata          GUI_CM4F_L.lib(guicc_m565.o)
    0x08010a2c   0x00000018   Data   RO         6813    .constdata          GUI_CM4F_L.lib(guicc_m888.o)
    0x08010a44   0x0000000c   Data   RO         6844    .constdata          GUI_CM4F_L.lib(lcd.o)
    0x08010a50   0x00000034   Data   RO         7073    .constdata          GUI_CM4F_L.lib(guidrv_lin_16.o)
    0x08010a84   0x00000518   Data   RO         7115    .constdata          GUI_CM4F_L.lib(f6x8.o)
    0x08010f9c   0x000001c0   Data   RO         7116    .constdata          GUI_CM4F_L.lib(f6x8.o)
    0x0801115c   0x00000008   Data   RO         7117    .constdata          GUI_CM4F_L.lib(f6x8.o)
    0x08011164   0x00000014   Data   RO         7118    .constdata          GUI_CM4F_L.lib(f6x8.o)
    0x08011178   0x00000024   Data   RO         7119    .constdata          GUI_CM4F_L.lib(f6x8.o)
    0x0801119c   0x00000018   Data   RO         7130    .constdata          GUI_CM4F_L.lib(guicc_16.o)
    0x080111b4   0x00000010   Data   RO         7140    .constdata          GUI_CM4F_L.lib(gui__divtbl_15_255.o)
    0x080111c4   0x00000100   Data   RO         7147    .constdata          GUI_CM4F_L.lib(gui__divtbl_255_15.o)
    0x080112c4   0x00000100   Data   RO         7154    .constdata          GUI_CM4F_L.lib(gui__divtbl_255_31.o)
    0x080113c4   0x00000100   Data   RO         7161    .constdata          GUI_CM4F_L.lib(gui__divtbl_255_63.o)
    0x080114c4   0x00000020   Data   RO         7168    .constdata          GUI_CM4F_L.lib(gui__divtbl_31_255.o)
    0x080114e4   0x00000040   Data   RO         7175    .constdata          GUI_CM4F_L.lib(gui__divtbl_63_255.o)
    0x08011524   0x00000028   Data   RO         7203    .constdata          GUI_CM4F_L.lib(gui_adddecshift.o)
    0x0801154c   0x00000010   Data   RO         7346    .constdata          GUI_CM4F_L.lib(gui_uc_encodenone.o)
    0x0801155c   0x00000018   Data   RO         7383    .constdata          GUI_CM4F_L.lib(guicc_0.o)
    0x08011574   0x00000100   Data   RO         7435    .constdata          GUI_CM4F_L.lib(lcd_mirror.o)
    0x08011674   0x00000074   Data   RO         7474    .constdata          GUI_CM4F_L.lib(guidev_16.o)
    0x080116e8   0x00000008   Data   RO         7910    .constdata          GUI_CM4F_L.lib(guidev_writetoactiveopaque.o)
    0x080116f0   0x00000018   Data   RO         8296    .constdata          GUI_CM4F_L.lib(guicc_8888.o)
    0x08011708   0x00000074   Data   RO         8324    .constdata          GUI_CM4F_L.lib(guidev_32.o)
    0x0801177c   0x00000018   Data   RO         8422    .constdata          GUI_CM4F_L.lib(guidev_usagebm.o)
    0x08011794   0x0000000b   Data   RO         2081    .conststrlit        rtx_kernel.o
    0x0801179f   0x00000001   PAD
    0x080117a0   0x00000068   Data   RO         2291    .rodata             rtx_lib.o
    0x08011808   0x00000020   Data   RO         9031    Region$$Table       anon$$obj.o


    Execution Region RW_IRAM1 (Base: 0x20000000, Size: 0x0000a308, Max: 0x00030000, ABSOLUTE, COMPRESSED[0x000000d4])

    Base Addr    Size         Type   Attr      Idx    E Section Name        Object

    0x20000000   0x00002230   Data   RW         2284    .bss.os             rtx_lib.o
    0x20002230   0x00000034   Data   RW         2285    .bss.os.msgqueue.cb  rtx_lib.o
    0x20002264   0x00000050   Data   RW         2286    .bss.os.msgqueue.mem  rtx_lib.o
    0x200022b4   0x0000001c   Data   RW         6000    .bss.os.mutex.cb    gui_x_rte.o
    0x200022d0   0x00000088   Data   RW         2287    .bss.os.thread.cb   rtx_lib.o
    0x20002358   0x00000190   Data   RW         2288    .bss.os.thread.stack  rtx_lib.o
    0x200024e8   0x00000020   Data   RW         6001    .bss.os.timer.cb    gui_x_rte.o
    0x20002508   0x00000004   Data   RW          195    .data               stm32f429i_discovery_gyroscope.o
    0x2000250c   0x0000002c   Data   RW          277    .data               l3gd20.o
    0x20002538   0x00000014   Data   RW          379    .data               stm32f429i_discovery.o
    0x2000254c   0x00000005   Data   RW         2290    .data               rtx_lib.o
    0x20002551   0x00000001   Data   RW         3632    .data               os_systick.o
    0x20002552   0x00000002   PAD
    0x20002554   0x00000004   Data   RW         3912    .data               stm32f4xx_hal.o
    0x20002558   0x00000004   Data   RW         5486    .data               system_stm32f4xx.o
    0x2000255c   0x00000010   Data   RW         6003    .data               gui_x_rte.o
    0x2000256c   0x00000020   Data   RW         6153    .data               lcdconf.o
    0x2000258c   0x00000008   Data   RW         6444    .data               GUI_CM4F_L.lib(guicc_m1555i.o)
    0x20002594   0x00000008   Data   RW         6464    .data               GUI_CM4F_L.lib(guicc_m4444i.o)
    0x2000259c   0x00000008   Data   RW         6483    .data               GUI_CM4F_L.lib(guicc_m8888i.o)
    0x200025a4   0x00000028   Data   RW         6505    .data               GUI_CM4F_L.lib(gui__alpha.o)
    0x200025cc   0x00000008   Data   RW         6560    .data               GUI_CM4F_L.lib(gui_alloc.o)
    0x200025d4   0x0000002c   Data   RW         6617    .data               GUI_CM4F_L.lib(gui_core.o)
    0x20002600   0x00000004   Data   RW         6618    .data               GUI_CM4F_L.lib(gui_core.o)
    0x20002604   0x00000004   Data   RW         6620    .data               GUI_CM4F_L.lib(gui_core.o)
    0x20002608   0x00000004   Data   RW         6621    .data               GUI_CM4F_L.lib(gui_core.o)
    0x2000260c   0x00000004   Data   RW         6622    .data               GUI_CM4F_L.lib(gui_core.o)
    0x20002610   0x00000004   Data   RW         6623    .data               GUI_CM4F_L.lib(gui_core.o)
    0x20002614   0x00000004   Data   RW         6624    .data               GUI_CM4F_L.lib(gui_core.o)
    0x20002618   0x00000002   Data   RW         6625    .data               GUI_CM4F_L.lib(gui_core.o)
    0x2000261a   0x00000001   Data   RW         6626    .data               GUI_CM4F_L.lib(gui_core.o)
    0x2000261b   0x00000001   PAD
    0x2000261c   0x00000004   Data   RW         6627    .data               GUI_CM4F_L.lib(gui_core.o)
    0x20002620   0x00000002   Data   RW         6628    .data               GUI_CM4F_L.lib(gui_core.o)
    0x20002622   0x00000002   Data   RW         6629    .data               GUI_CM4F_L.lib(gui_core.o)
    0x20002624   0x00000024   Data   RW         6711    .data               GUI_CM4F_L.lib(gui_multibuf.o)
    0x20002648   0x00000008   Data   RW         6795    .data               GUI_CM4F_L.lib(guicc_m565.o)
    0x20002650   0x00000008   Data   RW         6814    .data               GUI_CM4F_L.lib(guicc_m888.o)
    0x20002658   0x00000004   Data   RW         6845    .data               GUI_CM4F_L.lib(lcd.o)
    0x2000265c   0x00000010   Data   RW         6877    .data               GUI_CM4F_L.lib(lcd_color.o)
    0x2000266c   0x00000008   Data   RW         6933    .data               GUI_CM4F_L.lib(lcd_getex.o)
    0x20002674   0x00000004   Data   RW         7237    .data               GUI_CM4F_L.lib(gui_charline.o)
    0x20002678   0x0000001c   Data   RW         7305    .data               GUI_CM4F_L.lib(gui_task.o)
    0x20002694   0x00000064   Data   RW         7554    .data               GUI_CM4F_L.lib(wm.o)
    0x200026f8   0x00000018   Data   RW         7647    .data               GUI_CM4F_L.lib(gui__managecache.o)
    0x20002710   0x00000010   Data   RW         7727    .data               GUI_CM4F_L.lib(gui_onkey.o)
    0x20002720   0x0000000c   Data   RW         7788    .data               GUI_CM4F_L.lib(gui_waitevent.o)
    0x2000272c   0x00000004   Data   RW         7854    .data               GUI_CM4F_L.lib(guidev_banding.o)
    0x20002730   0x00000001   Data   RW         7875    .data               GUI_CM4F_L.lib(guidev_staticdevices.o)
    0x20002731   0x00000003   PAD
    0x20002734   0x00000004   Data   RW         7923    .data               GUI_CM4F_L.lib(wm__sendmessage.o)
    0x20002738   0x00000014   Data   RW         8267    .data               GUI_CM4F_L.lib(gui_timer.o)
    0x2000274c   0x00000004   Data   RW         8709    .data               GUI_CM4F_L.lib(lcd_aa.o)
    0x20002750   0x000000a4   Data   RW         2082    .data.os            rtx_kernel.o
    0x200027f4   0x000000ac   Zero   RW          377    .bss                stm32f429i_discovery.o
    0x200028a0   0x00000028   Zero   RW         3755    .bss                spi_stm32f4xx.o
    0x200028c8   0x00004000   Zero   RW         6087    .bss                guiconf.o
    0x200068c8   0x000031e8   Zero   RW         6151    .bss                lcdconf.o
    0x20009ab0   0x000000cc   Zero   RW         6559    .bss                GUI_CM4F_L.lib(gui_alloc.o)
    0x20009b7c   0x00000070   Zero   RW         6615    .bss                GUI_CM4F_L.lib(gui_core.o)
    0x20009bec   0x00000018   Zero   RW         7552    .bss                GUI_CM4F_L.lib(wm.o)
    0x20009c04   0x00000058   Zero   RW         7726    .bss                GUI_CM4F_L.lib(gui_onkey.o)
    0x20009c5c   0x00000048   Zero   RW         8018    .bss                GUI_CM4F_L.lib(wm_touch.o)
    0x20009ca4   0x00000060   Zero   RW         8905    .bss                c_w.l(libspace.o)
    0x20009d04   0x00000004   PAD
    0x20009d08   0x00000200   Zero   RW         5473    HEAP                startup_stm32f429xx.o
    0x20009f08   0x00000400   Zero   RW         5472    STACK               startup_stm32f429xx.o



  Load Region LR$$.ARM.__AT_0xD0000000 (Base: 0xd0000000, Size: 0x00000000, Max: 0x00025800, ABSOLUTE)

    Execution Region ER$$.ARM.__AT_0xD0000000 (Base: 0xd0000000, Size: 0x00025800, Max: 0x00025800, ABSOLUTE, UNINIT)

    Base Addr    Size         Type   Attr      Idx    E Section Name        Object

    0xd0000000   0x00025800   Zero   RW         6150    .ARM.__AT_0xD0000000  lcdconf.o


==============================================================================

Image component sizes


      Code (inc. data)   RO Data    RW Data    ZI Data      Debug   Object Name

        46          0          0          0          0      14264   cmsis_os1.o
       154         36         36         76          0       6096   gui_x_rte.o
        28          8          0          0      16384        523   guiconf.o
       184         12          1          0          0        616   irq_cm4f.o
       668         16          0         44          0       5536   l3gd20.o
       572         50          0          0          0       9305   lcd_x.o
      4472        514          8         32     166376      39187   lcdconf.o
       356         46          0          0          0     779528   main.o
       176         24          0          1          0      32427   os_systick.o
        36          6          0          0          0       1045   rtx_config.o
       210         12          0          0          0      19466   rtx_delay.o
         0          0          0          0          0       6148   rtx_evflags.o
       126          0          0          0          0      37102   rtx_evr.o
      1296         64         11        164          0      25104   rtx_kernel.o
       128          4        204       9425          0      11664   rtx_lib.o
       346          0          0          0          0       3251   rtx_memory.o
       556          0          0          0          0       3999   rtx_mempool.o
      2394         34          0          0          0      21423   rtx_msgqueue.o
      1366         40          0          0          0      10163   rtx_mutex.o
       760         36          0          0          0      10065   rtx_system.o
      2646        110          0          0          0      25646   rtx_thread.o
       878         56          0          0          0       9184   rtx_timer.o
      4054        182        144          0         40      51612   spi_stm32f4xx.o
        64         26        428          0       1536        860   startup_stm32f429xx.o
       560         62          0         20        172       5540   stm32f429i_discovery.o
       208         12          0          4          0       2918   stm32f429i_discovery_gyroscope.o
       114         16          0          4          0       4059   stm32f4xx_hal.o
       372         28          0          0          0      35153   stm32f4xx_hal_cortex.o
       170          0          0          0          0       1436   stm32f4xx_hal_dma.o
       936        102          0          0          0       3530   stm32f4xx_hal_gpio.o
      2178         12          0          0          0      14300   stm32f4xx_hal_ltdc.o
      1800         72         16          0          0       5456   stm32f4xx_hal_rcc.o
       880         24          0          0          0       1688   stm32f4xx_hal_rcc_ex.o
      1152          0          0          0          0       7283   stm32f4xx_hal_spi.o
       684         84          0          4          0       2165   system_stm32f4xx.o

    ----------------------------------------------------------------------
     30604       1688        884       9776     184508    1207742   Object Totals
         0          0         32          0          0          0   (incl. Generated)
        34          0          4          2          0          0   (incl. Padding)

    ----------------------------------------------------------------------

      Code (inc. data)   RO Data    RW Data    ZI Data      Debug   Library Member Name

         0          0       1816          0          0          0   f6x8.o
       898         56          0         40          0       1148   gui__alpha.o
       664          0          0          0          0        384   gui__compactpixelindices.o
         0          0         16          0          0          0   gui__divtbl_15_255.o
         0          0        256          0          0          0   gui__divtbl_255_15.o
         0          0        256          0          0          0   gui__divtbl_255_31.o
         0          0        256          0          0          0   gui__divtbl_255_63.o
         0          0         32          0          0          0   gui__divtbl_31_255.o
         0          0         64          0          0          0   gui__divtbl_63_255.o
       322          0          0          0          0        156   gui__expandpixelindices.o
        58          0          0          0          0        116   gui__intersectrect.o
        82          0          0          0          0        128   gui__intersectrects.o
       228          8          0         24          0        252   gui__managecache.o
        76          0          0          0          0        124   gui__memset.o
        60          0          0          0          0        124   gui__memset16.o
       220         16         40          0          0        380   gui_adddecshift.o
      1846        114          0          8        204       2992   gui_alloc.o
        46          0          0          0          0        128   gui_alloc_alloczero.o
        60          0          0          0          0        124   gui_calccolordist.o
       164         20          0          0          0        500   gui_char.o
       458         36          0          4          0        760   gui_charline.o
       394         12          0          0          0        492   gui_charm.o
       472         64          8         79        112       1132   gui_core.o
       366         24          0          0          0        976   gui_device.o
       264          4          0          0          0        136   gui_dispstring.o
        68          8          0          0          0        248   gui_exec.o
        24          4          0          0          0        124   gui_getdrawmode.o
        54         10          0          0          0        252   gui_getorg.o
        66         12          0          0          0        360   gui_goto.o
        88          0          0          0          0        124   gui_mergerect.o
        30          0          0          0          0        116   gui_moverect.o
        44          6          0         36          0        116   gui_multibuf.o
       102         12          0         16         88        476   gui_onkey.o
        28          4          0          0          0        128   gui_pen.o
        56          0          0          0          0        116   gui_rectsintersect.o
        32         10          0          0          0        232   gui_savecontext.o
        94         10          0          0          0        264   gui_selectlayer.o
        26          0          0          0          0        128   gui_selectlcd.o
        36          4          0          0          0        124   gui_setalpha.o
        44          0          0          0          0        256   gui_setcolor.o
        64          6          0          0          0        128   gui_setdefault.o
        24          0          0          0          0        124   gui_setdrawmode.o
        32          6          0          0          0        128   gui_setfont.o
        28          4          0          0          0        128   gui_setlinestyle.o
        64         16          0          0          0        136   gui_setorg.o
        32          6          0          0          0        128   gui_settextalign.o
        32          6          0          0          0        128   gui_settextmode.o
       376         42          0         28          0        764   gui_task.o
       104          6          0          0          0        132   gui_time.o
       354         16          0         20          0        772   gui_timer.o
        84         10          0          0          0        264   gui_uc.o
        18          0         16          0          0        464   gui_uc_encodenone.o
        62          0          0          0          0        252   gui_val.o
       214          4          0          0          0        412   gui_valf.o
        16          4          0         12          0        116   gui_waitevent.o
       198          0         24          0          0        388   guicc_0.o
       172          0         24          0          0        376   guicc_16.o
       228         36         24          0          0        636   guicc_1616i.o
       190          0         24          0          0        356   guicc_8666.o
       194         18         24          0          0        636   guicc_88666i.o
        36          0         24          0          0        480   guicc_8888.o
         2          0          0          0          0        116   guicc_8888_index2color.o
         2          0          0          0          0        116   guicc_888_index2color.o
       290         32         24          8          0        768   guicc_m1555i.o
       312         22         24          8          0        768   guicc_m4444i.o
       258         46         24          8          0        652   guicc_m565.o
       142         16         24          8          0        636   guicc_m888.o
       184         12         24          8          0        644   guicc_m8888i.o
        30          0          0          0          0        124   guicc_m8888i_index2color.o
        20          0          0          0          0        116   guicc_m888_index2color.o
       806         40          0          0          0       1064   guidev.o
      2282         60        116          0          0       2104   guidev_16.o
      2368         62        116          0          0       2256   guidev_32.o
       352         12          0          4          0        264   guidev_banding.o
        68          4          0          0          0        124   guidev_clear.o
        40          0          0          0          0        128   guidev_getdataptr.o
        52          6          0          0          0        128   guidev_getysize.o
        56          4          0          0          0        128   guidev_reduceysize.o
       100          4          0          0          0        128   guidev_setorg.o
       358         20          0          1          0        284   guidev_staticdevices.o
        84          0          0          0          0        260   guidev_usage.o
       424          4         24          0          0        748   guidev_usagebm.o
       116          4          0          0          0        244   guidev_write.o
       400         14          0          0          0        144   guidev_writetoactivealpha.o
      1854         18          8          0          0        732   guidev_writetoactiveopaque.o
      3240        182         52          0          0       4480   guidrv_lin_16.o
      1646        110         12          4          0       2164   lcd.o
        16          6          0          4          0        116   lcd_aa.o
       276         30          0         16          0        748   lcd_color.o
       474         54          0          8          0       3296   lcd_getex.o
        26          0          0          0          0        128   lcd_getnumdisplays.o
         0          0        256          0          0          0   lcd_mirror.o
       504         18          0          0          0        280   lcd_readrect.o
        64          8          0          0          0        128   lcd_selectlcd.o
       260          0          0          0          0        788   lcd_set.o
        48         10          0          0          0        128   lcd_setcliprectex.o
        36          4          0          0          0        128   lcd_updatecolorindices.o
      4658        222          0        100         24       6452   wm.o
        18          0          0          0          0        124   wm__getfirstsibling.o
        36          0          0          0          0        128   wm__getprevsibling.o
        60          6          0          4          0        136   wm__sendmessage.o
        38          0          0          0          0        128   wm__sendmessagenopara.o
       220          0          0          0          0        144   wm__updatechildpositions.o
       136          0          0          0          0        140   wm_bringtobottom.o
        16          6          0          0          0        116   wm_criticalhandle.o
        32          0          0          0          0        128   wm_getclientrect.o
        24         10          0          0          0        116   wm_getdesktopwindow.o
        26          0          0          0          0        124   wm_getfirstchild.o
        32          0          0          0          0        128   wm_getorg.o
        26          0          0          0          0        124   wm_getparent.o
       294          0          0          0          0        416   wm_move.o
        16          0          0          0          0        124   wm_notifyparent.o
        64          8          0          0          0        136   wm_onkey.o
       244          0          0          0          0        136   wm_resizewindow.o
        26          0          0          0          0        136   wm_sendmessagenopara.o
        38          0          0          0          0        140   wm_sendtoparent.o
        72          0          0          0          0        132   wm_setsize.o
       124          0          0          0          0        260   wm_timer.o
         0          0          0          0         72          0   wm_touch.o
        90          0          0          0          0          0   __dczerorl2.o
         8          0          0          0          0         68   __main.o
         0          0          0          0          0          0   __rtentry.o
        20          0          0          0          0          0   __rtentry2.o
         6          0          0          0          0          0   __rtentry4.o
        52          8          0          0          0          0   __scatter.o
        28          0          0          0          0          0   __scatter_zi.o
        16          0          0          0          0         68   aeabi_memset.o
        18          0          0          0          0         80   exit.o
         6          0          0          0          0        152   heapauxi.o
         0          0          0          0          0          0   indicate_semi.o
         2          0          0          0          0          0   libinit.o
         6          0          0          0          0          0   libinit2.o
         2          0          0          0          0          0   libshutdown.o
         2          0          0          0          0          0   libshutdown2.o
         8          4          0          0         96         68   libspace.o
        68          0          0          0          0         68   rt_memclr.o
        78          0          0          0          0         80   rt_memclr_w.o
       138          0          0          0          0         68   rt_memcpy_v6.o
       100          0          0          0          0         80   rt_memcpy_w.o
       132          0          0          0          0         68   rt_memmove_v6.o
       122          0          0          0          0         80   rt_memmove_w.o
         2          0          0          0          0          0   rtexit.o
        10          0          0          0          0          0   rtexit2.o
        12          4          0          0          0         68   sys_exit.o
        74          0          0          0          0         80   sys_stackheap_outer.o
         2          0          0          0          0         68   use_no_semi.o
        98          4          0          0          0        140   d2f.o
       826         16          0          0          0        492   daddsub_clz.o
        24          0          0          0          0        116   dcmpi.o
       120          4          0          0          0        140   dleqf.o
       156          4          0          0          0        140   dnaninf.o
        12          0          0          0          0        116   dretinf.o
       108          0          0          0          0        128   drleqf.o
        86          4          0          0          0        132   f2d.o
       140          4          0          0          0        132   fnaninf.o
        10          0          0          0          0        116   fpinit.o
        10          0          0          0          0        116   fretinf.o
         0          0          0          0          0          0   usenofp.o
       280         28          0          0          0        156   ceil.o
       280         28          0          0          0        156   floor.o

    ----------------------------------------------------------------------
     36624       1776       3608        452        600      57768   Library Totals
        90          0          0          4          4          0   (incl. Padding)

    ----------------------------------------------------------------------

      Code (inc. data)   RO Data    RW Data    ZI Data      Debug   Library Name

     33382       1668       3608        448        500      54592   GUI_CM4F_L.lib
      1002         16          0          0         96       1096   c_w.l
      1590         36          0          0          0       1768   fz_wm.l
       560         56          0          0          0        312   m_wm.l

    ----------------------------------------------------------------------
     36624       1776       3608        452        600      57768   Library Totals

    ----------------------------------------------------------------------

==============================================================================


      Code (inc. data)   RO Data    RW Data    ZI Data      Debug   

     67228       3464       4492      10228     185108    1187990   Grand Totals
     67228       3464       4492        212     185108    1187990   ELF Image Totals (compressed)
     67228       3464       4492        212          0          0   ROM Totals

==============================================================================

    Total RO  Size (Code + RO Data)                71720 (  70.04kB)
    Total RW  Size (RW Data + ZI Data)            195336 ( 190.76kB)
    Total ROM Size (Code + RO Data + RW Data)      71932 (  70.25kB)

==============================================================================

