Component: ARM Compiler 5.06 update 3 (build 300) Tool: armlink [4d35c9]

==============================================================================

Section Cross References

    main.o(i.SystemClock_Config) refers to stm32f4xx_hal_rcc.o(i.HAL_RCC_OscConfig) for HAL_RCC_OscConfig
    main.o(i.SystemClock_Config) refers to stm32f4xx_hal_rcc.o(i.HAL_RCC_ClockConfig) for HAL_RCC_ClockConfig
    main.o(i.main) refers to rtx_kernel.o(i.osKernelInitialize) for osKernelInitialize
    main.o(i.main) refers to stm32f4xx_hal.o(i.HAL_Init) for HAL_Init
    main.o(i.main) refers to main.o(i.SystemClock_Config) for SystemClock_Config
    main.o(i.main) refers to rtx_thread.o(i.osThreadNew) for osThreadNew
    main.o(i.main) refers to rtx_kernel.o(i.osKernelStart) for osKernelStart
    main.o(i.main) refers to game_thread.o(i.GameThread) for GameThread
    main.o(i.main) refers to gyro_thread.o(i.GyroThread) for GyroThread
    main.o(i.main) refers to button_thread.o(i.ButtonThread) for ButtonThread
    l3gd20.o(i.L3GD20_DisableIT) refers to stm32f429i_discovery.o(i.GYRO_IO_Read) for GYRO_IO_Read
    l3gd20.o(i.L3GD20_DisableIT) refers to stm32f429i_discovery.o(i.GYRO_IO_Write) for GYRO_IO_Write
    l3gd20.o(i.L3GD20_EnableIT) refers to stm32f429i_discovery.o(i.GYRO_IO_Read) for GYRO_IO_Read
    l3gd20.o(i.L3GD20_EnableIT) refers to stm32f429i_discovery.o(i.GYRO_IO_Write) for GYRO_IO_Write
    l3gd20.o(i.L3GD20_FilterCmd) refers to stm32f429i_discovery.o(i.GYRO_IO_Read) for GYRO_IO_Read
    l3gd20.o(i.L3GD20_FilterCmd) refers to stm32f429i_discovery.o(i.GYRO_IO_Write) for GYRO_IO_Write
    l3gd20.o(i.L3GD20_FilterConfig) refers to stm32f429i_discovery.o(i.GYRO_IO_Read) for GYRO_IO_Read
    l3gd20.o(i.L3GD20_FilterConfig) refers to stm32f429i_discovery.o(i.GYRO_IO_Write) for GYRO_IO_Write
    l3gd20.o(i.L3GD20_GetDataStatus) refers to stm32f429i_discovery.o(i.GYRO_IO_Read) for GYRO_IO_Read
    l3gd20.o(i.L3GD20_INT1InterruptConfig) refers to stm32f429i_discovery.o(i.GYRO_IO_Read) for GYRO_IO_Read
    l3gd20.o(i.L3GD20_INT1InterruptConfig) refers to stm32f429i_discovery.o(i.GYRO_IO_Write) for GYRO_IO_Write
    l3gd20.o(i.L3GD20_Init) refers to stm32f429i_discovery.o(i.GYRO_IO_Init) for GYRO_IO_Init
    l3gd20.o(i.L3GD20_Init) refers to stm32f429i_discovery.o(i.GYRO_IO_Write) for GYRO_IO_Write
    l3gd20.o(i.L3GD20_ReadID) refers to stm32f429i_discovery.o(i.GYRO_IO_Init) for GYRO_IO_Init
    l3gd20.o(i.L3GD20_ReadID) refers to stm32f429i_discovery.o(i.GYRO_IO_Read) for GYRO_IO_Read
    l3gd20.o(i.L3GD20_ReadXYZAngRate) refers to stm32f429i_discovery.o(i.GYRO_IO_Read) for GYRO_IO_Read
    l3gd20.o(i.L3GD20_RebootCmd) refers to stm32f429i_discovery.o(i.GYRO_IO_Read) for GYRO_IO_Read
    l3gd20.o(i.L3GD20_RebootCmd) refers to stm32f429i_discovery.o(i.GYRO_IO_Write) for GYRO_IO_Write
    l3gd20.o(.data) refers to l3gd20.o(i.L3GD20_Init) for L3GD20_Init
    l3gd20.o(.data) refers to l3gd20.o(i.L3GD20_ReadID) for L3GD20_ReadID
    l3gd20.o(.data) refers to l3gd20.o(i.L3GD20_RebootCmd) for L3GD20_RebootCmd
    l3gd20.o(.data) refers to l3gd20.o(i.L3GD20_INT1InterruptConfig) for L3GD20_INT1InterruptConfig
    l3gd20.o(.data) refers to l3gd20.o(i.L3GD20_EnableIT) for L3GD20_EnableIT
    l3gd20.o(.data) refers to l3gd20.o(i.L3GD20_DisableIT) for L3GD20_DisableIT
    l3gd20.o(.data) refers to l3gd20.o(i.L3GD20_FilterConfig) for L3GD20_FilterConfig
    l3gd20.o(.data) refers to l3gd20.o(i.L3GD20_FilterCmd) for L3GD20_FilterCmd
    l3gd20.o(.data) refers to l3gd20.o(i.L3GD20_ReadXYZAngRate) for L3GD20_ReadXYZAngRate
    stm32f429i_discovery.o(i.BSP_LED_Off) refers to stm32f4xx_hal_gpio.o(i.HAL_GPIO_WritePin) for HAL_GPIO_WritePin
    stm32f429i_discovery.o(i.BSP_LED_Off) refers to stm32f429i_discovery.o(.constdata) for GPIO_PIN
    stm32f429i_discovery.o(i.BSP_LED_Off) refers to stm32f429i_discovery.o(.data) for GPIO_PORT
    stm32f429i_discovery.o(i.BSP_LED_On) refers to stm32f4xx_hal_gpio.o(i.HAL_GPIO_WritePin) for HAL_GPIO_WritePin
    stm32f429i_discovery.o(i.BSP_LED_On) refers to stm32f429i_discovery.o(.constdata) for GPIO_PIN
    stm32f429i_discovery.o(i.BSP_LED_On) refers to stm32f429i_discovery.o(.data) for GPIO_PORT
    stm32f429i_discovery.o(i.BSP_LED_Toggle) refers to stm32f4xx_hal_gpio.o(i.HAL_GPIO_TogglePin) for HAL_GPIO_TogglePin
    stm32f429i_discovery.o(i.BSP_LED_Toggle) refers to stm32f429i_discovery.o(.constdata) for GPIO_PIN
    stm32f429i_discovery.o(i.BSP_LED_Toggle) refers to stm32f429i_discovery.o(.data) for GPIO_PORT
    stm32f429i_discovery.o(i.BSP_PB_GetState) refers to stm32f4xx_hal_gpio.o(i.HAL_GPIO_ReadPin) for HAL_GPIO_ReadPin
    stm32f429i_discovery.o(i.BSP_PB_GetState) refers to stm32f429i_discovery.o(.constdata) for BUTTON_PIN
    stm32f429i_discovery.o(i.BSP_PB_GetState) refers to stm32f429i_discovery.o(.data) for BUTTON_PORT
    stm32f429i_discovery.o(i.BSP_PB_Init) refers to stm32f4xx_hal_gpio.o(i.HAL_GPIO_Init) for HAL_GPIO_Init
[...]
    0x08002934   0x0000000c   Code   RO         6884    i.GUI_SetFuncAlphaBlending  GUI_CM4F_L.lib(gui__alpha.o)
    0x08002940   0x0000000c   Code   RO         7015    i.GUI_SetFuncGetpPalConvTable  GUI_CM4F_L.lib(gui_core.o)
    0x0800294c   0x0000000c   Code   RO         6886    i.GUI_SetFuncMixColors  GUI_CM4F_L.lib(gui__alpha.o)
    0x08002958   0x0000000c   Code   RO         6887    i.GUI_SetFuncMixColorsBulk  GUI_CM4F_L.lib(gui__alpha.o)
    0x08002964   0x0000001c   Code   RO         8683    i.GUI_SetLineStyle  GUI_CM4F_L.lib(gui_setlinestyle.o)
    0x08002980   0x00000040   Code   RO         7736    i.GUI_SetOrg        GUI_CM4F_L.lib(gui_setorg.o)
    0x080029c0   0x0000001c   Code   RO         8554    i.GUI_SetPenSize    GUI_CM4F_L.lib(gui_pen.o)
    0x080029dc   0x00000020   Code   RO         8691    i.GUI_SetTextAlign  GUI_CM4F_L.lib(gui_settextalign.o)
    0x080029fc   0x00000020   Code   RO         8699    i.GUI_SetTextMode   GUI_CM4F_L.lib(gui_settextmode.o)
    0x08002a1c   0x00000010   Code   RO         8237    i.GUI_SignalEvent   GUI_CM4F_L.lib(gui_waitevent.o)
    0x08002a2c   0x00000010   Code   RO         8184    i.GUI_StoreKey      GUI_CM4F_L.lib(gui_onkey.o)
    0x08002a3c   0x00000026   Code   RO         8708    i.GUI_TIMER_Delete  GUI_CM4F_L.lib(gui_timer.o)
    0x08002a62   0x00000032   Code   RO         8710    i.GUI_TIMER_GetFlag  GUI_CM4F_L.lib(gui_timer.o)
    0x08002a94   0x00000028   Code   RO         8716    i.GUI_TIMER__GetFirstTimer  GUI_CM4F_L.lib(gui_timer.o)
    0x08002abc   0x00000036   Code   RO         8718    i.GUI_TIMER__GetNextTimerLin  GUI_CM4F_L.lib(gui_timer.o)
    0x08002af2   0x00000002   PAD
    0x08002af4   0x00000010   Code   RO         6374    i.GUI_Tick          gui_x_rte.o
    0x08002b04   0x0000002c   Code   RO         7773    i.GUI_UC__GetCharCodeInc  GUI_CM4F_L.lib(gui_uc.o)
    0x08002b30   0x00000028   Code   RO         7775    i.GUI_UC__NumChars2NumBytes  GUI_CM4F_L.lib(gui_uc.o)
    0x08002b58   0x00000028   Code   RO         8345    i.GUI_USAGE_AddRect  GUI_CM4F_L.lib(guidev_usage.o)
    0x08002b80   0x00000074   Code   RO         8874    i.GUI_USAGE_BM_AddHLine  GUI_CM4F_L.lib(guidev_usagebm.o)
    0x08002bf4   0x0000002c   Code   RO         8875    i.GUI_USAGE_BM_AddPixel  GUI_CM4F_L.lib(guidev_usagebm.o)
    0x08002c20   0x0000000e   Code   RO         8876    i.GUI_USAGE_BM_Clear  GUI_CM4F_L.lib(guidev_usagebm.o)
    0x08002c2e   0x00000002   PAD
    0x08002c30   0x0000005c   Code   RO         8877    i.GUI_USAGE_BM_Create  GUI_CM4F_L.lib(guidev_usagebm.o)
    0x08002c8c   0x0000009a   Code   RO         8878    i.GUI_USAGE_BM_GetNextDirty  GUI_CM4F_L.lib(guidev_usagebm.o)
    0x08002d26   0x0000002c   Code   RO         8346    i.GUI_USAGE_DecUseCnt  GUI_CM4F_L.lib(guidev_usage.o)
    0x08002d52   0x00000002   PAD
    0x08002d54   0x00000014   Code   RO         7750    i.GUI_Unlock        GUI_CM4F_L.lib(gui_task.o)
    0x08002d68   0x0000001c   Code   RO         6475    i.GUI_X_Config      guiconf.o
    0x08002d84   0x0000000c   Code   RO         6375    i.GUI_X_Delay       gui_x_rte.o
    0x08002d90   0x0000000a   Code   RO         6377    i.GUI_X_ExecIdle    gui_x_rte.o
    0x08002d9a   0x00000008   Code   RO         6378    i.GUI_X_GetTaskId   gui_x_rte.o
    0x08002da2   0x00000002   PAD
    0x08002da4   0x0000000c   Code   RO         6379    i.GUI_X_GetTime     gui_x_rte.o
    0x08002db0   0x00000024   Code   RO         6380    i.GUI_X_Init        gui_x_rte.o
    0x08002dd4   0x00000018   Code   RO         6381    i.GUI_X_InitOS      gui_x_rte.o
    0x08002dec   0x00000014   Code   RO         6382    i.GUI_X_Lock        gui_x_rte.o
    0x08002e00   0x00000010   Code   RO         6385    i.GUI_X_Unlock      gui_x_rte.o
    0x08002e10   0x00000016   Code   RO         6888    i.GUI__AllocAlphaBuffer  GUI_CM4F_L.lib(gui__alpha.o)
    0x08002e26   0x00000002   PAD
    0x08002e28   0x00000024   Code   RO         8594    i.GUI__AlphaPreserveTrans  GUI_CM4F_L.lib(gui_setalpha.o)
    0x08002e4c   0x00000124   Code   RO         8489    i.GUI__CompactPixelIndices  GUI_CM4F_L.lib(gui__compactpixelindices.o)
    0x08002f70   0x0000000c   Code   RO         8490    i.GUI__CompactPixelIndicesEx  GUI_CM4F_L.lib(gui__compactpixelindices.o)
    0x08002f7c   0x00000038   Code   RO         7016    i.GUI__Config       GUI_CM4F_L.lib(gui_core.o)
    0x08002fb4   0x00000168   Code   RO         8491    i.GUI__ConvertColor2Index  GUI_CM4F_L.lib(gui__compactpixelindices.o)
    0x0800311c   0x000000b0   Code   RO         7695    i.GUI__DispLine     GUI_CM4F_L.lib(gui_charline.o)
    0x080031cc   0x000001d0   Code   RO         6889    i.GUI__DoAlphaBlending  GUI_CM4F_L.lib(gui__alpha.o)
    0x0800339c   0x00000142   Code   RO         7647    i.GUI__ExpandPixelIndicesEx  GUI_CM4F_L.lib(gui__expandpixelindices.o)
    0x080034de   0x00000002   PAD
    0x080034e0   0x0000009c   Code   RO         6890    i.GUI__GetAlphaBuffer  GUI_CM4F_L.lib(gui__alpha.o)
    0x0800357c   0x00000054   Code   RO         7696    i.GUI__GetLineDistX  GUI_CM4F_L.lib(gui_charline.o)
    0x080035d0   0x00000038   Code   RO         7697    i.GUI__GetLineNumChars  GUI_CM4F_L.lib(gui_charline.o)
    0x08003608   0x0000001c   Code   RO         8542    i.GUI__GetOrg       GUI_CM4F_L.lib(gui_getorg.o)
    0x08003624   0x00000018   Code   RO         7698    i.GUI__GetOverlap   GUI_CM4F_L.lib(gui_charline.o)
    0x0800363c   0x0000003a   Code   RO         8087    i.GUI__IntersectRect  GUI_CM4F_L.lib(gui__intersectrect.o)
    0x08003676   0x00000052   Code   RO         8095    i.GUI__IntersectRects  GUI_CM4F_L.lib(gui__intersectrects.o)
    0x080036c8   0x00000010   Code   RO         8105    i.GUI__ManageCache  GUI_CM4F_L.lib(gui__managecache.o)
    0x080036d8   0x000000d4   Code   RO         8106    i.GUI__ManageCacheEx  GUI_CM4F_L.lib(gui__managecache.o)
    0x080037ac   0x00000066   Code   RO         6891    i.GUI__MixColors    GUI_CM4F_L.lib(gui__alpha.o)
    0x08003812   0x0000004e   Code   RO         6892    i.GUI__MixColorsBulk  GUI_CM4F_L.lib(gui__alpha.o)
    0x08003860   0x00000010   Code   RO         7017    i.GUI__RegisterExit  GUI_CM4F_L.lib(gui_core.o)
    0x08003870   0x0000004c   Code   RO         7656    i.GUI__memset       GUI_CM4F_L.lib(gui__memset.o)
    0x080038bc   0x0000003c   Code   RO         8122    i.GUI__memset16     GUI_CM4F_L.lib(gui__memset16.o)
    0x080038f8   0x00000094   Code   RO          398    i.GYRO_IO_Init      stm32f429i_discovery.o
    0x0800398c   0x0000004c   Code   RO          399    i.GYRO_IO_Read      stm32f429i_discovery.o
    0x080039d8   0x00000044   Code   RO          400    i.GYRO_IO_Write     stm32f429i_discovery.o
    0x08003a1c   0x0000002a   Code   RO          720    i.GameThread        game_thread.o
    0x08003a46   0x0000002c   Code   RO          766    i.GyroThread        gyro_thread.o
    0x08003a72   0x000000aa   Code   RO         4472    i.HAL_DMA_Abort     stm32f4xx_hal_dma.o
    0x08003b1c   0x00000180   Code   RO         4813    i.HAL_GPIO_DeInit   stm32f4xx_hal_gpio.o
    0x08003c9c   0x0000021c   Code   RO         4816    i.HAL_GPIO_Init     stm32f4xx_hal_gpio.o
    0x08003eb8   0x00000010   Code   RO         4818    i.HAL_GPIO_ReadPin  stm32f4xx_hal_gpio.o
    0x08003ec8   0x00000008   Code   RO         4819    i.HAL_GPIO_TogglePin  stm32f4xx_hal_gpio.o
    0x08003ed0   0x0000000c   Code   RO         4820    i.HAL_GPIO_WritePin  stm32f4xx_hal_gpio.o
    0x08003edc   0x0000000c   Code   RO         4197    i.HAL_GetTick       stm32f4xx_hal.o
    0x08003ee8   0x0000003c   Code   RO         4199    i.HAL_Init          stm32f4xx_hal.o
    0x08003f24   0x00000028   Code   RO         4200    i.HAL_InitTick      stm32f4xx_hal.o
    0x08003f4c   0x000000b4   Code   RO         5342    i.HAL_LTDC_ConfigCLUT  stm32f4xx_hal_ltdc.o
    0x08004000   0x00000060   Code   RO         5343    i.HAL_LTDC_ConfigColorKeying  stm32f4xx_hal_ltdc.o
    0x08004060   0x0000005e   Code   RO         5345    i.HAL_LTDC_ConfigLayer  stm32f4xx_hal_ltdc.o
    0x080040be   0x0000004c   Code   RO         5350    i.HAL_LTDC_DisableColorKeying  stm32f4xx_hal_ltdc.o
    0x0800410a   0x0000004c   Code   RO         5353    i.HAL_LTDC_EnableCLUT  stm32f4xx_hal_ltdc.o
    0x08004156   0x0000004c   Code   RO         5355    i.HAL_LTDC_EnableColorKeying  stm32f4xx_hal_ltdc.o
    0x080041a2   0x00000002   Code   RO         5358    i.HAL_LTDC_ErrorCallback  stm32f4xx_hal_ltdc.o
    0x080041a4   0x0000010c   Code   RO         5361    i.HAL_LTDC_IRQHandler  stm32f4xx_hal_ltdc.o
    0x080042b0   0x00000128   Code   RO         5362    i.HAL_LTDC_Init     stm32f4xx_hal_ltdc.o
    0x080043d8   0x00000088   Code   RO         6492    i.HAL_LTDC_LineEventCallback  lcdconf.o
    0x08004460   0x00000002   Code   RO         5365    i.HAL_LTDC_MspInit  stm32f4xx_hal_ltdc.o
    0x08004462   0x00000002   PAD
    0x08004464   0x00000048   Code   RO         5366    i.HAL_LTDC_ProgramLineEvent  stm32f4xx_hal_ltdc.o
    0x080044ac   0x00000002   Code   RO         5368    i.HAL_LTDC_ReloadEventCallback  stm32f4xx_hal_ltdc.o
    0x080044ae   0x0000005c   Code   RO         5369    i.HAL_LTDC_SetAddress  stm32f4xx_hal_ltdc.o
    0x0800450a   0x0000005c   Code   RO         5371    i.HAL_LTDC_SetAlpha  stm32f4xx_hal_ltdc.o
    0x08004566   0x0000006c   Code   RO         5377    i.HAL_LTDC_SetWindowPosition  stm32f4xx_hal_ltdc.o
    0x080045d2   0x00000074   Code   RO         5379    i.HAL_LTDC_SetWindowSize  stm32f4xx_hal_ltdc.o
    0x08004646   0x00000002   Code   RO         4202    i.HAL_MspInit       stm32f4xx_hal.o
    0x08004648   0x00000044   Code   RO         4343    i.HAL_NVIC_DisableIRQ  stm32f4xx_hal_cortex.o
    0x0800468c   0x00000020   Code   RO         4344    i.HAL_NVIC_EnableIRQ  stm32f4xx_hal_cortex.o
    0x080046ac   0x0000007c   Code   RO         4350    i.HAL_NVIC_SetPriority  stm32f4xx_hal_cortex.o
    0x08004728   0x00000028   Code   RO         4351    i.HAL_NVIC_SetPriorityGrouping  stm32f4xx_hal_cortex.o
    0x08004750   0x00000370   Code   RO         5897    i.HAL_RCCEx_PeriphCLKConfig  stm32f4xx_hal_rcc_ex.o
    0x08004ac0   0x000001d0   Code   RO         5792    i.HAL_RCC_ClockConfig  stm32f4xx_hal_rcc.o
    0x08004c90   0x0000000c   Code   RO         5797    i.HAL_RCC_GetHCLKFreq  stm32f4xx_hal_rcc.o
    0x08004c9c   0x0000002c   Code   RO         5800    i.HAL_RCC_GetPCLK2Freq  stm32f4xx_hal_rcc.o
    0x08004cc8   0x000000b4   Code   RO         5801    i.HAL_RCC_GetSysClockFreq  stm32f4xx_hal_rcc.o
    0x08004d7c   0x0000044c   Code   RO         5804    i.HAL_RCC_OscConfig  stm32f4xx_hal_rcc.o
    0x080051c8   0x00000036   Code   RO         6031    i.HAL_SPI_DeInit    stm32f4xx_hal_spi.o
    0x080051fe   0x00000008   Code   RO         6034    i.HAL_SPI_GetState  stm32f4xx_hal_spi.o
    0x08005206   0x000000a0   Code   RO         6036    i.HAL_SPI_Init      stm32f4xx_hal_spi.o
    0x080052a6   0x00000002   Code   RO         6037    i.HAL_SPI_MspDeInit  stm32f4xx_hal_spi.o
    0x080052a8   0x00000002   Code   RO         6038    i.HAL_SPI_MspInit   stm32f4xx_hal_spi.o
    0x080052aa   0x000002cc   Code   RO         6045    i.HAL_SPI_TransmitReceive  stm32f4xx_hal_spi.o
    0x08005576   0x00000034   Code   RO         4355    i.HAL_SYSTICK_Config  stm32f4xx_hal_cortex.o
    0x080055aa   0x00000042   Code   RO          314    i.L3GD20_DisableIT  l3gd20.o
    0x080055ec   0x0000004a   Code   RO          315    i.L3GD20_EnableIT   l3gd20.o
    0x08005636   0x0000002c   Code   RO          316    i.L3GD20_FilterCmd  l3gd20.o
    0x08005662   0x0000002c   Code   RO          317    i.L3GD20_FilterConfig  l3gd20.o
    0x0800568e   0x0000005e   Code   RO          319    i.L3GD20_INT1InterruptConfig  l3gd20.o
    0x080056ec   0x0000002a   Code   RO          320    i.L3GD20_Init       l3gd20.o
    0x08005716   0x00000016   Code   RO          321    i.L3GD20_ReadID     l3gd20.o
    0x0800572c   0x000000f8   Code   RO          322    i.L3GD20_ReadXYZAngRate  l3gd20.o
    0x08005824   0x00000022   Code   RO          323    i.L3GD20_RebootCmd  l3gd20.o
    0x08005846   0x00000002   PAD
    0x08005848   0x00000064   Code   RO         9161    i.LCD_AA_MixColors16  GUI_CM4F_L.lib(lcd_aa.o)
    0x080058ac   0x00000010   Code   RO         9163    i.LCD_AA_SetAndMask  GUI_CM4F_L.lib(lcd_aa.o)
    0x080058bc   0x0000001c   Code   RO          878    i.LCD_CSX           lcd_x.o
    0x080058d8   0x0000001c   Code   RO         7288    i.LCD_Color2Index   GUI_CM4F_L.lib(lcd.o)
    0x080058f4   0x00000056   Code   RO         6795    i.LCD_Color2Index_8666  GUI_CM4F_L.lib(guicc_8666.o)
    0x0800594a   0x00000002   PAD
    0x0800594c   0x00000204   Code   RO         7289    i.LCD_DrawBitmap    GUI_CM4F_L.lib(lcd.o)
    0x08005b50   0x00000058   Code   RO         7290    i.LCD_DrawHLine     GUI_CM4F_L.lib(lcd.o)
    0x08005ba8   0x00000068   Code   RO         7291    i.LCD_DrawPixel     GUI_CM4F_L.lib(lcd.o)
    0x08005c10   0x00000054   Code   RO         7292    i.LCD_DrawVLine     GUI_CM4F_L.lib(lcd.o)
    0x08005c64   0x00000058   Code   RO         7293    i.LCD_FillRect      GUI_CM4F_L.lib(lcd.o)
    0x08005cbc   0x00000006   Code   RO         7357    i.LCD_GetBitsPerPixelEx  GUI_CM4F_L.lib(lcd_getex.o)
    0x08005cc2   0x00000002   PAD
    0x08005cc4   0x00000010   Code   RO         7875    i.LCD_GetBkColorIndex  GUI_CM4F_L.lib(lcd_getcolorindex.o)
    0x08005cd4   0x00000010   Code   RO         7876    i.LCD_GetColorIndex  GUI_CM4F_L.lib(lcd_getcolorindex.o)
    0x08005ce4   0x00000018   Code   RO         7359    i.LCD_GetDevFunc    GUI_CM4F_L.lib(lcd_getex.o)
    0x08005cfc   0x00000006   Code   RO         7361    i.LCD_GetMirrorXEx  GUI_CM4F_L.lib(lcd_getex.o)
    0x08005d02   0x00000006   Code   RO         7363    i.LCD_GetMirrorYEx  GUI_CM4F_L.lib(lcd_getex.o)
    0x08005d08   0x00000010   Code   RO         7364    i.LCD_GetNumColors  GUI_CM4F_L.lib(lcd_getex.o)
    0x08005d18   0x00000006   Code   RO         7365    i.LCD_GetNumColorsEx  GUI_CM4F_L.lib(lcd_getex.o)
    0x08005d1e   0x0000001a   Code   RO         7885    i.LCD_GetNumLayers  GUI_CM4F_L.lib(lcd_getnumdisplays.o)
    0x08005d38   0x00000010   Code   RO         7366    i.LCD_GetPalette    GUI_CM4F_L.lib(lcd_getex.o)
    0x08005d48   0x00000018   Code   RO         7367    i.LCD_GetPaletteEx  GUI_CM4F_L.lib(lcd_getex.o)
    0x08005d60   0x0000002c   Code   RO         7445    i.LCD_GetPosEx      GUI_CM4F_L.lib(lcd_set.o)
    0x08005d8c   0x00000006   Code   RO         7369    i.LCD_GetSwapXYEx   GUI_CM4F_L.lib(lcd_getex.o)
    0x08005d92   0x00000006   Code   RO         7371    i.LCD_GetVXSizeEx   GUI_CM4F_L.lib(lcd_getex.o)
    0x08005d98   0x00000006   Code   RO         7372    i.LCD_GetVXSizeMax  GUI_CM4F_L.lib(lcd_getex.o)
    0x08005d9e   0x00000006   Code   RO         7374    i.LCD_GetVYSizeEx   GUI_CM4F_L.lib(lcd_getex.o)
    0x08005da4   0x00000010   Code   RO         7378    i.LCD_GetXSize      GUI_CM4F_L.lib(lcd_getex.o)
    0x08005db4   0x0000000c   Code   RO         7379    i.LCD_GetXSizeDisplay  GUI_CM4F_L.lib(lcd_getex.o)
    0x08005dc0   0x00000006   Code   RO         7380    i.LCD_GetXSizeEx    GUI_CM4F_L.lib(lcd_getex.o)
    0x08005dc6   0x00000006   Code   RO         7381    i.LCD_GetXSizeMax   GUI_CM4F_L.lib(lcd_getex.o)
    0x08005dcc   0x00000010   Code   RO         7384    i.LCD_GetYSize      GUI_CM4F_L.lib(lcd_getex.o)
    0x08005ddc   0x0000000c   Code   RO         7385    i.LCD_GetYSizeDisplay  GUI_CM4F_L.lib(lcd_getex.o)
    0x08005de8   0x00000006   Code   RO         7386    i.LCD_GetYSizeEx    GUI_CM4F_L.lib(lcd_getex.o)
    0x08005dee   0x00000006   Code   RO         7387    i.LCD_GetYSizeMax   GUI_CM4F_L.lib(lcd_getex.o)
    0x08005df4   0x00000004   Code   RO         7332    i.LCD_GetpPalConvTable  GUI_CM4F_L.lib(lcd_color.o)
    0x08005df8   0x00000004   Code   RO         7333    i.LCD_GetpPalConvTableBM  GUI_CM4F_L.lib(lcd_color.o)
    0x08005dfc   0x00000048   Code   RO         7334    i.LCD_GetpPalConvTableUncached  GUI_CM4F_L.lib(lcd_color.o)
    0x08005e44   0x0000001c   Code   RO         7294    i.LCD_Index2Color   GUI_CM4F_L.lib(lcd.o)
    0x08005e60   0x00000064   Code   RO         6796    i.LCD_Index2Color_8666  GUI_CM4F_L.lib(guicc_8666.o)
    0x08005ec4   0x00000002   Code   RO         7843    i.LCD_Index2Color_888  GUI_CM4F_L.lib(guicc_888_index2color.o)
    0x08005ec6   0x00000002   Code   RO         7851    i.LCD_Index2Color_8888  GUI_CM4F_L.lib(guicc_8888_index2color.o)
    0x08005ec8   0x0000002c   Code   RO         7251    i.LCD_Index2Color_M565  GUI_CM4F_L.lib(guicc_m565.o)
    0x08005ef4   0x00000014   Code   RO         7867    i.LCD_Index2Color_M888  GUI_CM4F_L.lib(guicc_m888_index2color.o)
    0x08005f08   0x0000001e   Code   RO         7859    i.LCD_Index2Color_M8888I  GUI_CM4F_L.lib(guicc_m8888i_index2color.o)
    0x08005f26   0x0000008a   Code   RO         7295    i.LCD_Init          GUI_CM4F_L.lib(lcd.o)
    0x08005fb0   0x00000034   Code   RO         7335    i.LCD_InitColors    GUI_CM4F_L.lib(lcd_color.o)
    0x08005fe4   0x0000007c   Code   RO         7336    i.LCD_InitLUT       GUI_CM4F_L.lib(lcd_color.o)
    0x08006060   0x00000198   Code   RO         7903    i.LCD_ReadRectEx    GUI_CM4F_L.lib(lcd_readrect.o)
    0x080061f8   0x00000040   Code   RO         8253    i.LCD_SelectLCD     GUI_CM4F_L.lib(lcd_selectlcd.o)
    0x08006238   0x0000000c   Code   RO         7296    i.LCD_SetBkColor    GUI_CM4F_L.lib(lcd.o)
    0x08006244   0x00000018   Code   RO         7297    i.LCD_SetBkColorIndex  GUI_CM4F_L.lib(lcd.o)
    0x0800625c   0x00000030   Code   RO         8261    i.LCD_SetClipRectEx  GUI_CM4F_L.lib(lcd_setcliprectex.o)
    0x0800628c   0x0000001c   Code   RO         7298    i.LCD_SetClipRectMax  GUI_CM4F_L.lib(lcd.o)
    0x080062a8   0x0000000c   Code   RO         7299    i.LCD_SetColor      GUI_CM4F_L.lib(lcd.o)
    0x080062b4   0x00000018   Code   RO         7300    i.LCD_SetColorIndex  GUI_CM4F_L.lib(lcd.o)
    0x080062cc   0x0000002c   Code   RO         7456    i.LCD_SetDevFunc    GUI_CM4F_L.lib(lcd_set.o)
    0x080062f8   0x0000000c   Code   RO         7390    i.LCD_SetDisplaySize  GUI_CM4F_L.lib(lcd_getex.o)
    0x08006304   0x0000000c   Code   RO         7301    i.LCD_SetDrawMode   GUI_CM4F_L.lib(lcd.o)
    0x08006310   0x0000002c   Code   RO         7458    i.LCD_SetLUTEntryEx  GUI_CM4F_L.lib(lcd_set.o)
    0x0800633c   0x0000002c   Code   RO         7463    i.LCD_SetSizeEx     GUI_CM4F_L.lib(lcd_set.o)
    0x08006368   0x00000028   Code   RO         7465    i.LCD_SetVRAMAddrEx  GUI_CM4F_L.lib(lcd_set.o)
    0x08006390   0x0000002c   Code   RO         7467    i.LCD_SetVSizeEx    GUI_CM4F_L.lib(lcd_set.o)
    0x080063bc   0x00000024   Code   RO         8269    i.LCD_UpdateColorIndices  GUI_CM4F_L.lib(lcd_updatecolorindices.o)
    0x080063e0   0x00000020   Code   RO          880    i.LCD_WRX           lcd_x.o
    0x08006400   0x00000028   Code   RO          881    i.LCD_WriteM        lcd_x.o
    0x08006428   0x00000154   Code   RO         6493    i.LCD_X_Config      lcdconf.o
    0x0800657c   0x00000100   Code   RO         6494    i.LCD_X_DisplayDriver  lcdconf.o
    0x0800667c   0x0000019c   Code   RO          882    i.LCD_X_Init        lcd_x.o
    0x08006818   0x0000001e   Code   RO          886    i.LCD_X_Write0_8    lcd_x.o
    0x08006836   0x0000001e   Code   RO          887    i.LCD_X_Write1_8    lcd_x.o
    0x08006854   0x000001b4   Code   RO         7302    i.LCD__DrawBitmap_1bpp  GUI_CM4F_L.lib(lcd.o)
    0x08006a08   0x0000005c   Code   RO         7391    i.LCD__GetBPP       GUI_CM4F_L.lib(lcd_getex.o)
    0x08006a64   0x00000032   Code   RO         7392    i.LCD__GetBPPDevice  GUI_CM4F_L.lib(lcd_getex.o)
    0x08006a96   0x00000002   PAD
    0x08006a98   0x00000010   Code   RO         6495    i.LTDC_IRQHandler   lcdconf.o
    0x08006aa8   0x00000212   Code   RO         5381    i.LTDC_SetConfig    stm32f4xx_hal_ltdc.o
    0x08006cba   0x00000036   Code   RO         2891    i.MessageQueueGet   rtx_msgqueue.o
    0x08006cf0   0x0000004c   Code   RO         2892    i.MessageQueuePut   rtx_msgqueue.o
    0x08006d3c   0x00000022   Code   RO         2893    i.MessageQueueRemove  rtx_msgqueue.o
    0x08006d5e   0x00000002   PAD
    0x08006d60   0x00000018   Code   RO         4025    i.SPI5_Control      spi_stm32f4xx.o
    0x08006d78   0x00000010   Code   RO         4026    i.SPI5_GetDataCount  spi_stm32f4xx.o
    0x08006d88   0x00000010   Code   RO         4027    i.SPI5_GetStatus    spi_stm32f4xx.o
    0x08006d98   0x00000010   Code   RO         4028    i.SPI5_IRQHandler   spi_stm32f4xx.o
    0x08006da8   0x00000014   Code   RO         4029    i.SPI5_Initialize   spi_stm32f4xx.o
    0x08006dbc   0x00000014   Code   RO         4030    i.SPI5_PowerControl  spi_stm32f4xx.o
    0x08006dd0   0x00000018   Code   RO         4031    i.SPI5_Receive      spi_stm32f4xx.o
    0x08006de8   0x00000018   Code   RO         4032    i.SPI5_Send         spi_stm32f4xx.o
    0x08006e00   0x0000001c   Code   RO         4033    i.SPI5_Transfer     spi_stm32f4xx.o
    0x08006e1c   0x00000010   Code   RO         4034    i.SPI5_Uninitialize  spi_stm32f4xx.o
    0x08006e2c   0x0000000c   Code   RO         4035    i.SPIX_GetCapabilities  spi_stm32f4xx.o
    0x08006e38   0x00000010   Code   RO         4036    i.SPIX_GetVersion   spi_stm32f4xx.o
    0x08006e48   0x00000028   Code   RO         6060    i.SPI_CheckFlag_BSY  stm32f4xx_hal_spi.o
    0x08006e70   0x0000045c   Code   RO         4037    i.SPI_Control       spi_stm32f4xx.o
    0x080072cc   0x00000008   Code   RO         4038    i.SPI_GetDataCount  spi_stm32f4xx.o
    0x080072d4   0x0000005a   Code   RO         4039    i.SPI_GetStatus     spi_stm32f4xx.o
    0x0800732e   0x0000020c   Code   RO         4040    i.SPI_IRQHandler    spi_stm32f4xx.o
    0x0800753a   0x000000c8   Code   RO         4041    i.SPI_Initialize    spi_stm32f4xx.o
    0x08007602   0x00000002   PAD
    0x08007604   0x00000124   Code   RO         4042    i.SPI_PeripheralReset  spi_stm32f4xx.o
    0x08007728   0x00000274   Code   RO         4043    i.SPI_PowerControl  spi_stm32f4xx.o
    0x0800799c   0x00000094   Code   RO         4044    i.SPI_Receive       spi_stm32f4xx.o
    0x08007a30   0x00000094   Code   RO         4045    i.SPI_Send          spi_stm32f4xx.o
    0x08007ac4   0x00000070   Code   RO         4046    i.SPI_Transfer      spi_stm32f4xx.o
    0x08007b34   0x00000054   Code   RO         4047    i.SPI_Uninitialize  spi_stm32f4xx.o
    0x08007b88   0x000000aa   Code   RO         6078    i.SPI_WaitFlagStateUntilTimeout  stm32f4xx_hal_spi.o
    0x08007c32   0x00000002   PAD
    0x08007c34   0x00000014   Code   RO          421    i.SPIx_Error        stm32f429i_discovery.o
    0x08007c48   0x00000054   Code   RO          422    i.SPIx_Init         stm32f429i_discovery.o
    0x08007c9c   0x00000074   Code   RO          423    i.SPIx_MspInit      stm32f429i_discovery.o
    0x08007d10   0x00000030   Code   RO          426    i.SPIx_WriteRead    stm32f429i_discovery.o
    0x08007d40   0x00000098   Code   RO            4    i.SystemClock_Config  main.o
    0x08007dd8   0x00000068   Code   RO         6335    i.SystemInit        system_stm32f4xx.o
    0x08007e40   0x00000244   Code   RO         6336    i.SystemInit_ExtMemCtl  system_stm32f4xx.o
    0x08008084   0x00000060   Code   RO          801    i.TetrisGame        tetris.o
    0x080080e4   0x00000098   Code   RO          802    i.TetrisGyro        tetris.o
    0x0800817c   0x0000002c   Code   RO          803    i.TetrisInit        tetris.o
    0x080081a8   0x00000056   Code   RO         3424    i.ThreadFlagsCheck  rtx_thread.o
    0x080081fe   0x00000002   PAD
    0x08008200   0x00000040   Code   RO         3859    i.TimerInsert       rtx_timer.o
    0x08008240   0x00000030   Code   RO         3860    i.TimerRemove       rtx_timer.o
    0x08008270   0x00000018   Code   RO         3861    i.TimerUnlink       rtx_timer.o
    0x08008288   0x00000050   Code   RO          804    i.UpdateScreen      tetris.o
    0x080082d8   0x00000010   Code   RO         7955    i.WM_Activate       GUI_CM4F_L.lib(wm.o)
    0x080082e8   0x00000088   Code   RO         8383    i.WM_BringToBottom  GUI_CM4F_L.lib(wm_bringtobottom.o)
    0x08008370   0x00000150   Code   RO         7957    i.WM_CreateWindowAsChild  GUI_CM4F_L.lib(wm.o)
    0x080084c0   0x00000020   Code   RO         7958    i.WM_Deactivate     GUI_CM4F_L.lib(wm.o)
    0x080084e0   0x00000046   Code   RO         7959    i.WM_DefaultProc    GUI_CM4F_L.lib(wm.o)
    0x08008526   0x0000002a   Code   RO         8446    i.WM_DeleteTimer    GUI_CM4F_L.lib(wm_timer.o)
    0x08008550   0x000000f0   Code   RO         7960    i.WM_DeleteWindow   GUI_CM4F_L.lib(wm.o)
    0x08008640   0x00000078   Code   RO         7961    i.WM_Exec           GUI_CM4F_L.lib(wm.o)
    0x080086b8   0x00000018   Code   RO         8079    i.WM_GetDesktopWindow  GUI_CM4F_L.lib(wm_getdesktopwindow.o)
    0x080086d0   0x0000001a   Code   RO         8413    i.WM_GetFirstChild  GUI_CM4F_L.lib(wm_getfirstchild.o)
    0x080086ea   0x0000001a   Code   RO         8963    i.WM_GetParent      GUI_CM4F_L.lib(wm_getparent.o)
    0x08008704   0x00000020   Code   RO         8951    i.WM_GetWindowOrgX  GUI_CM4F_L.lib(wm_getorg.o)
    0x08008724   0x000000d4   Code   RO         7965    i.WM_Init           GUI_CM4F_L.lib(wm.o)
    0x080087f8   0x00000080   Code   RO         7966    i.WM_InvalidateRect  GUI_CM4F_L.lib(wm.o)
    0x08008878   0x00000006   Code   RO         7967    i.WM_InvalidateWindow  GUI_CM4F_L.lib(wm.o)
    0x0800887e   0x0000005e   Code   RO         7968    i.WM_InvalidateWindowAndDescsEx  GUI_CM4F_L.lib(wm.o)
    0x080088dc   0x0000001e   Code   RO         9276    i.WM_MoveWindow     GUI_CM4F_L.lib(wm_move.o)
    0x080088fa   0x00000010   Code   RO         8421    i.WM_NotifyParent   GUI_CM4F_L.lib(wm_notifyparent.o)
    0x0800890a   0x00000002   PAD
    0x0800890c   0x00000040   Code   RO         8989    i.WM_OnKey          GUI_CM4F_L.lib(wm_onkey.o)
    0x0800894c   0x000000f4   Code   RO         9216    i.WM_ResizeWindow   GUI_CM4F_L.lib(wm_resizewindow.o)
    0x08008a40   0x00000044   Code   RO         7969    i.WM_SelectWindow   GUI_CM4F_L.lib(wm.o)
    0x08008a84   0x0000001a   Code   RO         8429    i.WM_SendMessageNoPara  GUI_CM4F_L.lib(wm_sendmessagenopara.o)
    0x08008a9e   0x00000026   Code   RO         8437    i.WM_SendToParent   GUI_CM4F_L.lib(wm_sendtoparent.o)
    0x08008ac4   0x00000014   Code   RO         7971    i.WM_SetDefault     GUI_CM4F_L.lib(wm.o)
    0x08008ad8   0x00000048   Code   RO         9036    i.WM_SetSize        GUI_CM4F_L.lib(wm_setsize.o)
    0x08008b20   0x00000048   Code   RO         7972    i.WM__ActivateClipRect  GUI_CM4F_L.lib(wm.o)
    0x08008b68   0x00000010   Code   RO         8391    i.WM__AddCriticalHandle  GUI_CM4F_L.lib(wm_criticalhandle.o)
    0x08008b78   0x00000010   Code   RO         7973    i.WM__Client2Screen  GUI_CM4F_L.lib(wm.o)
    0x08008b88   0x0000004e   Code   RO         7974    i.WM__ClipAtParentBorders  GUI_CM4F_L.lib(wm.o)
    0x08008bd6   0x00000052   Code   RO         8449    i.WM__DeleteAssocTimer  GUI_CM4F_L.lib(wm_timer.o)
    0x08008c28   0x00000028   Code   RO         7976    i.WM__DetachWindow  GUI_CM4F_L.lib(wm.o)
    0x08008c50   0x00000020   Code   RO         8403    i.WM__GetClientRectEx  GUI_CM4F_L.lib(wm_getclientrect.o)
    0x08008c70   0x00000018   Code   RO         7977    i.WM__GetClientRectWin  GUI_CM4F_L.lib(wm.o)
    0x08008c88   0x00000012   Code   RO         9200    i.WM__GetFirstSibling  GUI_CM4F_L.lib(wm__getfirstsibling.o)
    0x08008c9a   0x00000002   PAD
    0x08008c9c   0x00000040   Code   RO         7978    i.WM__GetNextIVR    GUI_CM4F_L.lib(wm.o)
    0x08008cdc   0x00000024   Code   RO         8907    i.WM__GetPrevSibling  GUI_CM4F_L.lib(wm__getprevsibling.o)
    0x08008d00   0x00000018   Code   RO         7979    i.WM__GetTopLevelLayer  GUI_CM4F_L.lib(wm.o)
    0x08008d18   0x000000f0   Code   RO         7980    i.WM__InitIVRSearch  GUI_CM4F_L.lib(wm.o)
    0x08008e08   0x000000a4   Code   RO         7981    i.WM__InsertWindowIntoList  GUI_CM4F_L.lib(wm.o)
    0x08008eac   0x00000006   Code   RO         7982    i.WM__Invalidate1Abs  GUI_CM4F_L.lib(wm.o)
    0x08008eb2   0x00000002   PAD
    0x08008eb4   0x00000054   Code   RO         7983    i.WM__InvalidateDrawAndDescs  GUI_CM4F_L.lib(wm.o)
    0x08008f08   0x0000002a   Code   RO         7984    i.WM__InvalidateParent  GUI_CM4F_L.lib(wm.o)
    0x08008f32   0x00000076   Code   RO         7985    i.WM__InvalidateRect  GUI_CM4F_L.lib(wm.o)
    0x08008fa8   0x00000006   Code   RO         7986    i.WM__InvalidateRectEx  GUI_CM4F_L.lib(wm.o)
    0x08008fae   0x00000002   PAD
    0x08008fb0   0x00000024   Code   RO         7987    i.WM__IsWindow      GUI_CM4F_L.lib(wm.o)
    0x08008fd4   0x0000009a   Code   RO         9278    i.WM__MoveWindow    GUI_CM4F_L.lib(wm_move.o)
    0x0800906e   0x00000002   PAD
    0x08009070   0x000000a0   Code   RO         7988    i.WM__Paint         GUI_CM4F_L.lib(wm.o)
    0x08009110   0x0000008c   Code   RO         7989    i.WM__Paint1        GUI_CM4F_L.lib(wm.o)
    0x0800919c   0x00000078   Code   RO         7990    i.WM__PaintWinAndOverlays  GUI_CM4F_L.lib(wm.o)
    0x08009214   0x00000020   Code   RO         7991    i.WM__RectIsNZ      GUI_CM4F_L.lib(wm.o)
    0x08009234   0x00000040   Code   RO         7992    i.WM__RemoveWindowFromList  GUI_CM4F_L.lib(wm.o)
    0x08009274   0x00000014   Code   RO         7993    i.WM__SelectTopLevelLayer  GUI_CM4F_L.lib(wm.o)
    0x08009288   0x0000003c   Code   RO         8374    i.WM__SendMessage   GUI_CM4F_L.lib(wm__sendmessage.o)
    0x080092c4   0x00000026   Code   RO         8941    i.WM__SendMessageNoPara  GUI_CM4F_L.lib(wm__sendmessagenopara.o)
    0x080092ea   0x0000000e   Code   RO         7994    i.WM__SendMsgNoData  GUI_CM4F_L.lib(wm.o)
    0x080092f8   0x000000dc   Code   RO         9257    i.WM__UpdateChildPositions  GUI_CM4F_L.lib(wm__updatechildpositions.o)
    0x080093d4   0x00000090   Code   RO         6953    i._AddFreeMemory    GUI_CM4F_L.lib(gui_alloc.o)
    0x08009464   0x000000b8   Code   RO         6954    i._Alloc            GUI_CM4F_L.lib(gui_alloc.o)
    0x0800951c   0x00000004   Code   RO         7790    i._CalcSizeOfChar   GUI_CM4F_L.lib(gui_uc_encodenone.o)
    0x08009520   0x0000004c   Code   RO         7252    i._Color2IndexBulk  GUI_CM4F_L.lib(guicc_m565.o)
    0x0800956c   0x00000034   Code   RO         7271    i._Color2IndexBulk  GUI_CM4F_L.lib(guicc_m888.o)
    0x080095a0   0x0000000e   Code   RO         8750    i._Color2IndexBulk  GUI_CM4F_L.lib(guicc_8888.o)
    0x080095ae   0x00000002   PAD
    0x080095b0   0x00000044   Code   RO         6778    i._Color2IndexBulk_1616I  GUI_CM4F_L.lib(guicc_1616i.o)
    0x080095f4   0x00000038   Code   RO         6809    i._Color2IndexBulk_88666I  GUI_CM4F_L.lib(guicc_88666i.o)
    0x0800962c   0x00000054   Code   RO         6827    i._Color2IndexBulk_M1555I  GUI_CM4F_L.lib(guicc_m1555i.o)
    0x08009680   0x0000001c   Code   RO         6496    i._Color2IndexBulk_M1555I_DMA2D  lcdconf.o
    0x0800969c   0x00000060   Code   RO         6847    i._Color2IndexBulk_M4444I  GUI_CM4F_L.lib(guicc_m4444i.o)
    0x080096fc   0x0000001c   Code   RO         6497    i._Color2IndexBulk_M4444I_DMA2D  lcdconf.o
    0x08009718   0x00000044   Code   RO         6867    i._Color2IndexBulk_M8888I  GUI_CM4F_L.lib(guicc_m8888i.o)
    0x0800975c   0x0000001c   Code   RO         6498    i._Color2IndexBulk_M8888I_DMA2D  lcdconf.o
    0x08009778   0x0000001c   Code   RO         6499    i._Color2IndexBulk_M888_DMA2D  lcdconf.o
    0x08009794   0x00000054   Code   RO         7828    i._Color2Index_0    GUI_CM4F_L.lib(guicc_0.o)
    0x080097e8   0x00000072   Code   RO         7591    i._Color2Index_16   GUI_CM4F_L.lib(guicc_16.o)
    0x0800985a   0x00000002   PAD
    0x0800985c   0x00000028   Code   RO         6779    i._Color2Index_1616I  GUI_CM4F_L.lib(guicc_1616i.o)
    0x08009884   0x00000020   Code   RO         6810    i._Color2Index_88666I  GUI_CM4F_L.lib(guicc_88666i.o)
    0x080098a4   0x00000002   Code   RO         8751    i._Color2Index_8888  GUI_CM4F_L.lib(guicc_8888.o)
    0x080098a6   0x00000002   PAD
    0x080098a8   0x00000030   Code   RO         6828    i._Color2Index_M1555I  GUI_CM4F_L.lib(guicc_m1555i.o)
    0x080098d8   0x0000003a   Code   RO         6848    i._Color2Index_M4444I  GUI_CM4F_L.lib(guicc_m4444i.o)
    0x08009912   0x00000002   PAD
    0x08009914   0x0000002c   Code   RO         7253    i._Color2Index_M565  GUI_CM4F_L.lib(guicc_m565.o)
    0x08009940   0x00000014   Code   RO         7272    i._Color2Index_M888  GUI_CM4F_L.lib(guicc_m888.o)
    0x08009954   0x0000001e   Code   RO         6868    i._Color2Index_M8888I  GUI_CM4F_L.lib(guicc_m8888i.o)
    0x08009972   0x0000003e   Code   RO         8358    i._Convert16        GUI_CM4F_L.lib(guidev_writetoactiveopaque.o)
    0x080099b0   0x0000003e   Code   RO         8359    i._Convert8         GUI_CM4F_L.lib(guidev_writetoactiveopaque.o)
    0x080099ee   0x00000050   Code   RO         7502    i._CopyBuffer       GUI_CM4F_L.lib(guidrv_lin_16.o)
    0x08009a3e   0x00000002   PAD
    0x08009a40   0x00000148   Code   RO         8325    i._CreateStaticDevice  GUI_CM4F_L.lib(guidev_staticdevices.o)
    0x08009b88   0x00000048   Code   RO         6500    i._DMA_AlphaBlending  lcdconf.o
    0x08009bd0   0x00000040   Code   RO         6501    i._DMA_AlphaBlendingBulk  lcdconf.o
    0x08009c10   0x00000030   Code   RO         6502    i._DMA_Color2IndexBulk  lcdconf.o
    0x08009c40   0x00000040   Code   RO         6503    i._DMA_ConvertColor  lcdconf.o
    0x08009c80   0x0000004c   Code   RO         6504    i._DMA_Copy         lcdconf.o
    0x08009ccc   0x00000044   Code   RO         6505    i._DMA_DrawBitmapL8  lcdconf.o
    0x08009d10   0x00000024   Code   RO         6506    i._DMA_ExecOperation  lcdconf.o
    0x08009d34   0x00000048   Code   RO         6507    i._DMA_Fill         lcdconf.o
    0x08009d7c   0x00000030   Code   RO         6508    i._DMA_Index2ColorBulk  lcdconf.o
    0x08009dac   0x00000024   Code   RO         6509    i._DMA_LoadLUT      lcdconf.o
    0x08009dd0   0x0000007c   Code   RO         6510    i._DMA_MixColors    lcdconf.o
    0x08009e4c   0x00000054   Code   RO         6511    i._DMA_MixColorsBulk  lcdconf.o
    0x08009ea0   0x00000012   Code   RO         7995    i._DeleteAllChildren  GUI_CM4F_L.lib(wm.o)
    0x08009eb2   0x00000002   PAD
    0x08009eb4   0x00000020   Code   RO         7996    i._DesktopHandle2Index  GUI_CM4F_L.lib(wm.o)
    0x08009ed4   0x00000040   Code   RO         7231    i._DispFloatFix     GUI_CM4F_L.lib(gui_valf.o)
    0x08009f14   0x00000074   Code   RO         7699    i._DispLine         GUI_CM4F_L.lib(gui_charline.o)
    0x08009f88   0x000000f4   Code   RO         7503    i._DrawBitLine1BPP  GUI_CM4F_L.lib(guidrv_lin_16.o)
    0x0800a07c   0x00000148   Code   RO         7916    i._DrawBitLine1BPP  GUI_CM4F_L.lib(guidev_16.o)
    0x0800a1c4   0x0000011c   Code   RO         8765    i._DrawBitLine1BPP  GUI_CM4F_L.lib(guidev_32.o)
    0x0800a2e0   0x00000114   Code   RO         7504    i._DrawBitLine2BPP  GUI_CM4F_L.lib(guidrv_lin_16.o)
    0x0800a3f4   0x000000e0   Code   RO         7917    i._DrawBitLine2BPP  GUI_CM4F_L.lib(guidev_16.o)
    0x0800a4d4   0x000000e0   Code   RO         8766    i._DrawBitLine2BPP  GUI_CM4F_L.lib(guidev_32.o)
    0x0800a5b4   0x000000a2   Code   RO         8767    i._DrawBitLine32BPP_DDB  GUI_CM4F_L.lib(guidev_32.o)
    0x0800a656   0x00000002   PAD
    0x0800a658   0x00000114   Code   RO         7505    i._DrawBitLine4BPP  GUI_CM4F_L.lib(guidrv_lin_16.o)
    0x0800a76c   0x00000160   Code   RO         7918    i._DrawBitLine4BPP  GUI_CM4F_L.lib(guidev_16.o)
    0x0800a8cc   0x00000158   Code   RO         8768    i._DrawBitLine4BPP  GUI_CM4F_L.lib(guidev_32.o)
    0x0800aa24   0x000000fc   Code   RO         7506    i._DrawBitLine8BPP  GUI_CM4F_L.lib(guidrv_lin_16.o)
    0x0800ab20   0x00000188   Code   RO         7507    i._DrawBitmap       GUI_CM4F_L.lib(guidrv_lin_16.o)
    0x0800aca8   0x000002a0   Code   RO         7919    i._DrawBitmap       GUI_CM4F_L.lib(guidev_16.o)
    0x0800af48   0x000002a4   Code   RO         8769    i._DrawBitmap       GUI_CM4F_L.lib(guidev_32.o)
    0x0800b1ec   0x0000000a   Code   RO         7508    i._DrawHLine        GUI_CM4F_L.lib(guidrv_lin_16.o)
    0x0800b1f6   0x0000000a   Code   RO         7920    i._DrawHLine        GUI_CM4F_L.lib(guidev_16.o)
    0x0800b200   0x0000000a   Code   RO         8770    i._DrawHLine        GUI_CM4F_L.lib(guidev_32.o)
    0x0800b20a   0x00000002   PAD
    0x0800b20c   0x0000005c   Code   RO         7997    i._DrawNext         GUI_CM4F_L.lib(wm.o)
    0x0800b268   0x0000000c   Code   RO         7509    i._DrawVLine        GUI_CM4F_L.lib(guidrv_lin_16.o)
    0x0800b274   0x000000b8   Code   RO         7921    i._DrawVLine        GUI_CM4F_L.lib(guidev_16.o)
    0x0800b32c   0x000000ac   Code   RO         8771    i._DrawVLine        GUI_CM4F_L.lib(guidev_32.o)
    0x0800b3d8   0x00000006   Code   RO         7791    i._Encode           GUI_CM4F_L.lib(gui_uc_encodenone.o)
    0x0800b3de   0x00000002   PAD
    0x0800b3e0   0x00000098   Code   RO         6955    i._EnlargeBlocks    GUI_CM4F_L.lib(gui_alloc.o)
    0x0800b478   0x00000034   Code   RO         7998    i._Exec1Draw        GUI_CM4F_L.lib(wm.o)
    0x0800b4ac   0x00000078   Code   RO         7999    i._Exec1Input       GUI_CM4F_L.lib(wm.o)
    0x0800b524   0x00000028   Code   RO         7510    i._FillRect         GUI_CM4F_L.lib(guidrv_lin_16.o)
    0x0800b54c   0x000000ac   Code   RO         7922    i._FillRect         GUI_CM4F_L.lib(guidev_16.o)
    0x0800b5f8   0x000000a4   Code   RO         8772    i._FillRect         GUI_CM4F_L.lib(guidev_32.o)
    0x0800b69c   0x0000014c   Code   RO         7511    i._FillRectOpt16    GUI_CM4F_L.lib(guidrv_lin_16.o)
    0x0800b7e8   0x00000148   Code   RO         8000    i._FindNext_IVR     GUI_CM4F_L.lib(wm.o)
    0x0800b930   0x0000007c   Code   RO         8001    i._Findx0           GUI_CM4F_L.lib(wm.o)
    0x0800b9ac   0x00000072   Code   RO         8002    i._Findx1           GUI_CM4F_L.lib(wm.o)
    0x0800ba1e   0x000000a6   Code   RO         8003    i._Findy1           GUI_CM4F_L.lib(wm.o)
    0x0800bac4   0x00000004   Code   RO         8879    i._GUI_USAGE_BM_Delete  GUI_CM4F_L.lib(guidev_usagebm.o)
    0x0800bac8   0x00000028   Code   RO         6512    i._GetBufferSize    lcdconf.o
    0x0800baf0   0x00000004   Code   RO         7792    i._GetCharCode      GUI_CM4F_L.lib(gui_uc_encodenone.o)
    0x0800baf4   0x00000004   Code   RO         7793    i._GetCharSize      GUI_CM4F_L.lib(gui_uc_encodenone.o)
    0x0800baf8   0x00000010   Code   RO         7512    i._GetDevData       GUI_CM4F_L.lib(guidrv_lin_16.o)
    0x0800bb08   0x00000010   Code   RO         7923    i._GetDevData       GUI_CM4F_L.lib(guidev_16.o)
    0x0800bb18   0x00000010   Code   RO         8773    i._GetDevData       GUI_CM4F_L.lib(guidev_32.o)
    0x0800bb28   0x000000dc   Code   RO         7513    i._GetDevFunc       GUI_CM4F_L.lib(guidrv_lin_16.o)
    0x0800bc04   0x00000010   Code   RO         7924    i._GetDevFunc       GUI_CM4F_L.lib(guidev_16.o)
    0x0800bc14   0x00000010   Code   RO         8774    i._GetDevFunc       GUI_CM4F_L.lib(guidev_32.o)
    0x0800bc24   0x0000001e   Code   RO         7393    i._GetDevProp       GUI_CM4F_L.lib(lcd_getex.o)
    0x0800bc42   0x0000003c   Code   RO         7514    i._GetDevProp       GUI_CM4F_L.lib(guidrv_lin_16.o)
    0x0800bc7e   0x00000010   Code   RO         7925    i._GetDevProp       GUI_CM4F_L.lib(guidev_16.o)
    0x0800bc8e   0x0000000c   Code   RO         8775    i._GetDevProp       GUI_CM4F_L.lib(guidev_32.o)
    0x0800bc9a   0x00000052   Code   RO         7829    i._GetIndexMask_0   GUI_CM4F_L.lib(guicc_0.o)
    0x0800bcec   0x00000004   Code   RO         7592    i._GetIndexMask_16  GUI_CM4F_L.lib(guicc_16.o)
    0x0800bcf0   0x00000004   Code   RO         6780    i._GetIndexMask_1616I  GUI_CM4F_L.lib(guicc_1616i.o)
    0x0800bcf4   0x00000004   Code   RO         6797    i._GetIndexMask_8666  GUI_CM4F_L.lib(guicc_8666.o)
    0x0800bcf8   0x00000006   Code   RO         6811    i._GetIndexMask_88666I  GUI_CM4F_L.lib(guicc_88666i.o)
    0x0800bcfe   0x00000006   Code   RO         8752    i._GetIndexMask_8888  GUI_CM4F_L.lib(guicc_8888.o)
    0x0800bd04   0x00000006   Code   RO         6829    i._GetIndexMask_M1555I  GUI_CM4F_L.lib(guicc_m1555i.o)
    0x0800bd0a   0x00000006   Code   RO         6849    i._GetIndexMask_M4444I  GUI_CM4F_L.lib(guicc_m4444i.o)
    0x0800bd10   0x00000006   Code   RO         7254    i._GetIndexMask_M565  GUI_CM4F_L.lib(guicc_m565.o)
    0x0800bd16   0x00000006   Code   RO         7273    i._GetIndexMask_M888  GUI_CM4F_L.lib(guicc_m888.o)
    0x0800bd1c   0x00000006   Code   RO         6869    i._GetIndexMask_M8888I  GUI_CM4F_L.lib(guicc_m8888i.o)
    0x0800bd22   0x0000001e   Code   RO         7394    i._GetMaxValue      GUI_CM4F_L.lib(lcd_getex.o)
    0x0800bd40   0x0000001c   Code   RO         6956    i._GetMinIndex      GUI_CM4F_L.lib(gui_alloc.o)
    0x0800bd5c   0x00000010   Code   RO         7515    i._GetPixelIndex    GUI_CM4F_L.lib(guidrv_lin_16.o)
    0x0800bd6c   0x0000000e   Code   RO         7926    i._GetPixelIndex    GUI_CM4F_L.lib(guidev_16.o)
    0x0800bd7a   0x0000000e   Code   RO         8776    i._GetPixelIndex    GUI_CM4F_L.lib(guidev_32.o)
    0x0800bd88   0x00000088   Code   RO         6513    i._GetPixelformat   lcdconf.o
    0x0800be10   0x0000001c   Code   RO         7516    i._GetPos           GUI_CM4F_L.lib(guidrv_lin_16.o)
    0x0800be2c   0x00000016   Code   RO         7517    i._GetRect          GUI_CM4F_L.lib(guidrv_lin_16.o)
    0x0800be42   0x00000034   Code   RO         7927    i._GetRect          GUI_CM4F_L.lib(guidev_16.o)
    0x0800be76   0x00000034   Code   RO         8777    i._GetRect          GUI_CM4F_L.lib(guidev_32.o)
    0x0800beaa   0x00000002   PAD
    0x0800beac   0x0000003c   Code   RO         7751    i._GetTaskNo        GUI_CM4F_L.lib(gui_task.o)
    0x0800bee8   0x00000010   Code   RO         7128    i._GotoX            GUI_CM4F_L.lib(gui_goto.o)
    0x0800bef8   0x00000010   Code   RO         7129    i._GotoY            GUI_CM4F_L.lib(gui_goto.o)
    0x0800bf08   0x0000001c   Code   RO         8186    i._IncPointer       GUI_CM4F_L.lib(gui_onkey.o)
    0x0800bf24   0x00000006   Code   RO         8187    i._IncReadPointer   GUI_CM4F_L.lib(gui_onkey.o)
    0x0800bf2a   0x00000002   PAD
    0x0800bf2c   0x00000058   Code   RO         7255    i._Index2ColorBulk  GUI_CM4F_L.lib(guicc_m565.o)
    0x0800bf84   0x00000034   Code   RO         7274    i._Index2ColorBulk  GUI_CM4F_L.lib(guicc_m888.o)
    0x0800bfb8   0x0000000e   Code   RO         8753    i._Index2ColorBulk  GUI_CM4F_L.lib(guicc_8888.o)
    0x0800bfc6   0x00000002   PAD
    0x0800bfc8   0x0000004c   Code   RO         6781    i._Index2ColorBulk_1616I  GUI_CM4F_L.lib(guicc_1616i.o)
    0x0800c014   0x00000044   Code   RO         6812    i._Index2ColorBulk_88666I  GUI_CM4F_L.lib(guicc_88666i.o)
    0x0800c058   0x0000005c   Code   RO         6830    i._Index2ColorBulk_M1555I  GUI_CM4F_L.lib(guicc_m1555i.o)
    0x0800c0b4   0x0000001c   Code   RO         6514    i._Index2ColorBulk_M1555I_DMA2D  lcdconf.o
    0x0800c0d0   0x0000005c   Code   RO         6850    i._Index2ColorBulk_M4444I  GUI_CM4F_L.lib(guicc_m4444i.o)
    0x0800c12c   0x0000001c   Code   RO         6515    i._Index2ColorBulk_M4444I_DMA2D  lcdconf.o
    0x0800c148   0x00000044   Code   RO         6870    i._Index2ColorBulk_M8888I  GUI_CM4F_L.lib(guicc_m8888i.o)
    0x0800c18c   0x0000001c   Code   RO         6516    i._Index2ColorBulk_M8888I_DMA2D  lcdconf.o
    0x0800c1a8   0x0000001c   Code   RO         6517    i._Index2ColorBulk_M888_DMA2D  lcdconf.o
    0x0800c1c4   0x00000020   Code   RO         7830    i._Index2Color_0    GUI_CM4F_L.lib(guicc_0.o)
    0x0800c1e4   0x00000036   Code   RO         7593    i._Index2Color_16   GUI_CM4F_L.lib(guicc_16.o)
    0x0800c21a   0x00000002   PAD
    0x0800c21c   0x00000028   Code   RO         6782    i._Index2Color_1616I  GUI_CM4F_L.lib(guicc_1616i.o)
    0x0800c244   0x00000020   Code   RO         6813    i._Index2Color_88666I  GUI_CM4F_L.lib(guicc_88666i.o)
    0x0800c264   0x00000030   Code   RO         6831    i._Index2Color_M1555I  GUI_CM4F_L.lib(guicc_m1555i.o)
    0x0800c294   0x00000030   Code   RO         6851    i._Index2Color_M4444I  GUI_CM4F_L.lib(guicc_m4444i.o)
    0x0800c2c4   0x00000018   Code   RO         7518    i._Init             GUI_CM4F_L.lib(guidrv_lin_16.o)
    0x0800c2dc   0x00000070   Code   RO         7018    i._InitContext      GUI_CM4F_L.lib(gui_core.o)
    0x0800c34c   0x0000028c   Code   RO         6518    i._InitIL9341       lcdconf.o
    0x0800c5d8   0x00000094   Code   RO         6957    i._InitOnce         GUI_CM4F_L.lib(gui_alloc.o)
    0x0800c66c   0x00000024   Code   RO         7519    i._InitOnce         GUI_CM4F_L.lib(guidrv_lin_16.o)
    0x0800c690   0x00000080   Code   RO         8004    i._Invalidate1Abs   GUI_CM4F_L.lib(wm.o)
    0x0800c710   0x00000014   Code   RO         6519    i._InvertAlpha      lcdconf.o
    0x0800c724   0x0000002c   Code   RO         6520    i._InvertAlpha_SwapRB  lcdconf.o
    0x0800c750   0x00000060   Code   RO         6521    i._LCD_CopyBuffer   lcdconf.o
    0x0800c7b0   0x0000009c   Code   RO         6522    i._LCD_CopyRect     lcdconf.o
    0x0800c84c   0x00000020   Code   RO         6523    i._LCD_DisplayOff   lcdconf.o
    0x0800c86c   0x00000020   Code   RO         6524    i._LCD_DisplayOn    lcdconf.o
    0x0800c88c   0x00000084   Code   RO         6525    i._LCD_DrawBitmap16bpp  lcdconf.o
    0x0800c910   0x00000084   Code   RO         6526    i._LCD_DrawBitmap8bpp  lcdconf.o
    0x0800c994   0x000000a8   Code   RO         6527    i._LCD_FillRect     lcdconf.o
    0x0800ca3c   0x0000006c   Code   RO         6528    i._LCD_GetpPalConvTable  lcdconf.o
    0x0800caa8   0x000001d8   Code   RO         6529    i._LCD_InitController  lcdconf.o
    0x0800cc80   0x00000078   Code   RO         6530    i._LCD_MixColorsBulk  lcdconf.o
    0x0800ccf8   0x0000002c   Code   RO         6531    i._LCD_SetChroma    lcdconf.o
    0x0800cd24   0x00000020   Code   RO         6532    i._LCD_SetChromaMode  lcdconf.o
    0x0800cd44   0x00000034   Code   RO         6533    i._LCD_SetLUTEntry  lcdconf.o
    0x0800cd78   0x00000018   Code   RO         6534    i._LCD_SetLayerAlpha  lcdconf.o
    0x0800cd90   0x0000001c   Code   RO         6535    i._LCD_SetLayerPos  lcdconf.o
    0x0800cdac   0x0000001c   Code   RO         6536    i._LCD_SetLayerSize  lcdconf.o
    0x0800cdc8   0x00000044   Code   RO         6537    i._LCD_SetOrg       lcdconf.o
    0x0800ce0c   0x0000004c   Code   RO         6538    i._LCD_SetVis       lcdconf.o
    0x0800ce58   0x00000002   Code   RO         7700    i._Log2VisBuffered  GUI_CM4F_L.lib(gui_charline.o)
    0x0800ce5a   0x00000008   Code   RO         8305    i._Min              GUI_CM4F_L.lib(guidev_banding.o)
    0x0800ce62   0x0000006e   Code   RO         9279    i._MoveDescendents  GUI_CM4F_L.lib(wm_move.o)
    0x0800ced0   0x0000000a   Code   RO         7520    i._Off              GUI_CM4F_L.lib(guidrv_lin_16.o)
    0x0800ceda   0x0000000a   Code   RO         7521    i._On               GUI_CM4F_L.lib(guidrv_lin_16.o)
    0x0800cee4   0x00000028   Code   RO         6894    i._OnExit           GUI_CM4F_L.lib(gui__alpha.o)
    0x0800cf0c   0x0000002c   Code   RO         7019    i._OnExit           GUI_CM4F_L.lib(gui_core.o)
    0x0800cf38   0x00000014   Code   RO         7338    i._OnExit           GUI_CM4F_L.lib(lcd_color.o)
    0x0800cf4c   0x00000014   Code   RO         7752    i._OnExit           GUI_CM4F_L.lib(gui_task.o)
    0x0800cf60   0x00000084   Code   RO         8005    i._OnExit           GUI_CM4F_L.lib(wm.o)
    0x0800cfe4   0x00000024   Code   RO         8006    i._Paint1           GUI_CM4F_L.lib(wm.o)
    0x0800d008   0x0000008c   Code   RO         8007    i._Paint1Trans      GUI_CM4F_L.lib(wm.o)
    0x0800d094   0x0000009a   Code   RO         8008    i._PaintTransChildren  GUI_CM4F_L.lib(wm.o)
    0x0800d12e   0x00000002   PAD
    0x0800d130   0x00000040   Code   RO         6958    i._PopFreeBlock     GUI_CM4F_L.lib(gui_alloc.o)
    0x0800d170   0x00000028   Code   RO         6959    i._PushFreeBlock    GUI_CM4F_L.lib(gui_alloc.o)
    0x0800d198   0x00000030   Code   RO         7522    i._ReadRect         GUI_CM4F_L.lib(guidrv_lin_16.o)
    0x0800d1c8   0x00000034   Code   RO         6960    i._RemoveFreeBlock  GUI_CM4F_L.lib(gui_alloc.o)
    0x0800d1fc   0x0000005c   Code   RO         8723    i._RemoveFromLinList  GUI_CM4F_L.lib(gui_timer.o)
    0x0800d258   0x000000a0   Code   RO         6961    i._RemoveHoles      GUI_CM4F_L.lib(gui_alloc.o)
    0x0800d2f8   0x00000048   Code   RO         7234    i._RoundHalfUp      GUI_CM4F_L.lib(gui_valf.o)
    0x0800d340   0x00000026   Code   RO         7523    i._SetAlpha         GUI_CM4F_L.lib(guidrv_lin_16.o)
    0x0800d366   0x00000010   Code   RO         7524    i._SetAlphaMode     GUI_CM4F_L.lib(guidrv_lin_16.o)
    0x0800d376   0x00000002   PAD
    0x0800d378   0x00000020   Code   RO         7303    i._SetBkColor       GUI_CM4F_L.lib(lcd.o)
    0x0800d398   0x00000012   Code   RO         7525    i._SetChroma        GUI_CM4F_L.lib(guidrv_lin_16.o)
    0x0800d3aa   0x00000010   Code   RO         7526    i._SetChromaMode    GUI_CM4F_L.lib(guidrv_lin_16.o)
    0x0800d3ba   0x00000002   PAD
    0x0800d3bc   0x0000004c   Code   RO         8009    i._SetClipRectUserIntersect  GUI_CM4F_L.lib(wm.o)
    0x0800d408   0x00000020   Code   RO         7304    i._SetColor         GUI_CM4F_L.lib(lcd.o)
    0x0800d428   0x0000004c   Code   RO         7527    i._SetDevFunc       GUI_CM4F_L.lib(guidrv_lin_16.o)
    0x0800d474   0x0000002c   Code   RO         7305    i._SetDrawMode      GUI_CM4F_L.lib(lcd.o)
    0x0800d4a0   0x000000a4   Code   RO         7528    i._SetOrg           GUI_CM4F_L.lib(guidrv_lin_16.o)
    0x0800d544   0x0000000e   Code   RO         7928    i._SetOrg           GUI_CM4F_L.lib(guidev_16.o)
    0x0800d552   0x00000008   Code   RO         8778    i._SetOrg           GUI_CM4F_L.lib(guidev_32.o)
    0x0800d55a   0x00000012   Code   RO         7529    i._SetPixelIndex    GUI_CM4F_L.lib(guidrv_lin_16.o)
    0x0800d56c   0x00000048   Code   RO         7929    i._SetPixelIndex    GUI_CM4F_L.lib(guidev_16.o)
    0x0800d5b4   0x00000048   Code   RO         8779    i._SetPixelIndex    GUI_CM4F_L.lib(guidev_32.o)
    0x0800d5fc   0x000000f6   Code   RO         7530    i._SetPos           GUI_CM4F_L.lib(guidrv_lin_16.o)
    0x0800d6f2   0x00000044   Code   RO         7531    i._SetSize          GUI_CM4F_L.lib(guidrv_lin_16.o)
    0x0800d736   0x00000028   Code   RO         7532    i._SetVRAMAddr      GUI_CM4F_L.lib(guidrv_lin_16.o)
    0x0800d75e   0x0000002a   Code   RO         7533    i._SetVSize         GUI_CM4F_L.lib(guidrv_lin_16.o)
    0x0800d788   0x00000026   Code   RO         7534    i._SetVis           GUI_CM4F_L.lib(guidrv_lin_16.o)
    0x0800d7ae   0x00000024   Code   RO         7535    i._ShowBuffer       GUI_CM4F_L.lib(guidrv_lin_16.o)
    0x0800d7d2   0x00000002   PAD
    0x0800d7d4   0x000000ea   Code   RO         6962    i._TestRAM          GUI_CM4F_L.lib(gui_alloc.o)
    0x0800d8be   0x00000002   PAD
    0x0800d8c0   0x00000050   Code   RO         8724    i._Unlink           GUI_CM4F_L.lib(gui_timer.o)
    0x0800d910   0x0000000e   Code   RO         6963    i._WriteTagData     GUI_CM4F_L.lib(gui_alloc.o)
    0x0800d91e   0x00000002   PAD
    0x0800d920   0x00000180   Code   RO         9191    i._WriteToActiveAlpha  GUI_CM4F_L.lib(guidev_writetoactivealpha.o)
    0x0800daa0   0x00000340   Code   RO         8360    i._WriteToActiveOpaque_8  GUI_CM4F_L.lib(guidev_writetoactiveopaque.o)
    0x0800dde0   0x00000344   Code   RO         8361    i._WriteToActiveOpaque_HT  GUI_CM4F_L.lib(guidev_writetoactiveopaque.o)
    0x0800e124   0x0000003c   Code   RO         7930    i._XY2PTR           GUI_CM4F_L.lib(guidev_16.o)
    0x0800e160   0x0000003c   Code   RO         8780    i._XY2PTR           GUI_CM4F_L.lib(guidev_32.o)
    0x0800e19c   0x00000028   Code   RO         7536    i._XorPixel         GUI_CM4F_L.lib(guidrv_lin_16.o)
    0x0800e1c4   0x00000054   Code   RO         7931    i._XorPixel         GUI_CM4F_L.lib(guidev_16.o)
    0x0800e218   0x00000058   Code   RO         8781    i._XorPixel         GUI_CM4F_L.lib(guidev_32.o)
    0x0800e270   0x00000010   Code   RO         4357    i.__NVIC_GetPriorityGrouping  stm32f4xx_hal_cortex.o
    0x0800e280   0x00000028   Code   RO         4358    i.__NVIC_SetPriority  stm32f4xx_hal_cortex.o
    0x0800e2a8   0x00000006   Code   RO         2370    i.__get_BASEPRI     rtx_kernel.o
    0x0800e2ae   0x00000006   Code   RO         2894    i.__get_BASEPRI     rtx_msgqueue.o
    0x0800e2b4   0x00000006   Code   RO         3082    i.__get_BASEPRI     rtx_mutex.o
    0x0800e2ba   0x00000006   Code   RO         3427    i.__get_BASEPRI     rtx_thread.o
    0x0800e2c0   0x00000006   Code   RO         3862    i.__get_BASEPRI     rtx_timer.o
    0x0800e2c6   0x00000006   Code   RO         2371    i.__get_CONTROL     rtx_kernel.o
    0x0800e2cc   0x00000006   Code   RO         2372    i.__get_IPSR        rtx_kernel.o
    0x0800e2d2   0x00000006   Code   RO         2895    i.__get_IPSR        rtx_msgqueue.o
    0x0800e2d8   0x00000006   Code   RO         3083    i.__get_IPSR        rtx_mutex.o
    0x0800e2de   0x00000006   Code   RO         3428    i.__get_IPSR        rtx_thread.o
    0x0800e2e4   0x00000006   Code   RO         3863    i.__get_IPSR        rtx_timer.o
    0x0800e2ea   0x00000006   Code   RO         2373    i.__get_PRIMASK     rtx_kernel.o
    0x0800e2f0   0x00000006   Code   RO         2896    i.__get_PRIMASK     rtx_msgqueue.o
    0x0800e2f6   0x00000006   Code   RO         3084    i.__get_PRIMASK     rtx_mutex.o
    0x0800e2fc   0x00000006   Code   RO         3429    i.__get_PRIMASK     rtx_thread.o
    0x0800e302   0x00000006   Code   RO         3864    i.__get_PRIMASK     rtx_timer.o
    0x0800e308   0x00000118   Code   RO         9313    i.__hardfp_ceil     m_wm.l(ceil.o)
    0x0800e420   0x00000118   Code   RO         9319    i.__hardfp_floor    m_wm.l(floor.o)
    0x0800e538   0x00000050   Code   RO         8010    i._cbBackWin        GUI_CM4F_L.lib(wm.o)
    0x0800e588   0x00000044   Code   RO         8011    i._cbPaintMemDev    GUI_CM4F_L.lib(wm.o)
    0x0800e5cc   0x00000016   Code   RO         2603    i._mutex_acquire    rtx_lib.o
    0x0800e5e2   0x0000000c   Code   RO         2604    i._mutex_free       rtx_lib.o
    0x0800e5ee   0x00000020   Code   RO         2605    i._mutex_initialize  rtx_lib.o
    0x0800e60e   0x00000012   Code   RO         2606    i._mutex_release    rtx_lib.o
    0x0800e620   0x00000008   Code   RO         2607    i._platform_post_stackheap_init  rtx_lib.o
    0x0800e628   0x00000090   Code   RO         2897    i.isrRtxMessageQueueGet  rtx_msgqueue.o
    0x0800e6b8   0x00000096   Code   RO         2898    i.isrRtxMessageQueuePut  rtx_msgqueue.o
    0x0800e74e   0x00000002   PAD
    0x0800e750   0x00000030   Code   RO         3324    i.isr_queue_get     rtx_system.o
    0x0800e780   0x0000003c   Code   RO         3325    i.isr_queue_put     rtx_system.o
    0x0800e7bc   0x00000040   Code   RO            5    i.main              main.o
    0x0800e7fc   0x0000005c   Code   RO          805    i.moveBlock         tetris.o
    0x0800e858   0x00000044   Code   RO         1119    i.osDelay           rtx_delay.o
    0x0800e89c   0x0000004c   Code   RO         1120    i.osDelayUntil      rtx_delay.o
    0x0800e8e8   0x00000044   Code   RO         2375    i.osKernelGetState  rtx_kernel.o
    0x0800e92c   0x00000034   Code   RO         2378    i.osKernelGetTickCount  rtx_kernel.o
    0x0800e960   0x00000064   Code   RO         2380    i.osKernelInitialize  rtx_kernel.o
    0x0800e9c4   0x00000064   Code   RO         2384    i.osKernelStart     rtx_kernel.o
    0x0800ea28   0x00000054   Code   RO         2900    i.osMessageQueueGet  rtx_msgqueue.o
    0x0800ea7c   0x00000054   Code   RO         2907    i.osMessageQueuePut  rtx_msgqueue.o
    0x0800ead0   0x00000044   Code   RO         3085    i.osMutexAcquire    rtx_mutex.o
    0x0800eb14   0x00000012   Code   RO          974    i.osMutexCreate     cmsis_os1.o
    0x0800eb26   0x00000002   PAD
    0x0800eb28   0x00000040   Code   RO         3086    i.osMutexDelete     rtx_mutex.o
    0x0800eb68   0x0000006c   Code   RO         3089    i.osMutexNew        rtx_mutex.o
    0x0800ebd4   0x00000040   Code   RO         3090    i.osMutexRelease    rtx_mutex.o
    0x0800ec14   0x00000020   Code   RO         3994    i.osRtxErrorNotify  rtx_config.o
    0x0800ec34   0x00000004   Code   RO         3995    i.osRtxIdleThread   rtx_config.o
    0x0800ec38   0x0000000c   Code   RO         3430    i.osRtxKernelGetState  rtx_thread.o
    0x0800ec44   0x000000a2   Code   RO         2677    i.osRtxMemoryAlloc  rtx_memory.o
    0x0800ece6   0x00000066   Code   RO         2678    i.osRtxMemoryFree   rtx_memory.o
    0x0800ed4c   0x00000052   Code   RO         2679    i.osRtxMemoryInit   rtx_memory.o
    0x0800ed9e   0x0000003a   Code   RO         2730    i.osRtxMemoryPoolAlloc  rtx_mempool.o
    0x0800edd8   0x0000004e   Code   RO         2731    i.osRtxMemoryPoolFree  rtx_mempool.o
    0x0800ee26   0x00000050   Code   RO         2732    i.osRtxMemoryPoolInit  rtx_mempool.o
    0x0800ee76   0x0000011a   Code   RO         2909    i.osRtxMessageQueuePostProcess  rtx_msgqueue.o
    0x0800ef90   0x00000054   Code   RO         3091    i.osRtxMutexOwnerRelease  rtx_mutex.o
    0x0800efe4   0x00000064   Code   RO         3326    i.osRtxPendSV_Handler  rtx_system.o
    0x0800f048   0x0000003c   Code   RO         3327    i.osRtxPostProcess  rtx_system.o
    0x0800f084   0x0000000a   Code   RO         3328    i.osRtxSysTimerAckIRQ  rtx_system.o
    0x0800f08e   0x0000000e   Code   RO         3330    i.osRtxSysTimerEnable  rtx_system.o
    0x0800f09c   0x00000030   Code   RO         3333    i.osRtxSysTimerSetup  rtx_system.o
    0x0800f0cc   0x00000030   Code   RO         3431    i.osRtxThreadBlock  rtx_thread.o
    0x0800f0fc   0x00000068   Code   RO         3432    i.osRtxThreadDelayInsert  rtx_thread.o
    0x0800f164   0x00000078   Code   RO         3433    i.osRtxThreadDelayRemove  rtx_thread.o
    0x0800f1dc   0x000000dc   Code   RO         3434    i.osRtxThreadDelayTick  rtx_thread.o
    0x0800f2b8   0x0000006c   Code   RO         3435    i.osRtxThreadDispatch  rtx_thread.o
    0x0800f324   0x00000060   Code   RO         3436    i.osRtxThreadFree   rtx_thread.o
    0x0800f384   0x0000000c   Code   RO         3437    i.osRtxThreadGetRunning  rtx_thread.o
    0x0800f390   0x00000018   Code   RO         3438    i.osRtxThreadListGet  rtx_thread.o
    0x0800f3a8   0x0000002e   Code   RO         3439    i.osRtxThreadListPut  rtx_thread.o
    0x0800f3d6   0x0000001a   Code   RO         3440    i.osRtxThreadListRemove  rtx_thread.o
    0x0800f3f0   0x0000000e   Code   RO         3441    i.osRtxThreadListRoot  rtx_thread.o
    0x0800f3fe   0x00000028   Code   RO         3442    i.osRtxThreadListSort  rtx_thread.o
    0x0800f426   0x00000040   Code   RO         3444    i.osRtxThreadPostProcess  rtx_thread.o
    0x0800f466   0x00000002   PAD
    0x0800f468   0x00000018   Code   RO         3445    i.osRtxThreadReadyPut  rtx_thread.o
    0x0800f480   0x00000018   Code   RO         3446    i.osRtxThreadRegPtr  rtx_thread.o
    0x0800f498   0x0000000c   Code   RO         3447    i.osRtxThreadSetRunning  rtx_thread.o
    0x0800f4a4   0x0000002c   Code   RO         3448    i.osRtxThreadStackCheck  rtx_thread.o
    0x0800f4d0   0x0000001c   Code   RO         3449    i.osRtxThreadSwitch  rtx_thread.o
    0x0800f4ec   0x00000058   Code   RO         3450    i.osRtxThreadWaitEnter  rtx_thread.o
    0x0800f544   0x00000036   Code   RO         3451    i.osRtxThreadWaitExit  rtx_thread.o
    0x0800f57a   0x00000002   PAD
    0x0800f57c   0x00000098   Code   RO         3334    i.osRtxTick_Handler  rtx_system.o
    0x0800f614   0x00000030   Code   RO         3865    i.osRtxTimerThread  rtx_timer.o
    0x0800f644   0x0000005c   Code   RO         3866    i.osRtxTimerTick    rtx_timer.o
    0x0800f6a0   0x00000020   Code   RO         3454    i.osThreadExit      rtx_thread.o
    0x0800f6c0   0x00000030   Code   RO         3460    i.osThreadGetId     rtx_thread.o
    0x0800f6f0   0x00000080   Code   RO         3467    i.osThreadNew       rtx_thread.o
    0x0800f770   0x0000001c   Code   RO          985    i.osTimerCreate     cmsis_os1.o
    0x0800f78c   0x00000088   Code   RO         3870    i.osTimerNew        rtx_timer.o
    0x0800f814   0x00000044   Code   RO         3871    i.osTimerStart      rtx_timer.o
    0x0800f858   0x00000024   Code   RO         2608    i.os_kernel_is_active  rtx_lib.o
    0x0800f87c   0x00000016   Code   RO         1121    i.svcRtxDelay       rtx_delay.o
    0x0800f892   0x00000002   PAD
    0x0800f894   0x00000058   Code   RO         1122    i.svcRtxDelayUntil  rtx_delay.o
    0x0800f8ec   0x00000014   Code   RO         2388    i.svcRtxKernelGetState  rtx_kernel.o
    0x0800f900   0x0000001c   Code   RO         2391    i.svcRtxKernelGetTickCount  rtx_kernel.o
    0x0800f91c   0x000002a4   Code   RO         2393    i.svcRtxKernelInitialize  rtx_kernel.o
    0x0800fbc0   0x000000c0   Code   RO         2397    i.svcRtxKernelStart  rtx_kernel.o
    0x0800fc80   0x00000130   Code   RO         2911    i.svcRtxMessageQueueGet  rtx_msgqueue.o
    0x0800fdb0   0x000001a4   Code   RO         2917    i.svcRtxMessageQueueNew  rtx_msgqueue.o
    0x0800ff54   0x00000118   Code   RO         2918    i.svcRtxMessageQueuePut  rtx_msgqueue.o
    0x0801006c   0x00000100   Code   RO         3092    i.svcRtxMutexAcquire  rtx_mutex.o
    0x0801016c   0x000000f4   Code   RO         3093    i.svcRtxMutexDelete  rtx_mutex.o
    0x08010260   0x000000b0   Code   RO         3096    i.svcRtxMutexNew    rtx_mutex.o
    0x08010310   0x00000114   Code   RO         3097    i.svcRtxMutexRelease  rtx_mutex.o
    0x08010424   0x00000088   Code   RO         3475    i.svcRtxThreadExit  rtx_thread.o
    0x080104ac   0x00000012   Code   RO         3481    i.svcRtxThreadGetId  rtx_thread.o
    0x080104be   0x00000002   PAD
    0x080104c0   0x0000026c   Code   RO         3488    i.svcRtxThreadNew   rtx_thread.o
    0x0801072c   0x00000130   Code   RO         3876    i.svcRtxTimerNew    rtx_timer.o
    0x0801085c   0x00000066   Code   RO         3877    i.svcRtxTimerStart  rtx_timer.o
    0x080108c2   0x00000002   PAD
    0x080108c4   0x00000062   Code   RO         9309    x$fpl$d2f           fz_wm.l(d2f.o)
    0x08010926   0x00000002   PAD
    0x08010928   0x00000150   Code   RO         9328    x$fpl$dadd          fz_wm.l(daddsub_clz.o)
    0x08010a78   0x00000018   Code   RO         9370    x$fpl$dcmpinf       fz_wm.l(dcmpi.o)
    0x08010a90   0x00000078   Code   RO         9360    x$fpl$dleqf         fz_wm.l(dleqf.o)
    0x08010b08   0x0000009c   Code   RO         9334    x$fpl$dnaninf       fz_wm.l(dnaninf.o)
    0x08010ba4   0x0000000c   Code   RO         9336    x$fpl$dretinf       fz_wm.l(dretinf.o)
    0x08010bb0   0x0000006c   Code   RO         9338    x$fpl$drleqf        fz_wm.l(drleqf.o)
    0x08010c1c   0x00000016   Code   RO         9329    x$fpl$drsb          fz_wm.l(daddsub_clz.o)
    0x08010c32   0x00000002   PAD
    0x08010c34   0x000001d4   Code   RO         9330    x$fpl$dsub          fz_wm.l(daddsub_clz.o)
    0x08010e08   0x00000056   Code   RO         9311    x$fpl$f2d           fz_wm.l(f2d.o)
    0x08010e5e   0x0000008c   Code   RO         9340    x$fpl$fnaninf       fz_wm.l(fnaninf.o)
    0x08010eea   0x0000000a   Code   RO         9431    x$fpl$fpinit        fz_wm.l(fpinit.o)
    0x08010ef4   0x0000000a   Code   RO         9342    x$fpl$fretinf       fz_wm.l(fretinf.o)
    0x08010efe   0x00000000   Code   RO         9344    x$fpl$usenofp       fz_wm.l(usenofp.o)
    0x08010efe   0x00000007   Data   RO          428    .constdata          stm32f429i_discovery.o
    0x08010f05   0x00000003   PAD
    0x08010f08   0x00000060   Data   RO          807    .constdata          tetris.o
    0x08010f68   0x00000001   Data   RO         1110    .constdata          irq_cm4f.o
    0x08010f69   0x00000003   PAD
    0x08010f6c   0x00000064   Data   RO         2614    .constdata          rtx_lib.o
    0x08010fd0   0x00000090   Data   RO         4049    .constdata          spi_stm32f4xx.o
    0x08011060   0x00000010   Data   RO         5805    .constdata          stm32f4xx_hal_rcc.o
    0x08011070   0x00000024   Data   RO         6391    .constdata          gui_x_rte.o
    0x08011094   0x00000008   Data   RO         6541    .constdata          lcdconf.o
    0x0801109c   0x00000018   Data   RO         6783    .constdata          GUI_CM4F_L.lib(guicc_1616i.o)
    0x080110b4   0x00000018   Data   RO         6798    .constdata          GUI_CM4F_L.lib(guicc_8666.o)
    0x080110cc   0x00000018   Data   RO         6814    .constdata          GUI_CM4F_L.lib(guicc_88666i.o)
    0x080110e4   0x00000018   Data   RO         6832    .constdata          GUI_CM4F_L.lib(guicc_m1555i.o)
    0x080110fc   0x00000018   Data   RO         6852    .constdata          GUI_CM4F_L.lib(guicc_m4444i.o)
    0x08011114   0x00000018   Data   RO         6871    .constdata          GUI_CM4F_L.lib(guicc_m8888i.o)
    0x0801112c   0x00000008   Data   RO         7021    .constdata          GUI_CM4F_L.lib(gui_core.o)
    0x08011134   0x00000018   Data   RO         7256    .constdata          GUI_CM4F_L.lib(guicc_m565.o)
    0x0801114c   0x00000018   Data   RO         7275    .constdata          GUI_CM4F_L.lib(guicc_m888.o)
    0x08011164   0x0000000c   Data   RO         7306    .constdata          GUI_CM4F_L.lib(lcd.o)
    0x08011170   0x00000034   Data   RO         7537    .constdata          GUI_CM4F_L.lib(guidrv_lin_16.o)
    0x080111a4   0x00000518   Data   RO         7579    .constdata          GUI_CM4F_L.lib(f6x8.o)
    0x080116bc   0x000001c0   Data   RO         7580    .constdata          GUI_CM4F_L.lib(f6x8.o)
    0x0801187c   0x00000008   Data   RO         7581    .constdata          GUI_CM4F_L.lib(f6x8.o)
    0x08011884   0x00000014   Data   RO         7582    .constdata          GUI_CM4F_L.lib(f6x8.o)
    0x08011898   0x00000024   Data   RO         7583    .constdata          GUI_CM4F_L.lib(f6x8.o)
    0x080118bc   0x00000018   Data   RO         7594    .constdata          GUI_CM4F_L.lib(guicc_16.o)
    0x080118d4   0x00000010   Data   RO         7604    .constdata          GUI_CM4F_L.lib(gui__divtbl_15_255.o)
    0x080118e4   0x00000100   Data   RO         7611    .constdata          GUI_CM4F_L.lib(gui__divtbl_255_15.o)
    0x080119e4   0x00000100   Data   RO         7618    .constdata          GUI_CM4F_L.lib(gui__divtbl_255_31.o)
    0x08011ae4   0x00000100   Data   RO         7625    .constdata          GUI_CM4F_L.lib(gui__divtbl_255_63.o)
    0x08011be4   0x00000020   Data   RO         7632    .constdata          GUI_CM4F_L.lib(gui__divtbl_31_255.o)
    0x08011c04   0x00000040   Data   RO         7639    .constdata          GUI_CM4F_L.lib(gui__divtbl_63_255.o)
    0x08011c44   0x00000028   Data   RO         7667    .constdata          GUI_CM4F_L.lib(gui_adddecshift.o)
    0x08011c6c   0x00000010   Data   RO         7794    .constdata          GUI_CM4F_L.lib(gui_uc_encodenone.o)
    0x08011c7c   0x00000018   Data   RO         7831    .constdata          GUI_CM4F_L.lib(guicc_0.o)
    0x08011c94   0x00000100   Data   RO         7893    .constdata          GUI_CM4F_L.lib(lcd_mirror.o)
    0x08011d94   0x00000074   Data   RO         7932    .constdata          GUI_CM4F_L.lib(guidev_16.o)
    0x08011e08   0x00000008   Data   RO         8362    .constdata          GUI_CM4F_L.lib(guidev_writetoactiveopaque.o)
    0x08011e10   0x00000018   Data   RO         8754    .constdata          GUI_CM4F_L.lib(guicc_8888.o)
    0x08011e28   0x00000074   Data   RO         8782    .constdata          GUI_CM4F_L.lib(guidev_32.o)
    0x08011e9c   0x00000018   Data   RO         8880    .constdata          GUI_CM4F_L.lib(guidev_usagebm.o)
    0x08011eb4   0x0000000b   Data   RO         2400    .conststrlit        rtx_kernel.o
    0x08011ebf   0x00000001   PAD
    0x08011ec0   0x00000068   Data   RO         2616    .rodata             rtx_lib.o
    0x08011f28   0x00000020   Data   RO         9499    Region$$Table       anon$$obj.o


    Execution Region RW_IRAM1 (Base: 0x20000000, Size: 0x0000a610, Max: 0x00030000, ABSOLUTE, COMPRESSED[0x000000ec])

    Base Addr    Size         Type   Attr      Idx    E Section Name        Object

    0x20000000   0x00002230   Data   RW         2609    .bss.os             rtx_lib.o
    0x20002230   0x00000034   Data   RW         2610    .bss.os.msgqueue.cb  rtx_lib.o
    0x20002264   0x00000050   Data   RW         2611    .bss.os.msgqueue.mem  rtx_lib.o
    0x200022b4   0x0000001c   Data   RW         6389    .bss.os.mutex.cb    gui_x_rte.o
    0x200022d0   0x00000088   Data   RW         2612    .bss.os.thread.cb   rtx_lib.o
    0x20002358   0x00000190   Data   RW         2613    .bss.os.thread.stack  rtx_lib.o
    0x200024e8   0x00000020   Data   RW         6390    .bss.os.timer.cb    gui_x_rte.o
    0x20002508   0x0000002c   Data   RW          324    .data               l3gd20.o
    0x20002534   0x00000014   Data   RW          429    .data               stm32f429i_discovery.o
    0x20002548   0x00000004   Data   RW          628    .data               stm32f429i_discovery_gyroscope.o
    0x2000254c   0x00000010   Data   RW          808    .data               tetris.o
    0x2000255c   0x00000005   Data   RW         2615    .data               rtx_lib.o
    0x20002561   0x00000003   PAD
    0x20002564   0x00000004   Data   RW         4205    .data               stm32f4xx_hal.o
    0x20002568   0x00000004   Data   RW         6338    .data               system_stm32f4xx.o
    0x2000256c   0x00000010   Data   RW         6392    .data               gui_x_rte.o
    0x2000257c   0x00000020   Data   RW         6542    .data               lcdconf.o
    0x2000259c   0x00000008   Data   RW         6833    .data               GUI_CM4F_L.lib(guicc_m1555i.o)
    0x200025a4   0x00000008   Data   RW         6853    .data               GUI_CM4F_L.lib(guicc_m4444i.o)
    0x200025ac   0x00000008   Data   RW         6872    .data               GUI_CM4F_L.lib(guicc_m8888i.o)
    0x200025b4   0x00000030   Data   RW         6895    .data               GUI_CM4F_L.lib(gui__alpha.o)
    0x200025e4   0x00000034   Data   RW         7022    .data               GUI_CM4F_L.lib(gui_core.o)
    0x20002618   0x00000004   Data   RW         7023    .data               GUI_CM4F_L.lib(gui_core.o)
    0x2000261c   0x00000004   Data   RW         7025    .data               GUI_CM4F_L.lib(gui_core.o)
    0x20002620   0x00000004   Data   RW         7026    .data               GUI_CM4F_L.lib(gui_core.o)
    0x20002624   0x00000004   Data   RW         7027    .data               GUI_CM4F_L.lib(gui_core.o)
    0x20002628   0x00000004   Data   RW         7028    .data               GUI_CM4F_L.lib(gui_core.o)
    0x2000262c   0x00000002   Data   RW         7029    .data               GUI_CM4F_L.lib(gui_core.o)
    0x2000262e   0x00000001   Data   RW         7030    .data               GUI_CM4F_L.lib(gui_core.o)
    0x2000262f   0x00000001   PAD
    0x20002630   0x00000004   Data   RW         7031    .data               GUI_CM4F_L.lib(gui_core.o)
    0x20002634   0x00000002   Data   RW         7032    .data               GUI_CM4F_L.lib(gui_core.o)
    0x20002636   0x00000002   Data   RW         7033    .data               GUI_CM4F_L.lib(gui_core.o)
    0x20002638   0x00000030   Data   RW         7159    .data               GUI_CM4F_L.lib(gui_multibuf.o)
    0x20002668   0x00000008   Data   RW         7257    .data               GUI_CM4F_L.lib(guicc_m565.o)
    0x20002670   0x00000008   Data   RW         7276    .data               GUI_CM4F_L.lib(guicc_m888.o)
    0x20002678   0x00000004   Data   RW         7307    .data               GUI_CM4F_L.lib(lcd.o)
    0x2000267c   0x00000010   Data   RW         7339    .data               GUI_CM4F_L.lib(lcd_color.o)
    0x2000268c   0x00000008   Data   RW         7395    .data               GUI_CM4F_L.lib(lcd_getex.o)
    0x20002694   0x00000004   Data   RW         7701    .data               GUI_CM4F_L.lib(gui_charline.o)
    0x20002698   0x0000001c   Data   RW         7753    .data               GUI_CM4F_L.lib(gui_task.o)
    0x200026b4   0x00000064   Data   RW         8014    .data               GUI_CM4F_L.lib(wm.o)
    0x20002718   0x00000018   Data   RW         8109    .data               GUI_CM4F_L.lib(gui__managecache.o)
    0x20002730   0x00000010   Data   RW         8189    .data               GUI_CM4F_L.lib(gui_onkey.o)
    0x20002740   0x0000000c   Data   RW         8240    .data               GUI_CM4F_L.lib(gui_waitevent.o)
    0x2000274c   0x00000004   Data   RW         8306    .data               GUI_CM4F_L.lib(guidev_banding.o)
    0x20002750   0x00000001   Data   RW         8327    .data               GUI_CM4F_L.lib(guidev_staticdevices.o)
    0x20002751   0x00000003   PAD
    0x20002754   0x00000004   Data   RW         8375    .data               GUI_CM4F_L.lib(wm__sendmessage.o)
    0x20002758   0x00000014   Data   RW         8725    .data               GUI_CM4F_L.lib(gui_timer.o)
    0x2000276c   0x00000018   Data   RW         9171    .data               GUI_CM4F_L.lib(lcd_aa.o)
    0x20002784   0x00000004   PAD
    0x20002788   0x000000a8   Data   RW         2402    .data.os            rtx_kernel.o
    0x20002830   0x000000ac   Zero   RW          427    .bss                stm32f429i_discovery.o
    0x200028dc   0x000002d0   Zero   RW          806    .bss                tetris.o
    0x20002bac   0x00000028   Zero   RW         4048    .bss                spi_stm32f4xx.o
    0x20002bd4   0x00004000   Zero   RW         6476    .bss                guiconf.o
    0x20006bd4   0x000031e8   Zero   RW         6540    .bss                lcdconf.o
    0x20009dbc   0x000000cc   Zero   RW         6964    .bss                GUI_CM4F_L.lib(gui_alloc.o)
    0x20009e88   0x00000070   Zero   RW         7020    .bss                GUI_CM4F_L.lib(gui_core.o)
    0x20009ef8   0x00000018   Zero   RW         8012    .bss                GUI_CM4F_L.lib(wm.o)
    0x20009f10   0x00000058   Zero   RW         8188    .bss                GUI_CM4F_L.lib(gui_onkey.o)
    0x20009f68   0x00000048   Zero   RW         8472    .bss                GUI_CM4F_L.lib(wm_touch.o)
    0x20009fb0   0x00000060   Zero   RW         9373    .bss                c_w.l(libspace.o)
    0x2000a010   0x00000200   Zero   RW         6325    HEAP                startup_stm32f429xx.o
    0x2000a210   0x00000400   Zero   RW         6324    STACK               startup_stm32f429xx.o



  Load Region LR$$.ARM.__AT_0xD0000000 (Base: 0xd0000000, Size: 0x00000000, Max: 0x00025800, ABSOLUTE)

    Execution Region ER$$.ARM.__AT_0xD0000000 (Base: 0xd0000000, Size: 0x00025800, Max: 0x00025800, ABSOLUTE, UNINIT)

    Base Addr    Size         Type   Attr      Idx    E Section Name        Object

    0xd0000000   0x00025800   Zero   RW         6539    .ARM.__AT_0xD0000000  lcdconf.o


==============================================================================

Image component sizes


      Code (inc. data)   RO Data    RW Data    ZI Data      Debug   Object Name

       160          8          0          0          0       1023   button_thread.o
        46          0          0          0          0      14264   cmsis_os1.o
        42          0          0          0          0       1305   game_thread.o
       154         36         36         76          0       6021   gui_x_rte.o
        28          8          0          0      16384        519   guiconf.o
        44          0          0          0          0       4205   gyro_thread.o
       184         12          1          0          0        608   irq_cm4f.o
       668         16          0         44          0       6544   l3gd20.o
       572         50          0          0          0       9305   lcd_x.o
      4472        514          8         32     166376      38907   lcdconf.o
       216         20          0          0          0     779840   main.o
        36          6          0          0          0       1037   rtx_config.o
       254         16          0          0          0      19210   rtx_delay.o
         0          0          0          0          0       5844   rtx_evflags.o
       124          0          0          0          0      43178   rtx_evr.o
      1282         62         11        168          0      25765   rtx_kernel.o
       128          4        204       9425          0      11652   rtx_lib.o
       346          0          0          0          0       3251   rtx_memory.o
       556          0          0          0          0       3987   rtx_mempool.o
      2270         30          0          0          0      19899   rtx_msgqueue.o
      1358         40          0          0          0      10151   rtx_mutex.o
       832         46          0          0          0      12338   rtx_system.o
      2634        110          0          0          0      25698   rtx_thread.o
       904         52          0          0          0       9180   rtx_timer.o
      4054        182        144          0         40      51520   spi_stm32f4xx.o
        64         26        428          0       1536        852   startup_stm32f429xx.o
       744         92          7         20        172      11232   stm32f429i_discovery.o
       208         12          0          4          0       1818   stm32f429i_discovery_gyroscope.o
       114         16          0          4          0       4059   stm32f4xx_hal.o
       372         28          0          0          0      35073   stm32f4xx_hal_cortex.o
       170          0          0          0          0       1436   stm32f4xx_hal_dma.o
       960        102          0          0          0       4898   stm32f4xx_hal_gpio.o
      2178         12          0          0          0      14300   stm32f4xx_hal_ltdc.o
      1800         72         16          0          0       5456   stm32f4xx_hal_rcc.o
       880         24          0          0          0       1688   stm32f4xx_hal_rcc_ex.o
      1152          0          0          0          0       7283   stm32f4xx_hal_spi.o
       684         84          0          4          0       2137   system_stm32f4xx.o
      1022         96         96         16        720       7987   tetris.o

    ----------------------------------------------------------------------
     31744       1776        990       9796     185228    1203470   Object Totals
         0          0         32          0          0          0   (incl. Generated)
        32          0          7          3          0          0   (incl. Padding)

    ----------------------------------------------------------------------

      Code (inc. data)   RO Data    RW Data    ZI Data      Debug   Library Member Name

         0          0       1816          0          0          0   f6x8.o
       128          4          0          0          0        132   gui_2dlib.o
       898         56          0         48          0       1148   gui__alpha.o
       664          0          0          0          0        384   gui__compactpixelindices.o
         0          0         16          0          0          0   gui__divtbl_15_255.o
         0          0        256          0          0          0   gui__divtbl_255_15.o
         0          0        256          0          0          0   gui__divtbl_255_31.o
         0          0        256          0          0          0   gui__divtbl_255_63.o
         0          0         32          0          0          0   gui__divtbl_31_255.o
         0          0         64          0          0          0   gui__divtbl_63_255.o
       322          0          0          0          0        156   gui__expandpixelindices.o
        58          0          0          0          0        116   gui__intersectrect.o
        82          0          0          0          0        128   gui__intersectrects.o
       228          8          0         24          0        252   gui__managecache.o
        76          0          0          0          0        124   gui__memset.o
        60          0          0          0          0        124   gui__memset16.o
       220         16         40          0          0        380   gui_adddecshift.o
      1774        102          0          0        204       2864   gui_alloc.o
        46          0          0          0          0        128   gui_alloc_alloczero.o
        60          0          0          0          0        124   gui_calccolordist.o
       164         20          0          0          0        500   gui_char.o
       458         36          0          4          0        760   gui_charline.o
       394         12          0          0          0        492   gui_charm.o
       480         66          8         83        112       1120   gui_core.o
       370         22          0          0          0        984   gui_device.o
       264          4          0          0          0        136   gui_dispstring.o
        68          8          0          0          0        248   gui_exec.o
        88          4          0          0          0        132   gui_fillrect.o
        48          0          0          0          0        248   gui_getcolor.o
        24          4          0          0          0        124   gui_getdrawmode.o
        54         10          0          0          0        252   gui_getorg.o
        66         12          0          0          0        360   gui_goto.o
        88          0          0          0          0        124   gui_mergerect.o
        30          0          0          0          0        116   gui_moverect.o
        44          6          0         48          0        116   gui_multibuf.o
       102         12          0         16         88        476   gui_onkey.o
        28          4          0          0          0        128   gui_pen.o
        56          0          0          0          0        116   gui_rectsintersect.o
        32         10          0          0          0        232   gui_savecontext.o
        96         10          0          0          0        256   gui_selectlayer.o
        26          0          0          0          0        128   gui_selectlcd.o
        36          4          0          0          0        124   gui_setalpha.o
        44          0          0          0          0        256   gui_setcolor.o
        64          6          0          0          0        128   gui_setdefault.o
        24          0          0          0          0        124   gui_setdrawmode.o
        32          6          0          0          0        128   gui_setfont.o
        28          4          0          0          0        128   gui_setlinestyle.o
        64         16          0          0          0        136   gui_setorg.o
        32          6          0          0          0        128   gui_settextalign.o
        32          6          0          0          0        128   gui_settextmode.o
       376         42          0         28          0        764   gui_task.o
       104          6          0          0          0        132   gui_time.o
       354         14          0         20          0        772   gui_timer.o
        84         10          0          0          0        264   gui_uc.o
        18          0         16          0          0        464   gui_uc_encodenone.o
        62          0          0          0          0        252   gui_val.o
       214          4          0          0          0        412   gui_valf.o
        16          4          0         12          0        116   gui_waitevent.o
       198          0         24          0          0        388   guicc_0.o
       172          0         24          0          0        376   guicc_16.o
       228         36         24          0          0        636   guicc_1616i.o
       190          0         24          0          0        356   guicc_8666.o
       194         18         24          0          0        636   guicc_88666i.o
        36          0         24          0          0        480   guicc_8888.o
         2          0          0          0          0        116   guicc_8888_index2color.o
         2          0          0          0          0        116   guicc_888_index2color.o
       290         32         24          8          0        768   guicc_m1555i.o
       312         22         24          8          0        768   guicc_m4444i.o
       258         46         24          8          0        652   guicc_m565.o
       142         16         24          8          0        636   guicc_m888.o
       184         12         24          8          0        644   guicc_m8888i.o
        30          0          0          0          0        124   guicc_m8888i_index2color.o
        20          0          0          0          0        116   guicc_m888_index2color.o
       806         40          0          0          0       1064   guidev.o
      2286         60        116          0          0       2104   guidev_16.o
      2374         62        116          0          0       2256   guidev_32.o
       352         12          0          4          0        264   guidev_banding.o
        68          4          0          0          0        124   guidev_clear.o
        40          0          0          0          0        128   guidev_getdataptr.o
        52          6          0          0          0        128   guidev_getysize.o
        56          4          0          0          0        128   guidev_reduceysize.o
       100          4          0          0          0        128   guidev_setorg.o
       358         20          0          1          0        284   guidev_staticdevices.o
        84          0          0          0          0        260   guidev_usage.o
       424          4         24          0          0        748   guidev_usagebm.o
       116          4          0          0          0        244   guidev_write.o
       416         22          0          0          0        272   guidev_writetoactivealpha.o
      1854         18          8          0          0        732   guidev_writetoactiveopaque.o
      3260        182         52          0          0       4480   guidrv_lin_16.o
      1730        118         12          4          0       2300   lcd.o
       116         16          0         24          0        244   lcd_aa.o
       276         30          0         16          0        748   lcd_color.o
        32         12          0          0          0        232   lcd_getcolorindex.o
       474         54          0          8          0       3296   lcd_getex.o
        26          0          0          0          0        128   lcd_getnumdisplays.o
         0          0        256          0          0          0   lcd_mirror.o
       504         18          0          0          0        280   lcd_readrect.o
        64          8          0          0          0        128   lcd_selectlcd.o
       260          0          0          0          0        788   lcd_set.o
        48         10          0          0          0        128   lcd_setcliprectex.o
        36          4          0          0          0        128   lcd_updatecolorindices.o
      4766        246          0        100         24       6584   wm.o
        18          0          0          0          0        124   wm__getfirstsibling.o
        36          0          0          0          0        128   wm__getprevsibling.o
        60          6          0          4          0        136   wm__sendmessage.o
        38          0          0          0          0        128   wm__sendmessagenopara.o
       220          0          0          0          0        144   wm__updatechildpositions.o
       136          0          0          0          0        140   wm_bringtobottom.o
        16          6          0          0          0        116   wm_criticalhandle.o
        32          0          0          0          0        128   wm_getclientrect.o
        24         10          0          0          0        116   wm_getdesktopwindow.o
        26          0          0          0          0        124   wm_getfirstchild.o
        32          0          0          0          0        128   wm_getorg.o
        26          0          0          0          0        124   wm_getparent.o
       294          0          0          0          0        416   wm_move.o
        16          0          0          0          0        124   wm_notifyparent.o
        64          8          0          0          0        136   wm_onkey.o
       244          0          0          0          0        136   wm_resizewindow.o
        26          0          0          0          0        136   wm_sendmessagenopara.o
        38          0          0          0          0        140   wm_sendtoparent.o
        72          0          0          0          0        132   wm_setsize.o
       124          0          0          0          0        260   wm_timer.o
         0          0          0          0         72          0   wm_touch.o
        90          0          0          0          0          0   __dczerorl2.o
         8          0          0          0          0         68   __main.o
         0          0          0          0          0          0   __rtentry.o
        20          0          0          0          0          0   __rtentry2.o
         6          0          0          0          0          0   __rtentry4.o
        52          8          0          0          0          0   __scatter.o
        28          0          0          0          0          0   __scatter_zi.o
        16          0          0          0          0         68   aeabi_memset.o
        18          0          0          0          0         80   exit.o
         6          0          0          0          0        152   heapauxi.o
         0          0          0          0          0          0   indicate_semi.o
         2          0          0          0          0          0   libinit.o
         6          0          0          0          0          0   libinit2.o
         2          0          0          0          0          0   libshutdown.o
         2          0          0          0          0          0   libshutdown2.o
         8          4          0          0         96         68   libspace.o
        68          0          0          0          0         68   rt_memclr.o
        78          0          0          0          0         80   rt_memclr_w.o
       138          0          0          0          0         68   rt_memcpy_v6.o
       100          0          0          0          0         80   rt_memcpy_w.o
       132          0          0          0          0         68   rt_memmove_v6.o
       122          0          0          0          0         80   rt_memmove_w.o
         2          0          0          0          0          0   rtexit.o
        10          0          0          0          0          0   rtexit2.o
        12          4          0          0          0         68   sys_exit.o
        74          0          0          0          0         80   sys_stackheap_outer.o
         2          0          0          0          0         68   use_no_semi.o
        98          4          0          0          0        140   d2f.o
       826         16          0          0          0        492   daddsub_clz.o
        24          0          0          0          0        116   dcmpi.o
       120          4          0          0          0        140   dleqf.o
       156          4          0          0          0        140   dnaninf.o
        12          0          0          0          0        116   dretinf.o
       108          0          0          0          0        128   drleqf.o
        86          4          0          0          0        132   f2d.o
       140          4          0          0          0        132   fnaninf.o
        10          0          0          0          0        116   fpinit.o
        10          0          0          0          0        116   fretinf.o
         0          0          0          0          0          0   usenofp.o
       280         28          0          0          0        156   ceil.o
       280         28          0          0          0        156   floor.o

    ----------------------------------------------------------------------
     37202       1832       3608        492        596      58896   Library Totals
        92          0          0          8          0          0   (incl. Padding)

    ----------------------------------------------------------------------

      Code (inc. data)   RO Data    RW Data    ZI Data      Debug   Library Name

     33958       1724       3608        484        500      55720   GUI_CM4F_L.lib
      1002         16          0          0         96       1096   c_w.l
      1590         36          0          0          0       1768   fz_wm.l
       560         56          0          0          0        312   m_wm.l

    ----------------------------------------------------------------------
     37202       1832       3608        492        596      58896   Library Totals

    ----------------------------------------------------------------------

==============================================================================


      Code (inc. data)   RO Data    RW Data    ZI Data      Debug   

     68946       3608       4598      10288     185824    1182346   Grand Totals
     68946       3608       4598        236     185824    1182346   ELF Image Totals (compressed)
     68946       3608       4598        236          0          0   ROM Totals

==============================================================================

    Total RO  Size (Code + RO Data)                73544 (  71.82kB)
    Total RW  Size (RW Data + ZI Data)            196112 ( 191.52kB)
    Total ROM Size (Code + RO Data + RW Data)      73780 (  72.05kB)

==============================================================================

